******************************************************************************
            TI ARM Clang Linker Unix v3.2.2                    
******************************************************************************
>> Linked Tue Apr 29 01:17:02 2025

OUTPUT FILE NAME:   <ipc_rpmsg_echo_linux.release.out>
ENTRY POINT SYMBOL: "_vectors"  address: 00000000


MEMORY CONFIGURATION

         name            origin    length      used     unused   attr    fill
----------------------  --------  ---------  --------  --------  ----  --------
  R5F_VECS              00000000   00000040  00000040  00000000  RWIX
  R5F_TCMA              00000040   00007fc0  00001310  00006cb0  RWIX
  R5F_TCMB0             41010000   00004000  00000000  00004000  RWIX
  DDR_IPC_VRING_LINUX   a1000000   00100000  00000000  00100000  RWIX
  DDR_IPC_RESOURCE_TABL a1100000   00000400  00000400  00000000  RWIX
  DDR_IPC_TRACE_LINUX   a1100400   000ffc00  00001000  000fec00  RWIX
  DDR_CODE_DATA         a1200000   00e00000  0002d678  00dd2988  RWIX
  DDR_IPC_VRING_RTOS    a5000000   01c00000  00000000  01c00000  RWIX


SEGMENT ALLOCATION MAP

run origin  load origin   length   init length attrs members
----------  ----------- ---------- ----------- ----- -------
00000000    00000000    00001350   00001350    r-x
  00000000    00000000    00000040   00000040    r-x .vectors
  00000040    00000040    00000940   00000940    r-x .text.hwi
  00000980    00000980    00000548   00000548    r-x .text.cache
  00000ec8    00000ec8    00000338   00000338    r-x .text.mpu
  00001200    00001200    00000148   00000148    r-x .text.boot
  00001348    00001348    00000008   00000008    r-x .text:abort
a1100000    a1100000    00000400   00000400    r--
  a1100000    a1100000    00000400   00000400    r-- .resource_table
a1100400    a1100400    00001000   00000000    rw-
  a1100400    a1100400    00001000   00000000    rw- .bss.debug_mem_trace_buf
a1200000    a1200000    0001bd80   00000000    rw-
  a1200000    a1200000    0000fd80   00000000    rw- .bss
  a120fd80    a120fd80    00008000   00000000    rw- .sysmem
  a1217d80    a1217d80    00004000   00000000    rw- .stack
a121bd80    a121bd80    0000fd38   0000fd38    r-x
  a121bd80    a121bd80    0000dac0   0000dac0    r-x .text
  a1229840    a1229840    00002278   00002278    r-- .rodata
a122bab8    a122bab8    000007c0   000007c0    rw-
  a122bab8    a122bab8    000007c0   000007c0    rw- .data
a122c278    a122c278    00001400   00000000    r--
  a122c278    a122c278    00001000   00000000    r-- .irqstack
  a122d278    a122d278    00000100   00000000    r-- .fiqstack
  a122d378    a122d378    00000100   00000000    r-- .svcstack
  a122d478    a122d478    00000100   00000000    r-- .abortstack
  a122d578    a122d578    00000100   00000000    r-- .undefinedstack


SECTION ALLOCATION MAP

 output                                  attributes/
section   page    origin      length       input sections
--------  ----  ----------  ----------   ----------------
.vectors   0    00000000    00000040     
                  00000000    00000040     freertos.j722s.r5f.ti-arm-clang.release.lib : HwiP_armv7r_vectors_freertos_asm.obj (.vectors)

.text.hwi 
*          0    00000040    00000940     
                  00000040    00000408     freertos.j722s.r5f.ti-arm-clang.release.lib : HwiP_armv7r_vim.obj (.text.hwi)
                  00000448    000002e4                                                 : portASM.obj (.text.hwi)
                  0000072c    000001d2                                                 : HwiP_armv7r_handlers_freertos.obj (.text.hwi)
                  000008fe    00000002     --HOLE-- [fill = 0]
                  00000900    00000070                                                 : HwiP_armv7r_asm.obj (.text.hwi)
                  00000970    00000008                                                 : port.obj (.tramp.vPortDumpExceptionState.1)
                  00000978    00000008                                                 : HwiP_armv7r_asm.obj (.tramp.HwiP_enableFIQ.1)

.text.cache 
*          0    00000980    00000548     
                  00000980    00000458     freertos.j722s.r5f.ti-arm-clang.release.lib : CacheP_armv7r_asm.obj (.text.cache)
                  00000dd8    000000d8                                                 : CacheP_armv7r.obj (.text.cache)
                  00000eb0    00000008                                                 : CacheP_armv7r_asm.obj (.tramp.CacheP_invL1d.1)
                  00000eb8    00000008                                                 : CacheP_armv7r_asm.obj (.tramp.CacheP_enableL1p.1)
                  00000ec0    00000008                                                 : HwiP_armv7r_asm.obj (.tramp.HwiP_restore.1)

.text.mpu 
*          0    00000ec8    00000338     
                  00000ec8    000001b8     freertos.j722s.r5f.ti-arm-clang.release.lib : MpuP_armv7r.obj (.text.mpu)
                  00001080    00000164                                                 : MpuP_armv7r_asm.obj (.text.mpu)
                  000011e4    00000008                                                 : MpuP_armv7r_asm.obj (.tramp.MpuP_setRegionAsm.1)
                  000011ec    00000008                                                 : HwiP_armv7r_asm.obj (.tramp.HwiP_restore.2)
                  000011f4    00000008                                                 : MpuP_armv7r_asm.obj (.tramp.MpuP_isEnableAsm.1)
                  000011fc    00000004     --HOLE-- [fill = 0]

.text.boot 
*          0    00001200    00000148     
                  00001200    000000fc     freertos.j722s.r5f.ti-arm-clang.release.lib : boot_armv7r_asm.obj (.text.boot)
                  000012fc    0000001e                                                 : DebugP_log.obj (.text.boot)
                  0000131a    0000000e     ti_dpl_config.obj (.text.boot)
                  00001328    0000000c     main.obj (.tramp.main.1)
                  00001334    00000008     libc.a : autoinit.c.obj (.tramp.__TI_auto_init_nobinit_nopinit.1)
                  0000133c    0000000c     freertos.j722s.r5f.ti-arm-clang.release.lib : boot_armv7r.obj (.tramp._system_pre_init.1)

.text:abort 
*          0    00001348    00000008     
                  00001348    00000008     libc.a : exit.c.obj (.text:abort)

.bss       0    a1200000    0000fd80     UNINITIALIZED
                  a1200000    00005a30     (.common:gIpcRpmsgCtrl)
                  a1205a30    00000008     freertos.j722s.r5f.ti-arm-clang.release.lib : heap_4.obj (.bss.xStart)
                  a1205a38    00000004                                                 : DebugP_log.obj (.bss.Osal_exptnLogFxn)
                  a1205a3c    00000004                                                 : HwiP_armv7r_handlers_freertos.obj (.bss.gdummy)
                  a1205a40    00004000     (.common:gMainTaskStack)
                  a1209a40    00002000     (.common:ebimuRecvStack)
                  a120ba40    00001008     (.common:gHwiCtrl)
                  a120ca48    00001000                                                 : port.obj (.bss.uxIdleTaskStack)
                  a120da48    000009ec     (.common:gUdmaDrvObj)
                  a120e434    00000400                                                 : port.obj (.bss.uxTimerTaskStack)
                  a120e834    000002c8     ti_drivers_config.obj (.bss.gUart0UdmaRxObj)
                  a120eafc    000002c8     ti_drivers_config.obj (.bss.gUart0UdmaTxObj)
                  a120edc4    00000284     ti_drivers_config.obj (.bss.gUartObjects)
                  a120f048    00000280     freertos.j722s.r5f.ti-arm-clang.release.lib : tasks.obj (.bss.pxReadyTasksLists)
                  a120f2c8    00000100                                                 : timers.obj (.bss.prvCheckForValidListAndQueue.ucStaticTimerQueueStorage)
                  a120f3c8    00000100     (.common:xQueueRegistry)
                  a120f4c8    000000b0     (.common:gIpcNotifyCtrl)
                  a120f578    000000a0     ti_drivers_config.obj (.bss.gUart0UdmaCqRxEventObj)
                  a120f618    000000a0     ti_drivers_config.obj (.bss.gUart0UdmaCqTxEventObj)
                  a120f6b8    00000098     freertos.j722s.r5f.ti-arm-clang.release.lib : DebugP_freertos.obj (.bss.gDebugLogLockObj)
                  a120f750    00000088                                                 : port.obj (.bss.xIdleTaskTCB)
                  a120f7d8    00000088                                                 : port.obj (.bss.xTimerTaskTCB)
                  a120f860    00000088     (.common:ebimuRecvTaskObj)
                  a120f8e8    00000088     (.common:gMainTaskObj)
                  a120f970    0000007a                                                 : DebugP_memTraceLogWriter.obj (.bss.DebugP_memLogWriterPutChar.lineBuf)
                  a120f9ea    00000002     --HOLE--
                  a120f9ec    00000004                                                 : HwiP_armv7r_vim.obj (.bss.gdummy)
                  a120f9f0    00000060     (.common:gTaskP_ctrl)
                  a120fa50    00000050                                                 : timers.obj (.bss.prvCheckForValidListAndQueue.xStaticTimerQueue)
                  a120faa0    00000050     (.common:gRovDummyQueue)
                  a120faf0    00000038     (.common:gClockCtrl)
                  a120fb28    00000034     (.common:ulFaultyGPR)
                  a120fb5c    00000014                                                 : timers.obj (.bss.xActiveTimerList1)
                  a120fb70    00000004                                                 : timers.obj (.bss.pxCurrentTimerList)
                  a120fb74    00000004                                                 : tasks.obj (.bss.pxDelayedTaskList)
                  a120fb78    00000004                                                 : tasks.obj (.bss.pxOverflowDelayedTaskList)
                  a120fb7c    00000004                                                 : timers.obj (.bss.pxOverflowTimerList)
                  a120fb80    00000030     ti_drivers_config.obj (.bss.gUart0UdmaRxHpdMem)
                  a120fbb0    00000028     drivers.j722s.mcu-r5f.ti-arm-clang.release.lib : sciclient_rm_irq.obj (.bss.gPstack)
                  a120fbd8    00000014     freertos.j722s.r5f.ti-arm-clang.release.lib : timers.obj (.bss.xActiveTimerList2)
                  a120fbec    00000014                                                 : tasks.obj (.bss.xDelayedTaskList1)
                  a120fc00    00000030     ti_drivers_config.obj (.bss.gUart0UdmaTxHpdMem)
                  a120fc30    00000014     freertos.j722s.r5f.ti-arm-clang.release.lib : tasks.obj (.bss.xDelayedTaskList2)
                  a120fc44    00000014                                                 : tasks.obj (.bss.xPendingReadyList)
                  a120fc58    00000014                                                 : tasks.obj (.bss.xSuspendedTaskList)
                  a120fc6c    00000014                                                 : tasks.obj (.bss.xTasksWaitingTermination)
                  a120fc80    00000008     ti_drivers_config.obj (.bss.gUart0UdmaRxRingMem)
                  a120fc88    00000004     (.common:ebimuRecvTask)
                  a120fc8c    00000004     (.common:gMainTask)
                  a120fc90    00000004     (.common:gUartHandle)
                  a120fc94    00000004     (.common:ulFaultyLR)
                  a120fc98    00000004     (.common:ulFaultySP)
                  a120fc9c    00000064     --HOLE--
                  a120fd00    00000008     ti_drivers_config.obj (.bss.gUart0UdmaTxRingMem)
                  a120fd08    00000078     --HOLE--

.sysmem    0    a120fd80    00008000     UNINITIALIZED
                  a120fd80    00000010     libc.a : memory.c.obj (.sysmem)
                  a120fd90    00007ff0     --HOLE--

.stack     0    a1217d80    00004000     UNINITIALIZED
                  a1217d80    00000004     freertos.j722s.r5f.ti-arm-clang.release.lib : boot_armv7r_asm.obj (.stack)
                  a1217d84    00003ffc     --HOLE--

.text      0    a121bd80    0000dac0     
                  a121bd80    00000654     drivers.j722s.mcu-r5f.ti-arm-clang.release.lib : sciclient_rm_irq.obj (.text.Sciclient_rmIrqFindRoute)
                  a121c3d4    000005cc                                                    : udma_ch.obj (.text.Udma_chDisable)
                  a121c9a0    00000598     freertos.j722s.r5f.ti-arm-clang.release.lib : printf.obj (.text._vsnprintf)
                  a121cf38    0000052a     drivers.j722s.mcu-r5f.ti-arm-clang.release.lib : udma_ch.obj (.text.Udma_chOpen)
                  a121d462    000004ee                                                    : uart_v0.obj (.text.UART_open)
                  a121d950    000004c8                                                    : udma_event.obj (.text.Udma_eventRegister)
                  a121de18    00000418                                                    : udma_soc.obj (.text.Udma_initDrvHandle)
                  a121e230    000003cc                                                    : ipc_notify_v0.obj (.text.IpcNotify_init)
                  a121e5fc    000003b4                                                    : udma_rm.obj (.text.Udma_rmInit)
                  a121e9b0    00000398     freertos.j722s.r5f.ti-arm-clang.release.lib : printf.obj (.text._ftoa)
                  a121ed48    0000037c     drivers.j722s.mcu-r5f.ti-arm-clang.release.lib : sciclient.obj (.text.Sciclient_service)
                  a121f0c4    00000004     ti_board_open_close.obj (.text.Board_driversOpen)
                  a121f0c8    00000310     freertos.j722s.r5f.ti-arm-clang.release.lib : printf.obj (.text._etoa)
                  a121f3d8    000002b2     drivers.j722s.mcu-r5f.ti-arm-clang.release.lib : udma_rmcfg_common.obj (.text.UdmaRmInitPrms_init)
                  a121f68a    000002a8                                                    : sciclient_rm_irq.obj (.text.Sciclient_rmIrqGetRoute)
                  a121f932    00000290                                                    : uart_v0.obj (.text.UART_read)
                  a121fbc2    0000025e                                                    : sciclient_rm_irq.obj (.text.Sciclient_rmProgramInterruptRoute)
                  a121fe20    00000222                                                    : uart_v0.obj (.text.UART_masterIsr)
                  a1220042    00000002     ti_board_config.obj (.text.Board_init)
                  a1220044    0000021e     freertos.j722s.r5f.ti-arm-clang.release.lib : timers.obj (.text.prvTimerTask)
                  a1220262    00000002     drivers.j722s.mcu-r5f.ti-arm-clang.release.lib : udma_utils.obj (.text.Udma_defaultPhyToVirtFxn)
                  a1220264    0000020e                                                    : udma_event.obj (.text.Udma_eventUnRegister)
                  a1220472    00000204                                                    : uart_dma_udma.obj (.text.UART_udmaOpen)
                  a1220676    000001fe                                                    : uart_v0.obj (.text.UART_write)
                  a1220874    000001fc                                                    : sciclient_rm_irq.obj (.text.Sciclient_rmClearInterruptRoute)
                  a1220a70    000001ca                                                    : csl_bcdma.obj (.text.CSL_bcdmaChanOp)
                  a1220c3a    000001c4     freertos.j722s.r5f.ti-arm-clang.release.lib : queue.obj (.text.xQueueSemaphoreTake)
                  a1220dfe    000001c0                                                 : TimerP.obj (.text.TimerP_setup)
                  a1220fbe    000001b0                                                 : queue.obj (.text.xQueueGenericSend)
                  a122116e    00000190     drivers.j722s.mcu-r5f.ti-arm-clang.release.lib : udma_ring_common.obj (.text.Udma_ringAlloc)
                  a12212fe    00000188     freertos.j722s.r5f.ti-arm-clang.release.lib : queue.obj (.text.xQueueReceive)
                  a1221486    00000168                                                 : tasks.obj (.text.xTaskIncrementTick)
                  a12215ee    0000015a     drivers.j722s.mcu-r5f.ti-arm-clang.release.lib : sciclient_rm_irq.obj (.text.Sciclient_rmIrqDeleteRoute)
                  a1221748    00000156                                                    : sciclient_rm_irq.obj (.text.Sciclient_rmIrqProgramRoute)
                  a122189e    00000152     freertos.j722s.r5f.ti-arm-clang.release.lib : printf.obj (.text._ntoa_format)
                  a12219f0    0000014c     task_main.obj (.text.ebimu_recv_main)
                  a1221b3c    00000148     drivers.j722s.mcu-r5f.ti-arm-clang.release.lib : csl_bcdma.obj (.text.CSL_bcdmaChanOpCfgChan)
                  a1221c84    00000146                                                    : uart_v0.obj (.text.UART_close)
                  a1221dca    00000140                                                    : udma_ch.obj (.text.Udma_chConfigRx)
                  a1221f0a    00000138     freertos.j722s.r5f.ti-arm-clang.release.lib : ClockP_freertos_r5.obj (.text.ClockP_init)
                  a1222042    00000132     drivers.j722s.mcu-r5f.ti-arm-clang.release.lib : soc.obj (.text.SOC_moduleSetClockFrequency)
                  a1222174    00000126     freertos.j722s.r5f.ti-arm-clang.release.lib : queue.obj (.text.xQueueGenericSendFromISR)
                  a122229a    00000126                                                 : tasks.obj (.text.xTaskResumeAll)
                  a12223c0    0000011a     drivers.j722s.mcu-r5f.ti-arm-clang.release.lib : udma_ch.obj (.text.Udma_chEnable)
                  a12224da    00000002                                                    : udma_rm.obj (.text.Udma_rmFreeFreeRing)
                  a12224dc    00000118     libclang_rt.builtins.a : udivmoddi4.S.obj (.text)
                  a12225f4    00000114     drivers.j722s.mcu-r5f.ti-arm-clang.release.lib : udma_ch.obj (.text.Udma_chFreeResource)
                  a1222708    0000010e                                                    : udma_rm.obj (.text.Udma_rmSetSharedResRmInitPrms)
                  a1222816    0000010e     freertos.j722s.r5f.ti-arm-clang.release.lib : tasks.obj (.text.vTaskDelete)
                  a1222924    00000108                                                 : tasks.obj (.text.prvAddNewTaskToReadyList)
                  a1222a2c    00000106                                                 : queue.obj (.text.xQueueGiveFromISR)
                  a1222b32    000000fe     drivers.j722s.mcu-r5f.ti-arm-clang.release.lib : ipc_rpmsg.obj (.text.RPMessage_init)
                  a1222c30    000000fc                                                    : csl_lcdma_ringacc.obj (.text.CSL_lcdma_ringaccPop64MultiAccess)
                  a1222d2c    000000fc     freertos.j722s.r5f.ti-arm-clang.release.lib : queue.obj (.text.xQueueGenericCreateStatic)
                  a1222e28    000000fa     drivers.j722s.mcu-r5f.ti-arm-clang.release.lib : udma_flow.obj (.text.Udma_flowConfig)
                  a1222f22    000000fa     freertos.j722s.r5f.ti-arm-clang.release.lib : queue.obj (.text.xQueueReceiveFromISR)
                  a122301c    000000f6                                                 : tasks.obj (.text.vTaskSwitchContext)
                  a1223112    000000ec                                                 : port.obj (.text.vPortDumpExceptionState)
                  a12231fe    000000e6     drivers.j722s.mcu-r5f.ti-arm-clang.release.lib : csl_lcdma_ringacc.obj (.text.CSL_lcdma_ringaccPush64MultiAccess)
                  a12232e4    000000e0                                                    : udma_ch.obj (.text.Udma_chConfigTx)
                  a12233c4    000000da     freertos.j722s.r5f.ti-arm-clang.release.lib : tasks.obj (.text.vTaskPriorityDisinheritAfterTimeout)
                  a122349e    000000d6     ti_drivers_config.obj (.text.System_init)
                  a1223574    000000d0     drivers.j722s.mcu-r5f.ti-arm-clang.release.lib : ipc_rpmsg_vring.obj (.text.RPMessage_vringReset)
                  a1223644    000000ce     freertos.j722s.r5f.ti-arm-clang.release.lib : heap_4.obj (.text.vPortFree)
                  a1223712    000000cc                                                 : timers.obj (.text.prvSampleTimeNow)
                  a12237de    000000ca     drivers.j722s.mcu-r5f.ti-arm-clang.release.lib : ipc_notify_v0.obj (.text.IpcNotify_isr)
                  a12238a8    000000ca                                                    : ipc_notify_v0.obj (.text.IpcNotify_sendMsg)
                  a1223972    000000ca                                                    : sciclient_rm_irq.obj (.text.Sciclient_rmIaValidateMapping)
                  a1223a3c    000000c6     freertos.j722s.r5f.ti-arm-clang.release.lib : tasks.obj (.text.xTaskCreateStatic)
                  a1223b02    000000c6                                                 : tasks.obj (.text.xTaskPriorityDisinherit)
                  a1223bc8    000000c4     drivers.j722s.mcu-r5f.ti-arm-clang.release.lib : uart_dma_udma.obj (.text.UART_udmaTransferRead)
                  a1223c8c    000000c4     freertos.j722s.r5f.ti-arm-clang.release.lib : tasks.obj (.text.prvInitialiseNewTask)
                  a1223d50    000000c2     drivers.j722s.mcu-r5f.ti-arm-clang.release.lib : uart_dma_udma.obj (.text.UART_udmaTransferWrite)
                  a1223e12    000000c2                                                    : udma.obj (.text.Udma_init)
                  a1223ed4    000000be                                                    : ipc_rpmsg_vring.obj (.text.RPMessage_vringGetFullRxBuf)
                  a1223f92    000000ba                                                    : csl_bcdma.obj (.text.CSL_bcdmaChanOpTeardownChan)
                  a122404c    000000ba                                                    : udma_ch.obj (.text.Udma_chConfigPdma)
                  a1224106    000000ba                                                    : udma_event.obj (.text.Udma_eventFreeResource)
                  a12241c0    000000ba     freertos.j722s.r5f.ti-arm-clang.release.lib : tasks.obj (.text.vTaskStartScheduler)
                  a122427a    000000b8     drivers.j722s.mcu-r5f.ti-arm-clang.release.lib : uart_v0.obj (.text.UART_divisorLatchWrite)
                  a1224332    000000b8                                                    : uart_v0.obj (.text.UART_flushTxFifo)
                  a12243ea    000000b6                                                    : csl_lcdma_ringacc.obj (.text.CSL_lcdma_ringaccDequeue)
                  a12244a0    000000b2     freertos.j722s.r5f.ti-arm-clang.release.lib : AddrTranslateP.obj (.text.AddrTranslateP_init)
                  a1224552    000000b0                                                 : DebugP_memTraceLogWriter.obj (.text.DebugP_memLogWriterPutChar)
                  a1224602    000000b0                                                 : printf.obj (.text._ntoa_long_long)
                  a12246b2    000000aa     drivers.j722s.mcu-r5f.ti-arm-clang.release.lib : uart_v0.obj (.text.UART_procLineStatusErr)
                  a122475c    000000aa                                                    : udma_rm.obj (.text.Udma_rmAllocMappedRxCh)
                  a1224806    000000aa                                                    : udma_rm.obj (.text.Udma_rmAllocMappedTxCh)
                  a12248b0    000000a8                                                    : ipc_rpmsg.obj (.text.RPMessage_recvHandler)
                  a1224958    000000a8                                                    : uart_dma_udma.obj (.text.UART_udmaIsrTx)
                  a1224a00    000000a8     freertos.j722s.r5f.ti-arm-clang.release.lib : tasks.obj (.text.xTaskPriorityInherit)
                  a1224aa8    000000a8                                                 : tasks.obj (.text.xTaskRemoveFromEventList)
                  a1224b50    000000a6                                                 : TaskP_freertos.obj (.text.TaskP_loadUpdateAll)
                  a1224bf6    000000a6                                                 : printf.obj (.text._out_rev)
                  a1224c9c    000000a4     drivers.j722s.mcu-r5f.ti-arm-clang.release.lib : sciclient_pm.obj (.text.Sciclient_pmQueryModuleClkFreq)
                  a1224d40    000000a2                                                    : ipc_rpmsg.obj (.text.RPMessage_coreInit)
                  a1224de2    000000a2                                                    : sciclient_rm_irq.obj (.text.Sciclient_rmIrInpIsFree)
                  a1224e84    000000a2                                                    : uart_dma_udma.obj (.text.UART_udmaIsrRx)
                  a1224f26    000000a2                                                    : udma_rm.obj (.text.Udma_rmAllocVintr)
                  a1224fc8    000000a2     freertos.j722s.r5f.ti-arm-clang.release.lib : tasks.obj (.text.xTaskCheckForTimeOut)
                  a122506a    000000a0     drivers.j722s.mcu-r5f.ti-arm-clang.release.lib : udma_rm.obj (.text.Udma_rmAllocBlkCopyCh)
                  a122510a    000000a0                                                    : udma_rm.obj (.text.Udma_rmAllocBlkCopyHcCh)
                  a12251aa    000000a0                                                    : udma_rm.obj (.text.Udma_rmAllocBlkCopyUhcCh)
                  a122524a    000000a0                                                    : udma_rm.obj (.text.Udma_rmAllocRxCh)
                  a12252ea    000000a0                                                    : udma_rm.obj (.text.Udma_rmAllocRxHcCh)
                  a122538a    000000a0                                                    : udma_rm.obj (.text.Udma_rmAllocRxUhcCh)
                  a122542a    000000a0                                                    : udma_rm.obj (.text.Udma_rmAllocTxCh)
                  a12254ca    000000a0                                                    : udma_rm.obj (.text.Udma_rmAllocTxHcCh)
                  a122556a    000000a0                                                    : udma_rm.obj (.text.Udma_rmAllocTxUhcCh)
                  a122560a    000000a0     freertos.j722s.r5f.ti-arm-clang.release.lib : tasks.obj (.text.prvAddCurrentTaskToDelayedList)
                  a12256aa    0000009e                                                 : tasks.obj (.text.eTaskGetState)
                  a1225748    0000009c     drivers.j722s.mcu-r5f.ti-arm-clang.release.lib : udma_ch.obj (.text.Udma_chClose)
                  a12257e4    0000009a                                                    : ipc_rpmsg_vring.obj (.text.RPMessage_vringPutEmptyRxBuf)
                  a122587e    0000009a                                                    : sciclient.obj (.text.Sciclient_init)
                  a1225918    0000009a                                                    : sciclient.obj (.text.Sciclient_sendMessage)
                  a12259b2    0000009a                                                    : uart_dma_udma.obj (.text.UART_udmaDeInitCh)
                  a1225a4c    00000096     freertos.j722s.r5f.ti-arm-clang.release.lib : tasks.obj (.text.vTaskGetInfo)
                  a1225ae2    00000094     drivers.j722s.mcu-r5f.ti-arm-clang.release.lib : uart_v0.obj (.text.UART_init)
                  a1225b76    00000094                                                    : udma_rm.obj (.text.Udma_rmAllocMappedRing)
                  a1225c0a    00000092                                                    : ipc_rpmsg_vring.obj (.text.RPMessage_vringResetInternal)
                  a1225c9c    00000092                                                    : sciclient_pm.obj (.text.Sciclient_pmSetModuleClkFreq)
                  a1225d2e    00000092     freertos.j722s.r5f.ti-arm-clang.release.lib : port.obj (.text.pxPortInitialiseStack)
                  a1225dc0    0000008e     drivers.j722s.mcu-r5f.ti-arm-clang.release.lib : csl_pktdma.obj (.text.CSL_pktdmaTeardownChan)
                  a1225e4e    0000008e                                                    : uart_v0.obj (.text.UART_readCancelNoCB)
                  a1225edc    0000008c                                                    : sciclient_rm_irq.obj (.text.Sciclient_rmTranslateIrqInput)
                  a1225f68    0000008c     freertos.j722s.r5f.ti-arm-clang.release.lib : printf.obj (.text._ntoa_long)
                  a1225ff4    0000008a     drivers.j722s.mcu-r5f.ti-arm-clang.release.lib : sciclient_rm_irq.obj (.text.Sciclient_rmTranslateIntOutput)
                  a122607e    0000008a                                                    : udma_event.obj (.text.Udma_eventIsrFxn)
                  a1226108    0000008a                                                    : udma_ring_lcdma.obj (.text.Udma_ringSetCfgLcdma)
                  a1226192    00000088                                                    : udma_rm.obj (.text.Udma_rmGetSciclientDefaultBoardCfgRmRange)
                  a122621a    00000086     freertos.j722s.r5f.ti-arm-clang.release.lib : timers.obj (.text.xTimerCreateTimerTask)
                  a12262a0    00000084                                                 : DebugP_memTraceLogWriter.obj (.text.DebugP_memTraceLogWriterPutLine)
                  a1226324    00000080     drivers.j722s.mcu-r5f.ti-arm-clang.release.lib : ipc_rpmsg.obj (.text.RPMessage_construct)
                  a12263a4    00000080     main.obj (.text.main)
                  a1226424    00000080     freertos.j722s.r5f.ti-arm-clang.release.lib : queue.obj (.text.prvCopyDataToQueue)
                  a12264a4    00000080                                                 : queue.obj (.text.xQueueGenericReset)
                  a1226524    0000007c     drivers.j722s.mcu-r5f.ti-arm-clang.release.lib : sciclient_rm_irq.obj (.text.Sciclient_rmIrOutpIsFree)
                  a12265a0    0000007a                                                    : sciclient_pm.obj (.text.Sciclient_pmGetModuleClkNumParent)
                  a122661a    0000007a     freertos.j722s.r5f.ti-arm-clang.release.lib : timers.obj (.text.prvCheckForValidListAndQueue)
                  a1226694    00000076                                                 : DebugP_freertos.obj (.text._DebugP_logZone)
                  a122670a    00000076                                                 : timers.obj (.text.xTimerGenericCommand)
                  a1226780    00000074     drivers.j722s.mcu-r5f.ti-arm-clang.release.lib : sciclient_rm_irq.obj (.text.Sciclient_rmIrqGetNode)
                  a12267f4    00000072                                                    : csl_pktdma.obj (.text.CSL_pktdmaAccessChanPeerReg)
                  a1226866    00000072                                                    : udma_rm.obj (.text.Udma_rmAllocVintrBit)
                  a12268d8    00000072     freertos.j722s.r5f.ti-arm-clang.release.lib : queue.obj (.text.prvUnlockQueue)
                  a122694a    00000070                                                 : SemaphoreP_freertos.obj (.text.SemaphoreP_constructBinary)
                  a12269ba    0000006e     drivers.j722s.mcu-r5f.ti-arm-clang.release.lib : soc.obj (.text.SOC_moduleClockEnable)
                  a1226a28    0000006e                                                    : sciclient_pm.obj (.text.Sciclient_pmGetModuleState)
                  a1226a96    0000006c                                                    : sciclient_rm_irq.obj (.text.Sciclient_rmIrqCfgIsEventToVintMappingOnly)
                  a1226b02    0000006c                                                    : uart_v0.obj (.text.UART_writeCancelNoCB)
                  a1226b6e    0000006a                                                    : uart_dma_udma.obj (.text.UART_udmaHpdInit)
                  a1226bd8    00000068     freertos.j722s.r5f.ti-arm-clang.release.lib : AddrTranslateP.obj (.text.AddrTranslateP_getLocalAddr)
                  a1226c40    00000066     drivers.j722s.mcu-r5f.ti-arm-clang.release.lib : sciclient_pm.obj (.text.Sciclient_pmGetModuleClkParent)
                  a1226ca6    00000064                                                    : csl_bcdma.obj (.text.CSL_bcdmaDoChanOp)
                  a1226d0a    00000064                                                    : ipc_rpmsg.obj (.text.RPMessage_notifyCallback)
                  a1226d6e    00000064                                                    : sciclient_pm.obj (.text.Sciclient_pmModuleGetClkStatus)
                  a1226dd2    00000064                                                    : udma_ring_lcdma.obj (.text.Udma_ringFlushRawLcdma)
                  a1226e36    00000064     freertos.j722s.r5f.ti-arm-clang.release.lib : queue.obj (.text.vQueueDelete)
                  a1226e9a    00000062     drivers.j722s.mcu-r5f.ti-arm-clang.release.lib : uart_dma_udma.obj (.text.UART_udmaDisableChannel)
                  a1226efc    00000062                                                    : udma_ring_common.obj (.text.Udma_ringFree)
                  a1226f5e    00000062                                                    : udma_ring_common.obj (.text.Udma_ringQueueRaw)
                  a1226fc0    00000060     ti_dpl_config.obj (.text.Dpl_init)
                  a1227020    00000060     drivers.j722s.mcu-r5f.ti-arm-clang.release.lib : udma_rm.obj (.text.Udma_rmFreeMappedRing)
                  a1227080    0000005e                                                    : sciclient_pm.obj (.text.Sciclient_pmModuleClkRequest)
                  a12270de    0000005e                                                    : sciclient_pm.obj (.text.Sciclient_pmSetModuleClkParent)
                  a122713c    0000005e     task_main.obj (.text.task_init)
                  a122719a    0000005c     drivers.j722s.mcu-r5f.ti-arm-clang.release.lib : csl_bcdma.obj (.text.CSL_bcdmaChanOpGetChanStats)
                  a12271f6    0000005c                                                    : csl_bcdma.obj (.text.CSL_bcdmaChanOpSetChanPause)
                  a1227252    0000005c                                                    : udma_rm.obj (.text.Udma_rmAllocEvent)
                  a12272ae    0000005c     freertos.j722s.r5f.ti-arm-clang.release.lib : DebugP_log.obj (.text._DebugP_assert)
                  a122730a    0000005a     drivers.j722s.mcu-r5f.ti-arm-clang.release.lib : ipc_rpmsg_vring.obj (.text.RPMessage_vringIsFullRxBuf)
                  a1227364    0000005a                                                    : soc.obj (.text.SOC_controlModuleLockMMR)
                  a12273be    0000005a                                                    : sciclient_rm_irq.obj (.text.Sciclient_rmIrqUnmappedVintRouteDelete)
                  a1227418    0000005a                                                    : udma_ch.obj (.text.UdmaChPrms_init)
                  a1227472    0000005a                                                    : udma_ring_common.obj (.text.Udma_ringDequeueRaw)
                  a12274cc    0000005a     freertos.j722s.r5f.ti-arm-clang.release.lib : tasks.obj (.text.prvIdleTask)
                  a1227526    00000058                                                 : SemaphoreP_freertos.obj (.text.SemaphoreP_pend)
                  a122757e    00000058                                                 : tasks.obj (.text.vTaskPlaceOnEventListRestricted)
                  a12275d6    00000002                                                 : printf.obj (.text._out_null)
                  a12275d8    00000058     libc.a : autoinit.c.obj (.text:__TI_auto_init_nobinit_nopinit)
                  a1227630    00000056     drivers.j722s.mcu-r5f.ti-arm-clang.release.lib : uart_dma.obj (.text.UART_dmaDisableChannel)
                  a1227686    00000056     freertos.j722s.r5f.ti-arm-clang.release.lib : tasks.obj (.text.vTaskDelay)
                  a12276dc    00000054     drivers.j722s.mcu-r5f.ti-arm-clang.release.lib : csl_bcdma.obj (.text.CSL_bcdmaChanOpDecChanStats)
                  a1227730    00000054                                                    : csl_bcdma.obj (.text.CSL_bcdmaChanOpGetChanRT)
                  a1227784    00000054                                                    : csl_intaggr.obj (.text.CSL_intaggrIsIntrPending)
                  a12277d8    00000054                                                    : sciclient_rm.obj (.text.Sciclient_rmGetResourceRange)
                  a122782c    00000054                                                    : uart_dma.obj (.text.UART_dmaClose)
                  a1227880    00000054                                                    : udma_ch.obj (.text.UdmaChRxPrms_init)
                  a12278d4    00000054                                                    : udma_ch.obj (.text.UdmaChTxPrms_init)
                  a1227928    00000052                                                    : sciclient_pm.obj (.text.Sciclient_pmSetModuleState)
                  a122797a    00000052     freertos.j722s.r5f.ti-arm-clang.release.lib : SemaphoreP_freertos.obj (.text.SemaphoreP_constructMutex)
                  a12279cc    00000052                                                 : SemaphoreP_freertos.obj (.text.SemaphoreP_post)
                  a1227a1e    00000052     drivers.j722s.mcu-r5f.ti-arm-clang.release.lib : udma_rm.obj (.text.Udma_rmFreeExtCh)
                  a1227a70    00000052     freertos.j722s.r5f.ti-arm-clang.release.lib : queue.obj (.text.xQueueGiveMutexRecursive)
                  a1227ac2    00000050     drivers.j722s.mcu-r5f.ti-arm-clang.release.lib : udma_rm.obj (.text.Udma_rmFreeVintrBit)
                  a1227b12    00000050     freertos.j722s.r5f.ti-arm-clang.release.lib : tasks.obj (.text.prvDeleteTCB)
                  a1227b62    00000050                                                 : heap_4.obj (.text.prvInsertBlockIntoFreeList)
                  a1227bb2    0000004e     drivers.j722s.mcu-r5f.ti-arm-clang.release.lib : ipc_rpmsg_vring.obj (.text.RPMessage_vringGetSize)
                  a1227c00    0000004e                                                    : udma_soc.obj (.text.Udma_getMappedChRingAttributes)
                  a1227c4e    0000004e     freertos.j722s.r5f.ti-arm-clang.release.lib : tasks.obj (.text.vTaskPlaceOnEventList)
                  a1227c9c    0000004e                                                 : queue.obj (.text.xQueueTakeMutexRecursive)
                  a1227cea    0000004c     ti_drivers_open_close.obj (.text.Drivers_uartOpen)
                  a1227d36    0000004c     drivers.j722s.mcu-r5f.ti-arm-clang.release.lib : ipc_rpmsg.obj (.text.RPMessage_allocEndPtMsg)
                  a1227d82    0000004a                                                    : csl_intaggr.obj (.text.CSL_intaggrClrIntr)
                  a1227dcc    0000004a                                                    : pinmux.obj (.text.Pinmux_unlockMMR)
                  a1227e16    0000004a                                                    : soc.obj (.text.SOC_controlModuleUnlockMMR)
                  a1227e60    0000004a                                                    : udma_rm.obj (.text.Udma_rmFreeMappedRxCh)
                  a1227eaa    0000004a                                                    : udma_rm.obj (.text.Udma_rmFreeMappedTxCh)
                  a1227ef4    00000048                                                    : csl_bcdma.obj (.text.CSL_bcdmaChanOpSetChanRT)
                  a1227f3c    00000048                                                    : csl_bcdma.obj (.text.CSL_bcdmaGetCfg)
                  a1227f84    00000048                                                    : udma_ring_lcdma.obj (.text.Udma_ringSetDoorBellLcdma)
                  a1227fcc    00000046     freertos.j722s.r5f.ti-arm-clang.release.lib : ClockP_freertos.obj (.text.ClockP_getTimeUsec)
                  a1228012    00000046     drivers.j722s.mcu-r5f.ti-arm-clang.release.lib : pinmux.obj (.text.Pinmux_config)
                  a1228058    00000046     freertos.j722s.r5f.ti-arm-clang.release.lib : queue.obj (.text.vQueueWaitForMessageRestricted)
                  a122809e    00000044     drivers.j722s.mcu-r5f.ti-arm-clang.release.lib : sciclient_pm.obj (.text.Sciclient_pmSetModuleRst)
                  a12280e2    00000044     freertos.j722s.r5f.ti-arm-clang.release.lib : port.obj (.text.vPortEnterCritical)
                  a1228126    00000042                                                 : ClockP_freertos.obj (.text.ClockP_usleep)
                  a1228168    00000042     drivers.j722s.mcu-r5f.ti-arm-clang.release.lib : sciclient_rm.obj (.text.Sciclient_rmIrqReleaseRaw)
                  a12281aa    00000042                                                    : sciclient_rm.obj (.text.Sciclient_rmPsilPair)
                  a12281ec    00000042                                                    : sciclient_rm.obj (.text.Sciclient_rmPsilUnpair)
                  a122822e    00000040                                                    : csl_bcdma.obj (.text.CSL_bcdmaChanOpSetBurstSize)
                  a122826e    00000040                                                    : sciclient_rm.obj (.text.Sciclient_rmIrqSetRaw)
                  a12282ae    00000040                                                    : sciclient_rm.obj (.text.Sciclient_rmRingCfg)
                  a12282ee    00000040                                                    : sciclient_rm.obj (.text.Sciclient_rmUdmapFlowCfg)
                  a122832e    00000040                                                    : sciclient_rm.obj (.text.Sciclient_rmUdmapFlowSizeThreshCfg)
                  a122836e    00000040                                                    : sciclient_rm.obj (.text.Sciclient_rmUdmapRxChCfg)
                  a12283ae    00000040                                                    : sciclient_rm.obj (.text.Sciclient_rmUdmapTxChCfg)
                  a12283ee    00000040                                                    : udma_rm.obj (.text.Udma_rmFreeBlkCopyCh)
                  a122842e    00000040                                                    : udma_rm.obj (.text.Udma_rmFreeBlkCopyHcCh)
                  a122846e    00000040                                                    : udma_rm.obj (.text.Udma_rmFreeBlkCopyUhcCh)
                  a12284ae    00000040                                                    : udma_rm.obj (.text.Udma_rmFreeEvent)
                  a12284ee    00000040                                                    : udma_rm.obj (.text.Udma_rmFreeIrIntr)
                  a122852e    00000040                                                    : udma_rm.obj (.text.Udma_rmFreeRxCh)
                  a122856e    00000040                                                    : udma_rm.obj (.text.Udma_rmFreeRxHcCh)
                  a12285ae    00000040                                                    : udma_rm.obj (.text.Udma_rmFreeRxUhcCh)
                  a12285ee    00000040                                                    : udma_rm.obj (.text.Udma_rmFreeTxCh)
                  a122862e    00000040                                                    : udma_rm.obj (.text.Udma_rmFreeTxHcCh)
                  a122866e    00000040                                                    : udma_rm.obj (.text.Udma_rmFreeTxUhcCh)
                  a12286ae    00000040                                                    : udma_rm.obj (.text.Udma_rmFreeVintr)
                  a12286ee    00000040     freertos.j722s.r5f.ti-arm-clang.release.lib : timers.obj (.text.prvInsertTimerInActiveList)
                  a122872e    0000003e     drivers.j722s.mcu-r5f.ti-arm-clang.release.lib : ipc_notify_v0.obj (.text.IpcNotify_registerClient)
                  a122876c    0000003e                                                    : udma_flow.obj (.text.UdmaFlowPrms_init)
                  a12287aa    0000003e                                                    : udma_ring_common.obj (.text.Udma_ringFlushRaw)
                  a12287e8    0000003c                                                    : ipc_rpmsg.obj (.text.RPMessage_freeEndPtMsg)
                  a1228824    0000003c                                                    : sciclient_soc_priv.obj (.text.Sciclient_getContext)
                  a1228860    0000003c                                                    : udma_ring_lcdma.obj (.text.Udma_ringPrimeReadLcdma)
                  a122889c    0000003c     freertos.j722s.r5f.ti-arm-clang.release.lib : TaskP_freertos.obj (.text.vApplicationLoadHook)
                  a12288d8    0000003c                                                 : tasks.obj (.text.xTaskGetIdleTaskHandle)
                  a1228914    0000003a                                                 : DebugP_uartLogWriter.obj (.text.DebugP_uartLogWriterPutChar)
                  a122894e    0000003a     drivers.j722s.mcu-r5f.ti-arm-clang.release.lib : uart_dma.obj (.text.UART_dmaOpen)
                  a1228988    0000003a     freertos.j722s.r5f.ti-arm-clang.release.lib : list.obj (.text.vListInsert)
                  a12289c2    00000038     drivers.j722s.mcu-r5f.ti-arm-clang.release.lib : ipc_rpmsg_vring.obj (.text.RPMessage_vringCheckEmptyTxBuf)
                  a12289fa    00000038                                                    : sciclient.obj (.text.Sciclient_getCurrentContext)
                  a1228a32    00000038                                                    : udma_ring_lcdma.obj (.text.Udma_lcdmaRingaccMemOps)
                  a1228a6a    00000038                                                    : udma_rmcfg.obj (.text.Udma_rmGetSharedResPrms)
                  a1228aa2    00000036                                                    : csl_pktdma.obj (.text.CSL_pktdmaGetCfg)
                  a1228ad8    00000036     ti_power_clock_config.obj (.text.Module_clockSetFrequency)
                  a1228b0e    00000034     drivers.j722s.mcu-r5f.ti-arm-clang.release.lib : ipc_rpmsg.obj (.text.RPMessage_controlEndPtHandler)
                  a1228b42    00000034     freertos.j722s.r5f.ti-arm-clang.release.lib : queue.obj (.text.xQueueCreateMutexStatic)
                  a1228b76    00000032     drivers.j722s.mcu-r5f.ti-arm-clang.release.lib : udma_event.obj (.text.UdmaEventPrms_init)
                  a1228ba8    00000032     freertos.j722s.r5f.ti-arm-clang.release.lib : printf.obj (.text.snprintf_)
                  a1228bda    00000030     ti_power_clock_config.obj (.text.Module_clockEnable)
                  a1228c0a    00000030     freertos.j722s.r5f.ti-arm-clang.release.lib : port.obj (.text.vApplicationStackOverflowHook)
                  a1228c3a    00000030                                                 : port.obj (.text.vPortExitCritical)
                  a1228c6a    0000002e                                                 : ClockP_freertos.obj (.text.ClockP_timerTickIsr)
                  a1228c98    0000002e     drivers.j722s.mcu-r5f.ti-arm-clang.release.lib : uart_v0.obj (.text.UART_getHandle)
                  a1228cc6    0000002e                                                    : udma_ring_common.obj (.text.UdmaRingPrms_init)
                  a1228cf4    0000002c                                                    : csl_pktdma.obj (.text.CSL_pktdmaGetRxRT)
                  a1228d20    0000002c                                                    : csl_pktdma.obj (.text.CSL_pktdmaGetTxRT)
                  a1228d4c    0000002c                                                    : ipc_rpmsg.obj (.text.RPMessage_putEndPtMsg)
                  a1228d78    0000002a                                                    : udma_ch.obj (.text.Udma_chGetCqRingHandle)
                  a1228da2    0000002a                                                    : udma_ch.obj (.text.Udma_chGetFqRingHandle)
                  a1228dcc    0000002a                                                    : udma_utils.obj (.text.Udma_phyToVirtFxn)
                  a1228df6    00000028                                                    : csl_intaggr.obj (.text.CSL_intaggrGetCfg)
                  a1228e1e    00000028                                                    : ipc_rpmsg.obj (.text.RPMessage_Params_init)
                  a1228e46    00000028                                                    : ipc_rpmsg.obj (.text.RPMessage_isLinuxCore)
                  a1228e6e    00000028                                                    : uart_v0.obj (.text.UART_statusIsDataReady)
                  a1228e96    00000028                                                    : udma_ring_lcdma.obj (.text.Udma_ringGetForwardRingOccLcdma)
                  a1228ebe    00000028                                                    : udma_ring_lcdma.obj (.text.Udma_ringGetReverseRingOccLcdma)
                  a1228ee6    00000028                                                    : udma_rmcfg.obj (.text.Udma_rmGetDefBoardCfgPrms)
                  a1228f0e    00000026                                                    : ipc_notify_v0.obj (.text.IpcNotify_unregisterClient)
                  a1228f34    00000026                                                    : uart_dma_udma.obj (.text.UART_udmaClose)
                  a1228f5a    00000026     freertos.j722s.r5f.ti-arm-clang.release.lib : port.obj (.text.vPortTimerTickHandler)
                  a1228f80    00000026                                                 : queue.obj (.text.vQueueAddToRegistry)
                  a1228fa6    00000024     drivers.j722s.mcu-r5f.ti-arm-clang.release.lib : csl_bcdma.obj (.text.CSL_bcdmaGetChanPeerReg)
                  a1228fca    00000024                                                    : udma_ring_lcdma.obj (.text.Udma_ringPrimeLcdma)
                  a1228fee    00000002     freertos.j722s.r5f.ti-arm-clang.release.lib : port.obj (.text.vPortConfigTimerForRunTimeStats)
                  a1228ff0    00000024     libclang_rt.builtins.a : aeabi_uldivmod.S.obj (.text.__aeabi_uldivmod)
                  a1229014    00000024     freertos.j722s.r5f.ti-arm-clang.release.lib : list.obj (.text.uxListRemove)
                  a1229038    00000024                                                 : printf.obj (.text.vprintf_)
                  a122905c    00000024                                                 : tasks.obj (.text.xTaskGetSchedulerState)
                  a1229080    00000022     drivers.j722s.mcu-r5f.ti-arm-clang.release.lib : csl_bcdma.obj (.text.CSL_bcdmaSetChanPeerReg)
                  a12290a2    00000022     ti_pinmux_config.obj (.text.Pinmux_init)
                  a12290c4    00000022     drivers.j722s.mcu-r5f.ti-arm-clang.release.lib : udma_utils.obj (.text.Udma_virtToPhyFxn)
                  a12290e6    00000020                                                    : csl_dru.obj (.text.CSL_druChSetEvent)
                  a1229106    00000020                                                    : csl_pktdma.obj (.text.CSL_pktdmaSetRxRT)
                  a1229126    00000020                                                    : csl_pktdma.obj (.text.CSL_pktdmaSetTxRT)
                  a1229146    00000020     freertos.j722s.r5f.ti-arm-clang.release.lib : TimerP.obj (.text.TimerP_Params_init)
                  a1229166    0000001e     drivers.j722s.mcu-r5f.ti-arm-clang.release.lib : csl_bcdma.obj (.text.CSL_bcdmaTeardownRxChan)
                  a1229184    0000001e                                                    : csl_bcdma.obj (.text.CSL_bcdmaTeardownTxChan)
                  a12291a2    0000001e                                                    : csl_dru.obj (.text.CSL_druChEnable)
                  a12291c0    0000001e                                                    : csl_dru.obj (.text.CSL_druChTeardown)
                  a12291de    0000001e                                                    : ipc_notify_v0.obj (.text.IpcNotify_syncCallback)
                  a12291fc    0000001e                                                    : udma_ring_lcdma.obj (.text.Udma_ringDequeueRawLcdma)
                  a122921a    0000001e                                                    : udma_ring_lcdma.obj (.text.Udma_ringQueueRawLcdma)
                  a1229238    0000001e     freertos.j722s.r5f.ti-arm-clang.release.lib : port.obj (.text.vApplicationGetIdleTaskMemory)
                  a1229256    0000001e                                                 : port.obj (.text.vApplicationGetTimerTaskMemory)
                  a1229274    0000001c     drivers.j722s.mcu-r5f.ti-arm-clang.release.lib : csl_lcdma_ringacc.obj (.text.CSL_lcdma_ringaccPush64)
                  a1229290    0000001c                                                    : csl_pktdma.obj (.text.CSL_pktdmaGetChanPeerReg)
                  a12292ac    0000001c                                                    : csl_pktdma.obj (.text.CSL_pktdmaSetChanPeerReg)
                  a12292c8    0000001c                                                    : soc.obj (.text.SOC_getCoreName)
                  a12292e4    0000001c                                                    : udma_utils.obj (.text.UdmaUtils_getRingMemSize)
                  a1229300    0000001c                                                    : udma_event.obj (.text.Udma_eventGetGlobalHandle)
                  a122931c    0000001c     freertos.j722s.r5f.ti-arm-clang.release.lib : boot_armv7r.obj (.text._system_pre_init)
                  a1229338    0000001c                                                 : list.obj (.text.vListInsertEnd)
                  a1229354    0000001c     libc.a : memcpy32.S.obj (.text:TI_memcpy_small)
                  a1229370    0000001a     drivers.j722s.mcu-r5f.ti-arm-clang.release.lib : csl_dru.obj (.text.CSL_druChIsTeardownComplete)
                  a122938a    0000001a                                                    : ipc_notify_v0.obj (.text.IpcNotify_Params_init)
                  a12293a4    0000001a                                                    : ipc_rpmsg_vring.obj (.text.RPMessage_vringGetRxBufAddr)
                  a12293be    0000001a                                                    : uart_dma.obj (.text.UART_readInterruptDma)
                  a12293d8    0000001a                                                    : uart_dma.obj (.text.UART_writeInterruptDma)
                  a12293f2    0000001a     freertos.j722s.r5f.ti-arm-clang.release.lib : tasks.obj (.text.vTaskInternalSetTimeOutState)
                  a122940c    00000018     ti_drivers_config.obj (.text.IpcNotify_getConfig)
                  a1229424    00000018     drivers.j722s.mcu-r5f.ti-arm-clang.release.lib : ipc_notify_v0.obj (.text.IpcNotify_isCoreEnabled)
                  a122943c    00000018                                                    : sciclient_soc_priv.obj (.text.Sciclient_getDevId)
                  a1229454    00000018                                                    : udma_ring_lcdma.obj (.text.Udma_ringGetElementCntLcdma)
                  a122946c    00000018                                                    : udma_ring_lcdma.obj (.text.Udma_ringGetMemPtrLcdma)
                  a1229484    00000018                                                    : udma_ring_lcdma.obj (.text.Udma_ringGetModeLcdma)
                  a122949c    00000018                                                    : udma_ring_lcdma.obj (.text.Udma_ringGetRdIdxLcdma)
                  a12294b4    00000018                                                    : udma_ring_lcdma.obj (.text.Udma_ringGetWrIdxLcdma)
                  a12294cc    00000018     freertos.j722s.r5f.ti-arm-clang.release.lib : tasks.obj (.text.pvTaskIncrementMutexHeldCount)
                  a12294e4    00000018                                                 : port.obj (.text.xPortStartScheduler)
                  a12294fc    00000018                                                 : tasks.obj (.text.xTaskGetTickCount)
                  a1229514    00000018     libc.a : memset32.S.obj (.text:TI_memset_small)
                  a122952c    00000016     drivers.j722s.mcu-r5f.ti-arm-clang.release.lib : csl_bcdma.obj (.text.CSL_bcdmaGetRxRT)
                  a1229542    00000016                                                    : csl_bcdma.obj (.text.CSL_bcdmaGetTxRT)
                  a1229558    00000016                                                    : csl_bcdma.obj (.text.CSL_bcdmaSetRxRT)
                  a122956e    00000016                                                    : csl_bcdma.obj (.text.CSL_bcdmaSetTxRT)
                  a1229584    00000016     freertos.j722s.r5f.ti-arm-clang.release.lib : list.obj (.text.vListInitialise)
                  a122959a    00000014     drivers.j722s.mcu-r5f.ti-arm-clang.release.lib : csl_lcdma_ringacc.obj (.text.CSL_lcdma_ringaccPop64)
                  a12295ae    00000014     freertos.j722s.r5f.ti-arm-clang.release.lib : ClockP_freertos.obj (.text.ClockP_usecToTicks)
                  a12295c2    00000012     drivers.j722s.mcu-r5f.ti-arm-clang.release.lib : csl_lcdma_ringacc.obj (.text.CSL_lcdma_ringaccGetReverseRingOcc)
                  a12295d4    00000012     freertos.j722s.r5f.ti-arm-clang.release.lib : DebugP_memTraceLogWriter.obj (.text.DebugP_memLogWriterInit)
                  a12295e6    00000012                                                 : TimerP.obj (.text.TimerP_clearOverflowInt)
                  a12295f8    00000012     main.obj (.text.freertos_main)
                  a122960a    00000012     ti_dpl_config.obj (.text.putchar_)
                  a122961c    00000010     drivers.j722s.mcu-r5f.ti-arm-clang.release.lib : csl_lcdma_ringacc.obj (.text.CSL_lcdma_ringaccIsTeardownComplete)
                  a122962c    00000010     freertos.j722s.r5f.ti-arm-clang.release.lib : DebugP_log.obj (.text.DebugP_exceptionLog)
                  a122963c    00000010     drivers.j722s.mcu-r5f.ti-arm-clang.release.lib : sciclient_rm.obj (.text.Sciclient_rmIrqRelease)
                  a122964c    00000010                                                    : udma_ch.obj (.text.UdmaChPdmaPrms_init)
                  a122965c    00000010     libclang_rt.builtins.a : aeabi_memset.S.obj (.text.__aeabi_memset)
                  a122966c    00000010     freertos.j722s.r5f.ti-arm-clang.release.lib : port.obj (.text.vPortYeildFromISR)
                  a122967c    00000010                                                 : tasks.obj (.text.vTaskSuspendAll)
                  a122968c    0000000e     drivers.j722s.mcu-r5f.ti-arm-clang.release.lib : csl_lcdma_ringacc.obj (.text.CSL_lcdma_ringaccGetForwardRingOcc)
                  a122969a    0000000e                                                    : csl_lcdma_ringacc.obj (.text.CSL_lcdma_ringaccInitRingObj)
                  a12296a8    0000000e     ti_power_clock_config.obj (.text.PowerClock_init)
                  a12296b6    0000000e     freertos.j722s.r5f.ti-arm-clang.release.lib : tasks.obj (.text.vTaskMissedYield)
                  a12296c4    0000000c                                                 : DebugP_uartLogWriter.obj (.text.DebugP_uartSetDrvIndex)
                  a12296d0    0000000c     drivers.j722s.mcu-r5f.ti-arm-clang.release.lib : ipc_notify_v0.obj (.text.IpcNotify_getSelfCoreId)
                  a12296dc    0000000c                                                    : sciclient.obj (.text.Sciclient_getSelfDevIdCore)
                  a12296e8    0000000c     libclang_rt.builtins.a : aeabi_memset.S.obj (.text.__aeabi_memclr)
                  a12296f4    0000000c     freertos.j722s.r5f.ti-arm-clang.release.lib : tasks.obj (.text.xTaskGetCurrentTaskHandle)
                  a1229700    0000000a                                                 : AddrTranslateP.obj (.text.AddrTranslateP_Params_init)
                  a122970a    0000000a     drivers.j722s.mcu-r5f.ti-arm-clang.release.lib : csl_sec_proxy.obj (.text.CSL_secProxyGetDataAddr)
                  a1229714    0000000a     freertos.j722s.r5f.ti-arm-clang.release.lib : TimerP.obj (.text.TimerP_start)
                  a122971e    0000000a     drivers.j722s.mcu-r5f.ti-arm-clang.release.lib : utils.obj (.text.Utils_dataAndInstructionBarrier)
                  a1229728    0000000a     freertos.j722s.r5f.ti-arm-clang.release.lib : printf.obj (.text._out_buffer)
                  a1229732    0000000a                                                 : port.obj (.text.vApplicationIdleHook)
                  a122973c    00000008     drivers.j722s.mcu-r5f.ti-arm-clang.release.lib : udma_ring_common.obj (.text.Udma_ringGetForwardRingOcc)
                  a1229744    00000008                                                    : udma_ring_common.obj (.text.Udma_ringGetReverseRingOcc)
                  a122974c    00000008                                                    : udma_ring_lcdma.obj (.text.Udma_ringHandleClearRegsLcdma)
                  a1229754    00000008     freertos.j722s.r5f.ti-arm-clang.release.lib : printf.obj (.text._out_char)
                  a122975c    00000008                                                 : port.obj (.text.uiPortGetRunTimeCounterValue)
                  a1229764    00000006     drivers.j722s.mcu-r5f.ti-arm-clang.release.lib : csl_pktdma.obj (.text.CSL_pktdmaTeardownRxChan)
                  a122976a    00000006                                                    : csl_pktdma.obj (.text.CSL_pktdmaTeardownTxChan)
                  a1229770    00000006     freertos.j722s.r5f.ti-arm-clang.release.lib : SemaphoreP_freertos.obj (.text.SemaphoreP_destruct)
                  a1229776    00000006     drivers.j722s.mcu-r5f.ti-arm-clang.release.lib : udma_rm.obj (.text.Udma_rmAllocFreeRing)
                  a122977c    00000006     freertos.j722s.r5f.ti-arm-clang.release.lib : port.obj (.text.prvTaskExitError)
                  a1229782    00000006                                                 : list.obj (.text.vListInitialiseItem)
                  a1229788    00000004                                                 : ClockP_freertos.obj (.text.ClockP_getTicks)
                  a122978c    00000004                                                 : ClockP_freertos_r5.obj (.text.ClockP_getTimerCount)
                  a1229790    00000004                                                 : ClockP_freertos_r5.obj (.text.ClockP_timerClearOverflowInt)
                  a1229794    00000004     ti_drivers_open_close.obj (.text.Drivers_open)
                  a1229798    00000004     drivers.j722s.mcu-r5f.ti-arm-clang.release.lib : sciclient_rm.obj (.text.Sciclient_rmIrqSet)
                  a122979c    00000004                                                    : sciclient_rm.obj (.text.Sciclient_rmIrqTranslateIaOutput)
                  a12297a0    00000004                                                    : sciclient_rm.obj (.text.Sciclient_rmIrqTranslateIrqInput)
                  a12297a4    00000004     freertos.j722s.r5f.ti-arm-clang.release.lib : TaskP_freertos.obj (.text.TaskP_yield)
                  a12297a8    00000004                                                 : TimerP.obj (.text.TimerP_getCount)
                  a12297ac    00000004                                                 : TimerP.obj (.text.TimerP_getReloadCount)
                  a12297b0    00000004     drivers.j722s.mcu-r5f.ti-arm-clang.release.lib : udma_utils.obj (.text.Udma_defaultVirtToPhyFxn)
                  a12297b4    00000004                                                    : udma_soc.obj (.text.Udma_isCacheCoherent)
                  a12297b8    00000004     libclang_rt.builtins.a : aeabi_memcpy.S.obj (.text.__aeabi_memcpy)
                  a12297bc    00000002     freertos.j722s.r5f.ti-arm-clang.release.lib : port.obj (.text.vPortValidateInterruptPriority)
                  a12297be    00000002     --HOLE-- [fill = 0]
                  a12297c0    00000004     libclang_rt.builtins.a : aeabi_div0.c.obj (.text.__aeabi_ldiv0)
                  a12297c4    00000008     freertos.j722s.r5f.ti-arm-clang.release.lib : portASM.obj (.tramp.vPortRestoreTaskContext.1)
                  a12297cc    00000008                                                 : HwiP_armv7r_asm.obj (.tramp.HwiP_enable.1)
                  a12297d4    00000008                                                 : HwiP_armv7r_vim.obj (.tramp.HwiP_init.1)
                  a12297dc    00000008                                                 : CacheP_armv7r_asm.obj (.tramp.CacheP_wb.2)
                  a12297e4    00000008                                                 : HwiP_armv7r_vim.obj (.tramp.HwiP_inISR.1)
                  a12297ec    00000008                                                 : CacheP_armv7r.obj (.tramp.CacheP_inv.1)
                  a12297f4    00000008                                                 : DebugP_log.obj (.tramp._DebugP_assertNoLog.1)
                  a12297fc    00000008                                                 : HwiP_armv7r_vim.obj (.tramp.HwiP_destruct.1)
                  a1229804    00000008                                                 : CacheP_armv7r_asm.obj (.tramp.CacheP_wbInv.1)
                  a122980c    00000008                                                 : CacheP_armv7r_asm.obj (.tramp.CacheP_wb.1)
                  a1229814    00000008                                                 : HwiP_armv7r_vim.obj (.tramp.HwiP_disableInt.1)
                  a122981c    00000008                                                 : HwiP_armv7r_asm.obj (.tramp.HwiP_restore.3)
                  a1229824    00000008                                                 : HwiP_armv7r_asm.obj (.tramp.HwiP_disable.1)
                  a122982c    00000008                                                 : HwiP_armv7r_vim.obj (.tramp.HwiP_construct.1)
                  a1229834    00000008                                                 : HwiP_armv7r_vim.obj (.tramp.HwiP_Params_init.1)
                  a122983c    00000004     --HOLE-- [fill = 0]

.rodata    0    a1229840    00002278     
                  a1229840    000001a4     drivers.j722s.mcu-r5f.ti-arm-clang.release.lib : udma_rmcfg.obj (.rodata.gUdmaRmDefBoardCfg_Pktdma)
                  a12299e4    00000118                                                    : sciclient_fmwSecureProxyMap.obj (.rodata.gSciclientMap)
                  a1229afc    0000008c                                                    : sciclient_irq_rm.obj (.rodata.gRmIrqTree)
                  a1229b88    00000084                                                    : udma_rmcfg.obj (.rodata.gUdmaRmDefBoardCfg_Bcdma)
                  a1229c0c    00000084                                                    : udma_rmcfg.obj (.rodata.gUdmaRmDefBoardCfg_BcdmaCsi)
                  a1229c90    00000082     freertos.j722s.r5f.ti-arm-clang.release.lib : tasks.obj (.rodata.str1.35094467418371808881)
                  a1229d12    00000002     --HOLE-- [fill = 0]
                  a1229d14    00000078     drivers.j722s.mcu-r5f.ti-arm-clang.release.lib : udma_soc.obj (.rodata.gUdmaTxMappedChRingAttributes)
                  a1229d8c    0000006b     freertos.j722s.r5f.ti-arm-clang.release.lib : queue.obj (.rodata.str1.141940174562607130321)
                  a1229df7    00000065                                                 : queue.obj (.rodata.str1.111608391506778058741)
                  a1229e5c    00000062                                                 : queue.obj (.rodata.str1.97075527348778053441)
                  a1229ebe    0000005f                                                 : queue.obj (.rodata.str1.114907725057876044971)
                  a1229f1d    0000005d                                                 : queue.obj (.rodata.str1.183044189028674907331)
                  a1229f7a    0000005c                                                 : ClockP_freertos_r5.obj (.rodata.str1.40321079418843659821)
                  a1229fd6    00000059                                                 : queue.obj (.rodata.str1.182701567456599862741)
                  a122a02f    00000051                                                 : tasks.obj (.rodata.str1.139630980779555117321)
                  a122a080    00000050                                                 : printf.obj (.rodata._ftoa.pow10)
                  a122a0d0    0000004f                                                 : tasks.obj (.rodata.str1.21285386633116864331)
                  a122a11f    0000004a                                                 : queue.obj (.rodata.str1.147229376489009400541)
                  a122a169    0000004a                                                 : queue.obj (.rodata.str1.64809264458032822611)
                  a122a1b3    00000040     drivers.j722s.mcu-r5f.ti-arm-clang.release.lib : ipc_notify_v0.obj (.rodata.str1.127192029451675065831)
                  a122a1f3    00000001     --HOLE-- [fill = 0]
                  a122a1f4    00000040                                                    : sciclient_irq_rm.obj (.rodata.tisci_if_DMASS1_INTAGGR_0)
                  a122a234    0000003f     freertos.j722s.r5f.ti-arm-clang.release.lib : port.obj (.rodata.str1.46439670207802211051)
                  a122a273    0000003e     task_main.obj (.rodata.str1.1337339575946253761)
                  a122a2b1    0000003e     freertos.j722s.r5f.ti-arm-clang.release.lib : tasks.obj (.rodata.str1.136965813453778504241)
                  a122a2ef    0000003d                                                 : TimerP.obj (.rodata.str1.137259705890908150361)
                  a122a32c    0000003d                                                 : heap_4.obj (.rodata.str1.159398788565163076961)
                  a122a369    00000003     --HOLE-- [fill = 0]
                  a122a36c    0000003c     drivers.j722s.mcu-r5f.ti-arm-clang.release.lib : udma_soc.obj (.rodata.gUdmaRxMappedChRingAttributes)
                  a122a3a8    00000039     freertos.j722s.r5f.ti-arm-clang.release.lib : queue.obj (.rodata.str1.155751931963463417611)
                  a122a3e1    00000037                                                 : SemaphoreP_freertos.obj (.rodata.str1.101306302737560956511)
                  a122a418    00000035     ti_drivers_open_close.obj (.rodata.str1.135241915826326793361)
                  a122a44d    00000035     drivers.j722s.mcu-r5f.ti-arm-clang.release.lib : ipc_rpmsg.obj (.rodata.str1.39454300482808885291)
                  a122a482    00000034     freertos.j722s.r5f.ti-arm-clang.release.lib : TimerP.obj (.rodata.str1.35372726421922690711)
                  a122a4b6    00000034                                                 : port.obj (.rodata.str1.54290801393765884131)
                  a122a4ea    00000032                                                 : heap_4.obj (.rodata.str1.79098017499774591071)
                  a122a51c    00000031                                                 : timers.obj (.rodata.str1.118691063449689221261)
                  a122a54d    0000002f     drivers.j722s.mcu-r5f.ti-arm-clang.release.lib : ipc_notify_v0.obj (.rodata.str1.174762955759477225641)
                  a122a57c    0000002f                                                    : ipc_notify_v0.obj (.rodata.str1.21360020578790962271)
                  a122a5ab    0000002e     freertos.j722s.r5f.ti-arm-clang.release.lib : queue.obj (.rodata.str1.169224295655360559331)
                  a122a5d9    0000002e                                                 : tasks.obj (.rodata.str1.48156116803641952041)
                  a122a607    00000001     --HOLE-- [fill = 0]
                  a122a608    0000002c     drivers.j722s.mcu-r5f.ti-arm-clang.release.lib : soc.obj (.rodata.SOC_getCoreName.coreIdNames)
                  a122a634    0000002c                                                    : sciclient_irq_rm.obj (.rodata.tisci_if_MAIN_GPIOMUX_INTROUTER0)
                  a122a660    0000002c                                                    : sciclient_irq_rm.obj (.rodata.tisci_if_WKUP_MCU_GPIOMUX_INTROUTER0)
                  a122a68c    0000002a     freertos.j722s.r5f.ti-arm-clang.release.lib : queue.obj (.rodata.str1.117220106563095428321)
                  a122a6b6    0000002a                                                 : queue.obj (.rodata.str1.131109953815054904231)
                  a122a6e0    0000002a                                                 : heap_4.obj (.rodata.str1.73622560481828276671)
                  a122a70a    0000002a                                                 : DebugP_log.obj (.rodata.str1.83863751503234361091)
                  a122a734    00000029                                                 : tasks.obj (.rodata.str1.163419493628046240901)
                  a122a75d    00000028                                                 : queue.obj (.rodata.str1.66838038054841833861)
                  a122a785    00000003     --HOLE-- [fill = 0]
                  a122a788    00000028     drivers.j722s.mcu-r5f.ti-arm-clang.release.lib : sciclient_irq_rm.obj (.rodata.tisci_if_DMASS0_INTAGGR_0)
                  a122a7b0    00000028                                                    : sciclient_irq_rm.obj (.rodata.tisci_if_TIMESYNC_EVENT_INTROUTER0)
                  a122a7d8    00000027     freertos.j722s.r5f.ti-arm-clang.release.lib : tasks.obj (.rodata.str1.154345579020199312091)
                  a122a7ff    00000027                                                 : ClockP_freertos_r5.obj (.rodata.str1.174039377942727712421)
                  a122a826    00000027                                                 : queue.obj (.rodata.str1.96981306251351186341)
                  a122a84d    00000026                                                 : tasks.obj (.rodata.str1.84784629205457660741)
                  a122a873    00000025     drivers.j722s.mcu-r5f.ti-arm-clang.release.lib : ipc_notify_v0.obj (.rodata.str1.101865894839250835651)
                  a122a898    00000025     freertos.j722s.r5f.ti-arm-clang.release.lib : queue.obj (.rodata.str1.157319839281776338901)
                  a122a8bd    00000025                                                 : tasks.obj (.rodata.str1.164771349851604497811)
                  a122a8e2    00000024                                                 : tasks.obj (.rodata.str1.69153417865725730841)
                  a122a906    00000024     main.obj (.rodata.str1.97993385775340092391)
                  a122a92a    00000023     freertos.j722s.r5f.ti-arm-clang.release.lib : ClockP_freertos_r5.obj (.rodata.str1.150638469851462986011)
                  a122a94d    00000022                                                 : tasks.obj (.rodata.str1.2290074252429086771)
                  a122a96f    00000022                                                 : tasks.obj (.rodata.str1.36029711656696298901)
                  a122a991    00000021     drivers.j722s.mcu-r5f.ti-arm-clang.release.lib : uart_dma_udma.obj (.rodata.str1.142171204071080543651)
                  a122a9b2    00000021     freertos.j722s.r5f.ti-arm-clang.release.lib : ClockP_freertos_r5.obj (.rodata.str1.159651826034932727571)
                  a122a9d3    00000021                                                 : SemaphoreP_freertos.obj (.rodata.str1.58153449447620416071)
                  a122a9f4    00000021                                                 : tasks.obj (.rodata.str1.79598815126972579641)
                  a122aa15    00000021                                                 : tasks.obj (.rodata.str1.98910482011056687671)
                  a122aa36    00000020                                                 : tasks.obj (.rodata.str1.173256952803158338481)
                  a122aa56    00000020     drivers.j722s.mcu-r5f.ti-arm-clang.release.lib : ipc_notify_v0.obj (.rodata.str1.77803935510469970291)
                  a122aa76    0000001f     freertos.j722s.r5f.ti-arm-clang.release.lib : ClockP_freertos_r5.obj (.rodata.str1.11445913706811365071)
                  a122aa95    0000001f     drivers.j722s.mcu-r5f.ti-arm-clang.release.lib : ipc_notify_v0.obj (.rodata.str1.120254807837202051031)
                  a122aab4    0000001f     freertos.j722s.r5f.ti-arm-clang.release.lib : TimerP.obj (.rodata.str1.150767944974718792331)
                  a122aad3    0000001f     drivers.j722s.mcu-r5f.ti-arm-clang.release.lib : uart_v0.obj (.rodata.str1.169394063705023262141)
                  a122aaf2    0000001f                                                    : ipc_rpmsg_vring.obj (.rodata.str1.174155922056988913621)
                  a122ab11    0000001e     freertos.j722s.r5f.ti-arm-clang.release.lib : port.obj (.rodata.str1.172055408752354613651)
                  a122ab2f    0000001e                                                 : TimerP.obj (.rodata.str1.40281965742819452681)
                  a122ab4d    0000001e     drivers.j722s.mcu-r5f.ti-arm-clang.release.lib : ipc_notify_v0.obj (.rodata.str1.54645948539029747971)
                  a122ab6b    0000001e     ti_drivers_config.obj (.rodata.str1.72370512399720775981)
                  a122ab89    0000001e     freertos.j722s.r5f.ti-arm-clang.release.lib : tasks.obj (.rodata.str1.96991310378637518431)
                  a122aba7    0000001d                                                 : TimerP.obj (.rodata.str1.102252773321675906221)
                  a122abc4    0000001d     task_main.obj (.rodata.str1.142360957639910729651)
                  a122abe1    0000001c     drivers.j722s.mcu-r5f.ti-arm-clang.release.lib : ipc_rpmsg_vring.obj (.rodata.str1.40122266184164752721)
                  a122abfd    0000001c     freertos.j722s.r5f.ti-arm-clang.release.lib : ClockP_freertos_r5.obj (.rodata.str1.44807435292555296461)
                  a122ac19    0000001b                                                 : tasks.obj (.rodata.str1.115604734719323499911)
                  a122ac34    0000001b                                                 : timers.obj (.rodata.str1.118410620769520892031)
                  a122ac4f    0000001b                                                 : SemaphoreP_freertos.obj (.rodata.str1.54880761511891225261)
                  a122ac6a    0000001a                                                 : SemaphoreP_freertos.obj (.rodata.str1.113239132686834773161)
                  a122ac84    0000001a                                                 : queue.obj (.rodata.str1.151229474153774359471)
                  a122ac9e    0000001a                                                 : tasks.obj (.rodata.str1.61687165741830068811)
                  a122acb8    0000001a                                                 : TimerP.obj (.rodata.str1.74515085465037407181)
                  a122acd2    00000019                                                 : queue.obj (.rodata.str1.124526672332049379801)
                  a122aceb    00000019     drivers.j722s.mcu-r5f.ti-arm-clang.release.lib : uart_v0.obj (.rodata.str1.151873246111077803171)
                  a122ad04    00000019     freertos.j722s.r5f.ti-arm-clang.release.lib : timers.obj (.rodata.str1.171292879472474763341)
                  a122ad1d    00000019                                                 : tasks.obj (.rodata.str1.21405417678311569961)
[...]
a12297b5  Udma_isCacheCoherent                                                            
a12297b8  __aeabi_memcpy                                                                  
a12297b8  __aeabi_memcpy4                                                                 
a12297b8  __aeabi_memcpy8                                                                 
a12297bd  vPortValidateInterruptPriority                                                  
a12297c0  __aeabi_ldiv0                                                                   
a1229840  gUdmaRmDefBoardCfg_Pktdma                                                       
a12299e4  gSciclientMap                                                                   
a1229afc  gRmIrqTree                                                                      
a1229b88  gUdmaRmDefBoardCfg_Bcdma                                                        
a1229c0c  gUdmaRmDefBoardCfg_BcdmaCsi                                                     
a1229d14  gUdmaTxMappedChRingAttributes                                                   
a122a1f4  tisci_if_DMASS1_INTAGGR_0                                                       
a122a36c  gUdmaRxMappedChRingAttributes                                                   
a122a634  tisci_if_MAIN_GPIOMUX_INTROUTER0                                                
a122a660  tisci_if_WKUP_MCU_GPIOMUX_INTROUTER0                                            
a122a788  tisci_if_DMASS0_INTAGGR_0                                                       
a122a7b0  tisci_if_TIMESYNC_EVENT_INTROUTER0                                              
a122b120  tisci_if_PCIE0                                                                  
a122b300  tisci_if_CPSW0                                                                  
a122b474  tisci_if_GPIO0                                                                  
a122b4f4  CPSW0_cpts_comp_0_0_to_DMASS0_INTAGGR_0_intaggr_levi_pend_0_0                   
a122b4fc  CPSW0_cpts_genf0_1_1_to_TIMESYNC_EVENT_INTROUTER0_in_16_16                      
a122b504  CPSW0_cpts_genf1_2_2_to_TIMESYNC_EVENT_INTROUTER0_in_17_17                      
a122b50c  CPSW0_cpts_sync_3_3_to_TIMESYNC_EVENT_INTROUTER0_in_18_18                       
a122b514  DEBUGSS0_davdma_level_0_0_to_DMASS0_INTAGGR_0_intaggr_levi_pend_27_27           
a122b51c  DMASS0_INTAGGR_0_intaggr_vintr_pend_0_39_to_C7X256V0_CLEC_gic_spi_64_103        
a122b524  DMASS0_INTAGGR_0_intaggr_vintr_pend_0_39_to_C7X256V1_CLEC_gic_spi_64_103        
a122b52c  DMASS0_INTAGGR_0_intaggr_vintr_pend_0_39_to_GICSS0_spi_64_103                   
a122b534  DMASS0_INTAGGR_0_intaggr_vintr_pend_100_115_to_C7X256V1_CLEC_soc_events_in_16_31
a122b53c  DMASS0_INTAGGR_0_intaggr_vintr_pend_136_151_to_HSM0_nvic_176_191                
a122b544  DMASS0_INTAGGR_0_intaggr_vintr_pend_152_167_to_R5FSS0_CORE0_intr_64_79          
a122b54c  DMASS0_INTAGGR_0_intaggr_vintr_pend_168_183_to_MCU_R5FSS0_CORE0_cpu0_intr_64_79 
a122b554  DMASS0_INTAGGR_0_intaggr_vintr_pend_40_71_to_WKUP_R5FSS0_CORE0_intr_64_95       
a122b55c  DMASS0_INTAGGR_0_intaggr_vintr_pend_72_79_to_WKUP_R5FSS0_CORE0_intr_8_15        
a122b564  DMASS0_INTAGGR_0_intaggr_vintr_pend_84_99_to_C7X256V0_CLEC_soc_events_in_16_31  
a122b56c  DMASS1_INTAGGR_0_intaggr_vintr_pend_0_7_to_C7X256V0_CLEC_gic_spi_237_244        
a122b574  DMASS1_INTAGGR_0_intaggr_vintr_pend_0_7_to_C7X256V1_CLEC_gic_spi_237_244        
a122b57c  DMASS1_INTAGGR_0_intaggr_vintr_pend_0_7_to_GICSS0_spi_237_244                   
a122b584  DMASS1_INTAGGR_0_intaggr_vintr_pend_12_12_to_WKUP_R5FSS0_CORE0_intr_150_150     
a122b58c  DMASS1_INTAGGR_0_intaggr_vintr_pend_13_15_to_WKUP_R5FSS0_CORE0_intr_158_160     
a122b594  DMASS1_INTAGGR_0_intaggr_vintr_pend_14_15_to_R5FSS0_CORE0_intr_158_159          
a122b59c  DMASS1_INTAGGR_0_intaggr_vintr_pend_16_19_to_MCU_R5FSS0_CORE0_cpu0_intr_129_132 
a122b5a4  DMASS1_INTAGGR_0_intaggr_vintr_pend_20_20_to_MCU_R5FSS0_CORE0_cpu0_intr_150_150 
a122b5ac  DMASS1_INTAGGR_0_intaggr_vintr_pend_21_23_to_MCU_R5FSS0_CORE0_cpu0_intr_158_160 
a122b5b4  DMASS1_INTAGGR_0_intaggr_vintr_pend_22_22_to_R5FSS0_CORE0_intr_160_160          
a122b5bc  DMASS1_INTAGGR_0_intaggr_vintr_pend_23_23_to_R5FSS0_CORE0_intr_150_150          
a122b5c4  DMASS1_INTAGGR_0_intaggr_vintr_pend_24_27_to_R5FSS0_CORE0_intr_129_132          
a122b5cc  DMASS1_INTAGGR_0_intaggr_vintr_pend_28_29_to_R5FSS0_CORE0_intr_138_139          
a122b5d4  DMASS1_INTAGGR_0_intaggr_vintr_pend_30_31_to_R5FSS0_CORE0_intr_143_144          
a122b5dc  DMASS1_INTAGGR_0_intaggr_vintr_pend_32_39_to_R5FSS0_CORE0_intr_8_15             
a122b5e4  DMASS1_INTAGGR_0_intaggr_vintr_pend_8_11_to_WKUP_R5FSS0_CORE0_intr_129_132      
a122b5ec  DMPAC0_dmpac_level_0_1_to_MAIN_GPIOMUX_INTROUTER0_in_196_197                    
a122b5f4  DSS0_dispc_intr_req_0_0_0_to_DMASS0_INTAGGR_0_intaggr_levi_pend_2_2             
a122b5fc  DSS0_dispc_intr_req_1_1_1_to_DMASS0_INTAGGR_0_intaggr_levi_pend_3_3             
a122b604  DSS1_dispc_intr_req_0_0_0_to_DMASS0_INTAGGR_0_intaggr_levi_pend_4_4             
a122b60c  DSS1_dispc_intr_req_1_1_1_to_DMASS0_INTAGGR_0_intaggr_levi_pend_5_5             
a122b614  EPWM0_epwm_synco_o_0_0_to_TIMESYNC_EVENT_INTROUTER0_in_8_8                      
a122b61c  GPIO0_gpio_0_89_to_MAIN_GPIOMUX_INTROUTER0_in_0_89                              
a122b624  GPIO0_gpio_90_91_to_MAIN_GPIOMUX_INTROUTER0_in_176_177                          
a122b62c  GPIO0_gpio_bank_92_97_to_MAIN_GPIOMUX_INTROUTER0_in_190_195                     
a122b634  GPIO1_gpio_0_71_to_MAIN_GPIOMUX_INTROUTER0_in_90_161                            
a122b63c  GPIO1_gpio_bank_72_77_to_MAIN_GPIOMUX_INTROUTER0_in_180_185                     
a122b644  GPMC0_gpmc_sdmareq_0_0_to_DMASS0_INTAGGR_0_intaggr_levi_pend_26_26              
a122b64c  I2C4_pointrpend_0_0_to_MAIN_GPIOMUX_INTROUTER0_in_178_178                       
a122b654  MAIN_GPIOMUX_INTROUTER0_outp_0_15_to_C7X256V0_CLEC_gic_spi_32_47                
a122b65c  MAIN_GPIOMUX_INTROUTER0_outp_0_15_to_C7X256V1_CLEC_gic_spi_32_47                
a122b664  MAIN_GPIOMUX_INTROUTER0_outp_0_15_to_GICSS0_spi_32_47                           
a122b66c  MAIN_GPIOMUX_INTROUTER0_outp_0_15_to_WKUP_R5FSS0_CORE0_intr_32_47               
a122b674  MAIN_GPIOMUX_INTROUTER0_outp_0_7_to_HSM0_nvic_208_215                           
a122b67c  MAIN_GPIOMUX_INTROUTER0_outp_16_19_to_R5FSS0_CORE0_intr_104_107                 
a122b684  MAIN_GPIOMUX_INTROUTER0_outp_20_21_to_R5FSS0_CORE0_intr_56_57                   
a122b68c  MAIN_GPIOMUX_INTROUTER0_outp_22_23_to_DMASS0_INTAGGR_0_intaggr_levi_pend_24_25  
a122b694  MAIN_GPIOMUX_INTROUTER0_outp_24_31_to_DMASS0_INTAGGR_0_intaggr_levi_pend_16_23  
a122b69c  MAIN_GPIOMUX_INTROUTER0_outp_32_33_to_R5FSS0_CORE0_intr_58_59                   
a122b6a4  MAIN_GPIOMUX_INTROUTER0_outp_34_35_to_MCU_R5FSS0_CORE0_cpu0_intr_32_33          
a122b6ac  MCASP3_rec_intr_pend_0_0_to_MAIN_GPIOMUX_INTROUTER0_in_186_186                  
a122b6b4  MCASP3_xmit_intr_pend_1_1_to_MAIN_GPIOMUX_INTROUTER0_in_187_187                 
a122b6bc  MCASP4_rec_intr_pend_0_0_to_MAIN_GPIOMUX_INTROUTER0_in_188_188                  
a122b6c4  MCASP4_xmit_intr_pend_1_1_to_MAIN_GPIOMUX_INTROUTER0_in_189_189                 
a122b6cc  MCRC64_0_dma_event_0_3_to_DMASS0_INTAGGR_0_intaggr_levi_pend_28_31              
a122b6d4  MCRC64_0_int_mcrc_4_4_to_DMASS0_INTAGGR_0_intaggr_levi_pend_7_7                 
a122b6dc  MCU_GPIO0_gpio_0_23_to_WKUP_MCU_GPIOMUX_INTROUTER0_in_0_23                      
a122b6e4  MCU_GPIO0_gpio_bank_24_25_to_WKUP_MCU_GPIOMUX_INTROUTER0_in_30_31               
a122b6ec  MCU_TIMER0_timer_pwm_0_0_to_MAIN_GPIOMUX_INTROUTER0_in_170_170                  
a122b6f4  MCU_TIMER1_timer_pwm_0_0_to_MAIN_GPIOMUX_INTROUTER0_in_171_171                  
a122b6fc  MCU_TIMER2_timer_pwm_0_0_to_MAIN_GPIOMUX_INTROUTER0_in_172_172                  
a122b704  MCU_TIMER3_timer_pwm_0_0_to_MAIN_GPIOMUX_INTROUTER0_in_173_173                  
a122b70c  PCIE0_pcie_cpts_comp_0_0_to_DMASS0_INTAGGR_0_intaggr_levi_pend_1_1              
a122b714  PCIE0_pcie_cpts_genf0_1_1_to_TIMESYNC_EVENT_INTROUTER0_in_4_4                   
a122b71c  PCIE0_pcie_cpts_hw1_push_2_2_to_TIMESYNC_EVENT_INTROUTER0_in_5_5                
a122b724  PCIE0_pcie_cpts_sync_3_3_to_TIMESYNC_EVENT_INTROUTER0_in_6_6                    
a122b72c  PCIE0_pcie_ptm_valid_pulse_4_4_to_TIMESYNC_EVENT_INTROUTER0_in_7_7              
a122b734  TIMER0_timer_pwm_0_0_to_MAIN_GPIOMUX_INTROUTER0_in_162_162                      
a122b73c  TIMER0_timer_pwm_0_0_to_TIMESYNC_EVENT_INTROUTER0_in_0_0                        
a122b744  TIMER1_timer_pwm_0_0_to_MAIN_GPIOMUX_INTROUTER0_in_163_163                      
a122b74c  TIMER1_timer_pwm_0_0_to_TIMESYNC_EVENT_INTROUTER0_in_1_1                        
a122b754  TIMER2_timer_pwm_0_0_to_MAIN_GPIOMUX_INTROUTER0_in_164_164                      
a122b75c  TIMER2_timer_pwm_0_0_to_TIMESYNC_EVENT_INTROUTER0_in_2_2                        
a122b764  TIMER3_timer_pwm_0_0_to_MAIN_GPIOMUX_INTROUTER0_in_165_165                      
a122b76c  TIMER3_timer_pwm_0_0_to_TIMESYNC_EVENT_INTROUTER0_in_3_3                        
a122b774  TIMER4_timer_pwm_0_0_to_MAIN_GPIOMUX_INTROUTER0_in_166_166                      
a122b77c  TIMER5_timer_pwm_0_0_to_MAIN_GPIOMUX_INTROUTER0_in_167_167                      
a122b784  TIMER6_timer_pwm_0_0_to_MAIN_GPIOMUX_INTROUTER0_in_168_168                      
a122b78c  TIMER7_timer_pwm_0_0_to_MAIN_GPIOMUX_INTROUTER0_in_169_169                      
a122b794  TIMESYNC_EVENT_INTROUTER0_outl_0_7_to_DMASS0_INTAGGR_0_intaggr_levi_pend_8_15   
a122b79c  TIMESYNC_EVENT_INTROUTER0_outl_10_10_to_CPSW0_cpts_hw1_push_0_0                 
a122b7a4  TIMESYNC_EVENT_INTROUTER0_outl_11_11_to_CPSW0_cpts_hw2_push_1_1                 
a122b7ac  TIMESYNC_EVENT_INTROUTER0_outl_12_12_to_CPSW0_cpts_hw3_push_2_2                 
a122b7b4  TIMESYNC_EVENT_INTROUTER0_outl_13_13_to_CPSW0_cpts_hw4_push_3_3                 
a122b7bc  TIMESYNC_EVENT_INTROUTER0_outl_14_14_to_CPSW0_cpts_hw5_push_4_4                 
a122b7c4  TIMESYNC_EVENT_INTROUTER0_outl_15_15_to_CPSW0_cpts_hw6_push_5_5                 
a122b7cc  TIMESYNC_EVENT_INTROUTER0_outl_16_16_to_CPSW0_cpts_hw7_push_6_6                 
a122b7d4  TIMESYNC_EVENT_INTROUTER0_outl_17_17_to_CPSW0_cpts_hw8_push_7_7                 
a122b7dc  TIMESYNC_EVENT_INTROUTER0_outl_8_8_to_PCIE0_pcie_cpts_hw2_push_0_0              
a122b7e4  WKUP_GTC0_gtc_push_event_0_0_to_TIMESYNC_EVENT_INTROUTER0_in_11_11              
a122b7ec  WKUP_MCU_GPIOMUX_INTROUTER0_outp_0_3_to_C7X256V0_CLEC_gic_spi_104_107           
a122b7f4  WKUP_MCU_GPIOMUX_INTROUTER0_outp_0_3_to_C7X256V1_CLEC_gic_spi_104_107           
a122b7fc  WKUP_MCU_GPIOMUX_INTROUTER0_outp_0_3_to_GICSS0_spi_104_107                      
a122b804  WKUP_MCU_GPIOMUX_INTROUTER0_outp_0_3_to_WKUP_R5FSS0_CORE0_intr_104_107          
a122b80c  WKUP_MCU_GPIOMUX_INTROUTER0_outp_12_13_to_R5FSS0_CORE0_intr_32_33               
a122b814  WKUP_MCU_GPIOMUX_INTROUTER0_outp_14_15_to_R5FSS0_CORE0_intr_60_61               
a122b81c  WKUP_MCU_GPIOMUX_INTROUTER0_outp_4_7_to_HSM0_nvic_78_81                         
a122b824  WKUP_MCU_GPIOMUX_INTROUTER0_outp_4_7_to_MCU_R5FSS0_CORE0_cpu0_intr_104_107      
a122b82c  WKUP_MCU_GPIOMUX_INTROUTER0_outp_8_11_to_WKUP_ESM0_esm_pls_event0_88_91         
a122b834  WKUP_MCU_GPIOMUX_INTROUTER0_outp_8_11_to_WKUP_ESM0_esm_pls_event1_92_95         
a122b83c  WKUP_MCU_GPIOMUX_INTROUTER0_outp_8_11_to_WKUP_ESM0_esm_pls_event2_96_99         
a122b844  WKUP_TIMER0_timer_pwm_0_0_to_MAIN_GPIOMUX_INTROUTER0_in_174_174                 
a122b84c  WKUP_TIMER1_timer_pwm_0_0_to_MAIN_GPIOMUX_INTROUTER0_in_175_175                 
a122b87c  tisci_if_DSS0                                                                   
a122b884  tisci_if_DSS1                                                                   
a122b88c  tisci_if_GPIO1                                                                  
a122b894  tisci_if_MCASP3                                                                 
a122b89c  tisci_if_MCASP4                                                                 
a122b8a4  tisci_if_MCRC64_0                                                               
a122b8ac  tisci_if_MCU_GPIO0                                                              
a122b8b4  tisci_if_TIMER0                                                                 
a122b8bc  tisci_if_TIMER1                                                                 
a122b8c4  tisci_if_TIMER2                                                                 
a122b8cc  tisci_if_TIMER3                                                                 
a122ba60  gCacheL1dCacheLineSize                                                          
a122ba64  gCacheL1pCacheLineSize                                                          
a122ba68  gRmIrqTreeCount                                                                 
a122ba74  tisci_if_DEBUGSS0                                                               
a122ba78  tisci_if_DMPAC0                                                                 
a122ba7c  tisci_if_EPWM0                                                                  
a122ba80  tisci_if_GPMC0                                                                  
a122ba84  tisci_if_I2C4                                                                   
a122ba88  tisci_if_MCU_TIMER0                                                             
a122ba8c  tisci_if_MCU_TIMER1                                                             
a122ba90  tisci_if_MCU_TIMER2                                                             
a122ba94  tisci_if_MCU_TIMER3                                                             
a122ba98  tisci_if_TIMER4                                                                 
a122ba9c  tisci_if_TIMER5                                                                 
a122baa0  tisci_if_TIMER6                                                                 
a122baa4  tisci_if_TIMER7                                                                 
a122baa8  tisci_if_WKUP_GTC0                                                              
a122baac  tisci_if_WKUP_TIMER0                                                            
a122bab0  tisci_if_WKUP_TIMER1                                                            
a122bab4  uxTopUsedPriority                                                               
a122bab8  gIpcNotifyMailboxConfig                                                         
a122bbe4  gIpcNotifyInterruptConfig_mcu_r5fss0_0                                          
a122bcb4  vint_usage_count_DMASS0_INTAGGR_0                                               
a122be08  gMpuRegionConfig                                                                
a122be98  gUartParams                                                                     
a122bef0  gBcdmaCsiRmSharedResPrms                                                        
a122bf40  gUdmaRmSharedResPrms                                                            
a122bf90  gRmIrInstances                                                                  
a122bfd8  gRmIaInstances                                                                  
a122c018  gUartUdma0Args                                                                  
a122c04c  vint_usage_count_DMASS1_INTAGGR_0                                               
a122c074  commands                                                                        
a122c098  gIpcNotifyMailboxBaseAddr                                                       
a122c0c0  gSciclientSecProxyCfg                                                           
a122c0e0  gClockConfig                                                                    
a122c110  gSocModulesClockFrequency                                                       
a122c128  gUartDmaUdmaFxns                                                                
a122c150  gAddrTranslateRegionConfig                                                      
a122c160  gSocModules                                                                     
a122c170  gAddrTranslateConfig                                                            
a122c17c  gMpuConfig                                                                      
a122c188  gCacheConfig                                                                    
a122c1a0  gUartConfig                                                                     
a122c1a8  gUartDmaConfig                                                                  
a122c1b8  FreeRTOS_errno                                                                  
a122c1bc  gDebugLogZone                                                                   
a122c1c4  gDebugMemLogSize                                                                
a122c1d0  gDebugP_uartDrvIndex                                                            
a122c1d4  gHwiConfig                                                                      
a122c1d8  gIpcNotifyInterruptConfigNum_mcu_r5fss0_0                                       
a122c1f0  gUartConfigNum                                                                  
a122c1f4  gUartDmaConfigNum                                                               
a122c1f8  gbShutdown                                                                      
a122c200  pxCurrentTCB                                                                    
a122c210  ulCriticalNesting                                                               
a122c214  ulPortInterruptNesting                                                          
a122c218  ulPortSchedularRunning                                                          
a122c21c  ulPortTaskHasFPUContext                                                         
a122c220  ulPortYieldRequired                                                             
a122c278  __IRQ_STACK_START                                                               
a122d278  __FIQ_STACK_START                                                               
a122d278  __IRQ_STACK_END                                                                 
a122d378  __FIQ_STACK_END                                                                 
a122d378  __SVC_STACK_START                                                               
a122d478  __ABORT_STACK_START                                                             
a122d478  __SVC_STACK_END                                                                 
a122d578  __ABORT_STACK_END                                                               
a122d578  __UNDEFINED_STACK_START                                                         
a122d678  __UNDEFINED_STACK_END                                                           
ffffffff  __TI_pprof_out_hndl                                                             
ffffffff  __TI_prof_data_size                                                             
ffffffff  __TI_prof_data_start                                                            
ffffffff  __binit__                                                                       
ffffffff  binit                                                                           
UNDEFED   __TI_CINIT_Base                                                                 
UNDEFED   __TI_CINIT_Limit                                                                
UNDEFED   __TI_Handler_Table_Base                                                         
UNDEFED   __TI_Handler_Table_Limit                                                        
UNDEFED   _system_post_cinit                                                              

[674 symbols]
