******************************************************************************
            TI ARM Clang Linker Unix v3.2.2                    
******************************************************************************
>> Linked Tue Apr 22 01:05:00 2025

OUTPUT FILE NAME:   <ipc_rpmsg_echo_linux.release.out>
ENTRY POINT SYMBOL: "_vectors"  address: 00000000


MEMORY CONFIGURATION

         name            origin    length      used     unused   attr    fill
----------------------  --------  ---------  --------  --------  ----  --------
  R5F_VECS              00000000   00000040  00000040  00000000  RWIX
  R5F_TCMA              00000040   00007fc0  00001310  00006cb0  RWIX
  R5F_TCMB0             41010000   00004000  00000000  00004000  RWIX
  DDR_IPC_VRING_LINUX   a2000000   00100000  00000000  00100000  RWIX
  DDR_IPC_RESOURCE_TABL a2100000   00000400  00000400  00000000  RWIX
  DDR_IPC_TRACE_LINUX   a2100400   000ffc00  00001000  000fec00  RWIX
  DDR_CODE_DATA         a2200000   00e00000  0002d208  00dd2df8  RWIX
  DDR_IPC_VRING_RTOS    a5000000   01c00000  00000000  01c00000  RWIX


SEGMENT ALLOCATION MAP

run origin  load origin   length   init length attrs members
----------  ----------- ---------- ----------- ----- -------
00000000    00000000    00001350   00001350    r-x
  00000000    00000000    00000040   00000040    r-x .vectors
  00000040    00000040    00000940   00000940    r-x .text.hwi
  00000980    00000980    00000548   00000548    r-x .text.cache
  00000ec8    00000ec8    00000338   00000338    r-x .text.mpu
  00001200    00001200    00000148   00000148    r-x .text.boot
  00001348    00001348    00000008   00000008    r-x .text:abort
a2100000    a2100000    00000400   00000400    r--
  a2100000    a2100000    00000400   00000400    r-- .resource_table
a2100400    a2100400    00001000   00000000    rw-
  a2100400    a2100400    00001000   00000000    rw- .bss.debug_mem_trace_buf
a2200000    a2200000    0001bd80   00000000    rw-
  a2200000    a2200000    0000fd80   00000000    rw- .bss
  a220fd80    a220fd80    00008000   00000000    rw- .sysmem
  a2217d80    a2217d80    00004000   00000000    rw- .stack
a221bd80    a221bd80    0000f918   0000f918    r-x
  a221bd80    a221bd80    0000d710   0000d710    r-x .text
  a2229490    a2229490    00002208   00002208    r-- .rodata
a222b698    a222b698    00000770   00000770    rw-
  a222b698    a222b698    00000770   00000770    rw- .data
a222be08    a222be08    00001400   00000000    r--
  a222be08    a222be08    00001000   00000000    r-- .irqstack
  a222ce08    a222ce08    00000100   00000000    r-- .fiqstack
  a222cf08    a222cf08    00000100   00000000    r-- .svcstack
  a222d008    a222d008    00000100   00000000    r-- .abortstack
  a222d108    a222d108    00000100   00000000    r-- .undefinedstack


SECTION ALLOCATION MAP

 output                                  attributes/
section   page    origin      length       input sections
--------  ----  ----------  ----------   ----------------
.vectors   0    00000000    00000040     
                  00000000    00000040     freertos.j722s.r5f.ti-arm-clang.release.lib : HwiP_armv7r_vectors_freertos_asm.obj (.vectors)

.text.hwi 
*          0    00000040    00000940     
                  00000040    00000408     freertos.j722s.r5f.ti-arm-clang.release.lib : HwiP_armv7r_vim.obj (.text.hwi)
                  00000448    000002e4                                                 : portASM.obj (.text.hwi)
                  0000072c    000001d2                                                 : HwiP_armv7r_handlers_freertos.obj (.text.hwi)
                  000008fe    00000002     --HOLE-- [fill = 0]
                  00000900    00000070                                                 : HwiP_armv7r_asm.obj (.text.hwi)
                  00000970    00000008                                                 : port.obj (.tramp.vPortDumpExceptionState.1)
                  00000978    00000008                                                 : HwiP_armv7r_asm.obj (.tramp.HwiP_enableFIQ.1)

.text.cache 
*          0    00000980    00000548     
                  00000980    00000458     freertos.j722s.r5f.ti-arm-clang.release.lib : CacheP_armv7r_asm.obj (.text.cache)
                  00000dd8    000000d8                                                 : CacheP_armv7r.obj (.text.cache)
                  00000eb0    00000008                                                 : CacheP_armv7r_asm.obj (.tramp.CacheP_invL1d.1)
                  00000eb8    00000008                                                 : CacheP_armv7r_asm.obj (.tramp.CacheP_enableL1p.1)
                  00000ec0    00000008                                                 : HwiP_armv7r_asm.obj (.tramp.HwiP_restore.1)

.text.mpu 
*          0    00000ec8    00000338     
                  00000ec8    000001b8     freertos.j722s.r5f.ti-arm-clang.release.lib : MpuP_armv7r.obj (.text.mpu)
                  00001080    00000164                                                 : MpuP_armv7r_asm.obj (.text.mpu)
                  000011e4    00000008                                                 : MpuP_armv7r_asm.obj (.tramp.MpuP_setRegionAsm.1)
                  000011ec    00000008                                                 : HwiP_armv7r_asm.obj (.tramp.HwiP_restore.2)
                  000011f4    00000008                                                 : MpuP_armv7r_asm.obj (.tramp.MpuP_isEnableAsm.1)
                  000011fc    00000004     --HOLE-- [fill = 0]

.text.boot 
*          0    00001200    00000148     
                  00001200    000000fc     freertos.j722s.r5f.ti-arm-clang.release.lib : boot_armv7r_asm.obj (.text.boot)
                  000012fc    0000001e                                                 : DebugP_log.obj (.text.boot)
                  0000131a    0000000e     ti_dpl_config.obj (.text.boot)
                  00001328    0000000c     main.obj (.tramp.main.1)
                  00001334    00000008     libc.a : autoinit.c.obj (.tramp.__TI_auto_init_nobinit_nopinit.1)
                  0000133c    0000000c     freertos.j722s.r5f.ti-arm-clang.release.lib : boot_armv7r.obj (.tramp._system_pre_init.1)

.text:abort 
*          0    00001348    00000008     
                  00001348    00000008     libc.a : exit.c.obj (.text:abort)

.bss       0    a2200000    0000fd80     UNINITIALIZED
                  a2200000    00005a30     (.common:gIpcRpmsgCtrl)
                  a2205a30    00000008     freertos.j722s.r5f.ti-arm-clang.release.lib : heap_4.obj (.bss.xStart)
                  a2205a38    00000004                                                 : DebugP_log.obj (.bss.Osal_exptnLogFxn)
                  a2205a3c    00000004                                                 : HwiP_armv7r_handlers_freertos.obj (.bss.gdummy)
                  a2205a40    00004000     (.common:gMainTaskStack)
                  a2209a40    00002000     (.common:ebimuRecvStack)
                  a220ba40    00001008     (.common:gHwiCtrl)
                  a220ca48    00001000                                                 : port.obj (.bss.uxIdleTaskStack)
                  a220da48    000009ec     (.common:gUdmaDrvObj)
                  a220e434    00000400                                                 : port.obj (.bss.uxTimerTaskStack)
                  a220e834    000002c8     ti_drivers_config.obj (.bss.gUart0UdmaRxObj)
                  a220eafc    000002c8     ti_drivers_config.obj (.bss.gUart0UdmaTxObj)
                  a220edc4    00000284     ti_drivers_config.obj (.bss.gUartObjects)
                  a220f048    00000280     freertos.j722s.r5f.ti-arm-clang.release.lib : tasks.obj (.bss.pxReadyTasksLists)
                  a220f2c8    00000100                                                 : timers.obj (.bss.prvCheckForValidListAndQueue.ucStaticTimerQueueStorage)
                  a220f3c8    00000100     (.common:xQueueRegistry)
                  a220f4c8    000000b0     (.common:gIpcNotifyCtrl)
                  a220f578    000000a0     ti_drivers_config.obj (.bss.gUart0UdmaCqRxEventObj)
                  a220f618    000000a0     ti_drivers_config.obj (.bss.gUart0UdmaCqTxEventObj)
                  a220f6b8    00000098     freertos.j722s.r5f.ti-arm-clang.release.lib : DebugP_freertos.obj (.bss.gDebugLogLockObj)
                  a220f750    00000088                                                 : port.obj (.bss.xIdleTaskTCB)
                  a220f7d8    00000088                                                 : port.obj (.bss.xTimerTaskTCB)
                  a220f860    00000088     (.common:ebimuRecvTaskObj)
                  a220f8e8    00000088     (.common:gMainTaskObj)
                  a220f970    0000007a                                                 : DebugP_memTraceLogWriter.obj (.bss.DebugP_memLogWriterPutChar.lineBuf)
                  a220f9ea    00000002     --HOLE--
                  a220f9ec    00000004                                                 : HwiP_armv7r_vim.obj (.bss.gdummy)
                  a220f9f0    00000060     (.common:gTaskP_ctrl)
                  a220fa50    00000050                                                 : timers.obj (.bss.prvCheckForValidListAndQueue.xStaticTimerQueue)
                  a220faa0    00000050     (.common:gRovDummyQueue)
                  a220faf0    00000038     (.common:gClockCtrl)
                  a220fb28    00000034     (.common:ulFaultyGPR)
                  a220fb5c    00000014                                                 : timers.obj (.bss.xActiveTimerList1)
                  a220fb70    00000004                                                 : timers.obj (.bss.pxCurrentTimerList)
                  a220fb74    00000004                                                 : tasks.obj (.bss.pxDelayedTaskList)
                  a220fb78    00000004                                                 : tasks.obj (.bss.pxOverflowDelayedTaskList)
                  a220fb7c    00000004                                                 : timers.obj (.bss.pxOverflowTimerList)
                  a220fb80    00000030     ti_drivers_config.obj (.bss.gUart0UdmaRxHpdMem)
                  a220fbb0    00000028     drivers.j722s.main-r5f.ti-arm-clang.release.lib : sciclient_rm_irq.obj (.bss.gPstack)
                  a220fbd8    00000014     freertos.j722s.r5f.ti-arm-clang.release.lib : timers.obj (.bss.xActiveTimerList2)
                  a220fbec    00000014                                                 : tasks.obj (.bss.xDelayedTaskList1)
                  a220fc00    00000030     ti_drivers_config.obj (.bss.gUart0UdmaTxHpdMem)
                  a220fc30    00000014     freertos.j722s.r5f.ti-arm-clang.release.lib : tasks.obj (.bss.xDelayedTaskList2)
                  a220fc44    00000014                                                 : tasks.obj (.bss.xPendingReadyList)
                  a220fc58    00000014                                                 : tasks.obj (.bss.xSuspendedTaskList)
                  a220fc6c    00000014                                                 : tasks.obj (.bss.xTasksWaitingTermination)
                  a220fc80    00000008     ti_drivers_config.obj (.bss.gUart0UdmaRxRingMem)
                  a220fc88    00000004     (.common:ebimuRecvTask)
                  a220fc8c    00000004     (.common:gMainTask)
                  a220fc90    00000004     (.common:gUartHandle)
                  a220fc94    00000004     (.common:ulFaultyLR)
                  a220fc98    00000004     (.common:ulFaultySP)
                  a220fc9c    00000064     --HOLE--
                  a220fd00    00000008     ti_drivers_config.obj (.bss.gUart0UdmaTxRingMem)
                  a220fd08    00000078     --HOLE--

.sysmem    0    a220fd80    00008000     UNINITIALIZED
                  a220fd80    00000010     libc.a : memory.c.obj (.sysmem)
                  a220fd90    00007ff0     --HOLE--

.stack     0    a2217d80    00004000     UNINITIALIZED
                  a2217d80    00000004     freertos.j722s.r5f.ti-arm-clang.release.lib : boot_armv7r_asm.obj (.stack)
                  a2217d84    00003ffc     --HOLE--

.text      0    a221bd80    0000d710     
                  a221bd80    00000654     drivers.j722s.main-r5f.ti-arm-clang.release.lib : sciclient_rm_irq.obj (.text.Sciclient_rmIrqFindRoute)
                  a221c3d4    000005cc                                                     : udma_ch.obj (.text.Udma_chDisable)
                  a221c9a0    00000598     freertos.j722s.r5f.ti-arm-clang.release.lib : printf.obj (.text._vsnprintf)
                  a221cf38    0000052a     drivers.j722s.main-r5f.ti-arm-clang.release.lib : udma_ch.obj (.text.Udma_chOpen)
                  a221d462    000004ee                                                     : uart_v0.obj (.text.UART_open)
                  a221d950    000004c8                                                     : udma_event.obj (.text.Udma_eventRegister)
                  a221de18    00000418                                                     : udma_soc.obj (.text.Udma_initDrvHandle)
                  a221e230    000003cc                                                     : ipc_notify_v0.obj (.text.IpcNotify_init)
                  a221e5fc    000003b4                                                     : udma_rm.obj (.text.Udma_rmInit)
                  a221e9b0    00000398     freertos.j722s.r5f.ti-arm-clang.release.lib : printf.obj (.text._ftoa)
                  a221ed48    0000037c     drivers.j722s.main-r5f.ti-arm-clang.release.lib : sciclient.obj (.text.Sciclient_service)
                  a221f0c4    00000004     ti_board_open_close.obj (.text.Board_driversOpen)
                  a221f0c8    00000310     freertos.j722s.r5f.ti-arm-clang.release.lib : printf.obj (.text._etoa)
                  a221f3d8    000002b2     drivers.j722s.main-r5f.ti-arm-clang.release.lib : udma_rmcfg_common.obj (.text.UdmaRmInitPrms_init)
                  a221f68a    000002a8                                                     : sciclient_rm_irq.obj (.text.Sciclient_rmIrqGetRoute)
                  a221f932    00000290                                                     : uart_v0.obj (.text.UART_read)
                  a221fbc2    0000025e                                                     : sciclient_rm_irq.obj (.text.Sciclient_rmProgramInterruptRoute)
                  a221fe20    00000222                                                     : uart_v0.obj (.text.UART_masterIsr)
                  a2220042    00000002     ti_board_config.obj (.text.Board_init)
                  a2220044    0000021e     freertos.j722s.r5f.ti-arm-clang.release.lib : timers.obj (.text.prvTimerTask)
                  a2220262    00000002     drivers.j722s.main-r5f.ti-arm-clang.release.lib : udma_utils.obj (.text.Udma_defaultPhyToVirtFxn)
                  a2220264    0000020e                                                     : udma_event.obj (.text.Udma_eventUnRegister)
                  a2220472    00000204                                                     : uart_dma_udma.obj (.text.UART_udmaOpen)
                  a2220676    000001fc                                                     : sciclient_rm_irq.obj (.text.Sciclient_rmClearInterruptRoute)
                  a2220872    00000002                                                     : udma_rm.obj (.text.Udma_rmFreeFreeRing)
                  a2220874    000001ca                                                     : csl_bcdma.obj (.text.CSL_bcdmaChanOp)
                  a2220a3e    000001c4     freertos.j722s.r5f.ti-arm-clang.release.lib : queue.obj (.text.xQueueSemaphoreTake)
                  a2220c02    000001c0                                                 : TimerP.obj (.text.TimerP_setup)
                  a2220dc2    000001b0                                                 : queue.obj (.text.xQueueGenericSend)
                  a2220f72    00000190     drivers.j722s.main-r5f.ti-arm-clang.release.lib : udma_ring_common.obj (.text.Udma_ringAlloc)
                  a2221102    00000188     freertos.j722s.r5f.ti-arm-clang.release.lib : queue.obj (.text.xQueueReceive)
                  a222128a    00000168                                                 : tasks.obj (.text.xTaskIncrementTick)
                  a22213f2    0000015a     drivers.j722s.main-r5f.ti-arm-clang.release.lib : sciclient_rm_irq.obj (.text.Sciclient_rmIrqDeleteRoute)
                  a222154c    00000156                                                     : sciclient_rm_irq.obj (.text.Sciclient_rmIrqProgramRoute)
                  a22216a2    00000152     freertos.j722s.r5f.ti-arm-clang.release.lib : printf.obj (.text._ntoa_format)
                  a22217f4    00000148     drivers.j722s.main-r5f.ti-arm-clang.release.lib : csl_bcdma.obj (.text.CSL_bcdmaChanOpCfgChan)
                  a222193c    00000146                                                     : uart_v0.obj (.text.UART_close)
                  a2221a82    00000140                                                     : udma_ch.obj (.text.Udma_chConfigRx)
                  a2221bc2    00000138     freertos.j722s.r5f.ti-arm-clang.release.lib : ClockP_freertos_r5.obj (.text.ClockP_init)
                  a2221cfa    00000132     drivers.j722s.main-r5f.ti-arm-clang.release.lib : soc.obj (.text.SOC_moduleSetClockFrequency)
                  a2221e2c    00000126     freertos.j722s.r5f.ti-arm-clang.release.lib : queue.obj (.text.xQueueGenericSendFromISR)
                  a2221f52    00000126                                                 : tasks.obj (.text.xTaskResumeAll)
                  a2222078    0000011a     drivers.j722s.main-r5f.ti-arm-clang.release.lib : udma_ch.obj (.text.Udma_chEnable)
                  a2222192    00000002     freertos.j722s.r5f.ti-arm-clang.release.lib : printf.obj (.text._out_null)
                  a2222194    00000118     libclang_rt.builtins.a : udivmoddi4.S.obj (.text)
                  a22222ac    00000114     drivers.j722s.main-r5f.ti-arm-clang.release.lib : udma_ch.obj (.text.Udma_chFreeResource)
                  a22223c0    0000010e                                                     : udma_rm.obj (.text.Udma_rmSetSharedResRmInitPrms)
                  a22224ce    0000010e     freertos.j722s.r5f.ti-arm-clang.release.lib : tasks.obj (.text.vTaskDelete)
                  a22225dc    00000108                                                 : tasks.obj (.text.prvAddNewTaskToReadyList)
                  a22226e4    00000106                                                 : queue.obj (.text.xQueueGiveFromISR)
                  a22227ea    000000fe     drivers.j722s.main-r5f.ti-arm-clang.release.lib : ipc_rpmsg.obj (.text.RPMessage_init)
                  a22228e8    000000fc                                                     : csl_lcdma_ringacc.obj (.text.CSL_lcdma_ringaccPop64MultiAccess)
                  a22229e4    000000fc     freertos.j722s.r5f.ti-arm-clang.release.lib : queue.obj (.text.xQueueGenericCreateStatic)
                  a2222ae0    000000fa     drivers.j722s.main-r5f.ti-arm-clang.release.lib : udma_flow.obj (.text.Udma_flowConfig)
                  a2222bda    000000fa     freertos.j722s.r5f.ti-arm-clang.release.lib : queue.obj (.text.xQueueReceiveFromISR)
                  a2222cd4    000000f6                                                 : tasks.obj (.text.vTaskSwitchContext)
                  a2222dca    000000ec                                                 : port.obj (.text.vPortDumpExceptionState)
                  a2222eb6    000000e6     drivers.j722s.main-r5f.ti-arm-clang.release.lib : csl_lcdma_ringacc.obj (.text.CSL_lcdma_ringaccPush64MultiAccess)
                  a2222f9c    000000e0                                                     : udma_ch.obj (.text.Udma_chConfigTx)
                  a222307c    000000da     freertos.j722s.r5f.ti-arm-clang.release.lib : tasks.obj (.text.vTaskPriorityDisinheritAfterTimeout)
                  a2223156    000000d6     ti_drivers_config.obj (.text.System_init)
                  a222322c    000000d0     drivers.j722s.main-r5f.ti-arm-clang.release.lib : ipc_rpmsg_vring.obj (.text.RPMessage_vringReset)
                  a22232fc    000000ce     freertos.j722s.r5f.ti-arm-clang.release.lib : heap_4.obj (.text.vPortFree)
                  a22233ca    000000cc                                                 : timers.obj (.text.prvSampleTimeNow)
                  a2223496    000000ca     drivers.j722s.main-r5f.ti-arm-clang.release.lib : ipc_notify_v0.obj (.text.IpcNotify_isr)
                  a2223560    000000ca                                                     : ipc_notify_v0.obj (.text.IpcNotify_sendMsg)
                  a222362a    000000ca                                                     : sciclient_rm_irq.obj (.text.Sciclient_rmIaValidateMapping)
                  a22236f4    000000c6     freertos.j722s.r5f.ti-arm-clang.release.lib : tasks.obj (.text.xTaskCreateStatic)
                  a22237ba    000000c6                                                 : tasks.obj (.text.xTaskPriorityDisinherit)
                  a2223880    000000c4     drivers.j722s.main-r5f.ti-arm-clang.release.lib : uart_dma_udma.obj (.text.UART_udmaTransferRead)
                  a2223944    000000c4     freertos.j722s.r5f.ti-arm-clang.release.lib : tasks.obj (.text.prvInitialiseNewTask)
                  a2223a08    000000c2     drivers.j722s.main-r5f.ti-arm-clang.release.lib : uart_dma_udma.obj (.text.UART_udmaTransferWrite)
                  a2223aca    000000c2                                                     : udma.obj (.text.Udma_init)
                  a2223b8c    000000be                                                     : ipc_rpmsg_vring.obj (.text.RPMessage_vringGetFullRxBuf)
                  a2223c4a    000000ba                                                     : csl_bcdma.obj (.text.CSL_bcdmaChanOpTeardownChan)
                  a2223d04    000000ba                                                     : udma_ch.obj (.text.Udma_chConfigPdma)
                  a2223dbe    000000ba                                                     : udma_event.obj (.text.Udma_eventFreeResource)
                  a2223e78    000000ba     freertos.j722s.r5f.ti-arm-clang.release.lib : tasks.obj (.text.vTaskStartScheduler)
                  a2223f32    000000b8     drivers.j722s.main-r5f.ti-arm-clang.release.lib : uart_v0.obj (.text.UART_divisorLatchWrite)
                  a2223fea    000000b8                                                     : uart_v0.obj (.text.UART_flushTxFifo)
                  a22240a2    000000b6                                                     : csl_lcdma_ringacc.obj (.text.CSL_lcdma_ringaccDequeue)
                  a2224158    000000b2     freertos.j722s.r5f.ti-arm-clang.release.lib : AddrTranslateP.obj (.text.AddrTranslateP_init)
                  a222420a    000000b0                                                 : DebugP_memTraceLogWriter.obj (.text.DebugP_memLogWriterPutChar)
                  a22242ba    000000b0                                                 : printf.obj (.text._ntoa_long_long)
                  a222436a    000000aa     drivers.j722s.main-r5f.ti-arm-clang.release.lib : uart_v0.obj (.text.UART_procLineStatusErr)
                  a2224414    000000aa                                                     : udma_rm.obj (.text.Udma_rmAllocMappedRxCh)
                  a22244be    000000aa                                                     : udma_rm.obj (.text.Udma_rmAllocMappedTxCh)
                  a2224568    000000a8                                                     : ipc_rpmsg.obj (.text.RPMessage_recvHandler)
                  a2224610    000000a8                                                     : uart_dma_udma.obj (.text.UART_udmaIsrTx)
                  a22246b8    000000a8     freertos.j722s.r5f.ti-arm-clang.release.lib : tasks.obj (.text.xTaskPriorityInherit)
                  a2224760    000000a8                                                 : tasks.obj (.text.xTaskRemoveFromEventList)
                  a2224808    000000a6                                                 : TaskP_freertos.obj (.text.TaskP_loadUpdateAll)
                  a22248ae    000000a6                                                 : printf.obj (.text._out_rev)
                  a2224954    000000a4     drivers.j722s.main-r5f.ti-arm-clang.release.lib : sciclient_pm.obj (.text.Sciclient_pmQueryModuleClkFreq)
                  a22249f8    000000a4     task_main.obj (.text.ebimu_recv_main)
                  a2224a9c    000000a2     drivers.j722s.main-r5f.ti-arm-clang.release.lib : ipc_rpmsg.obj (.text.RPMessage_coreInit)
                  a2224b3e    000000a2                                                     : sciclient_rm_irq.obj (.text.Sciclient_rmIrInpIsFree)
                  a2224be0    000000a2                                                     : uart_dma_udma.obj (.text.UART_udmaIsrRx)
                  a2224c82    000000a2                                                     : udma_rm.obj (.text.Udma_rmAllocVintr)
                  a2224d24    000000a2     freertos.j722s.r5f.ti-arm-clang.release.lib : tasks.obj (.text.xTaskCheckForTimeOut)
                  a2224dc6    000000a0     drivers.j722s.main-r5f.ti-arm-clang.release.lib : udma_rm.obj (.text.Udma_rmAllocBlkCopyCh)
                  a2224e66    000000a0                                                     : udma_rm.obj (.text.Udma_rmAllocBlkCopyHcCh)
                  a2224f06    000000a0                                                     : udma_rm.obj (.text.Udma_rmAllocBlkCopyUhcCh)
                  a2224fa6    000000a0                                                     : udma_rm.obj (.text.Udma_rmAllocRxCh)
                  a2225046    000000a0                                                     : udma_rm.obj (.text.Udma_rmAllocRxHcCh)
                  a22250e6    000000a0                                                     : udma_rm.obj (.text.Udma_rmAllocRxUhcCh)
                  a2225186    000000a0                                                     : udma_rm.obj (.text.Udma_rmAllocTxCh)
                  a2225226    000000a0                                                     : udma_rm.obj (.text.Udma_rmAllocTxHcCh)
                  a22252c6    000000a0                                                     : udma_rm.obj (.text.Udma_rmAllocTxUhcCh)
                  a2225366    000000a0     freertos.j722s.r5f.ti-arm-clang.release.lib : tasks.obj (.text.prvAddCurrentTaskToDelayedList)
                  a2225406    0000009e                                                 : tasks.obj (.text.eTaskGetState)
                  a22254a4    0000009c     drivers.j722s.main-r5f.ti-arm-clang.release.lib : udma_ch.obj (.text.Udma_chClose)
                  a2225540    0000009a                                                     : ipc_rpmsg_vring.obj (.text.RPMessage_vringPutEmptyRxBuf)
                  a22255da    0000009a                                                     : sciclient.obj (.text.Sciclient_init)
                  a2225674    0000009a                                                     : sciclient.obj (.text.Sciclient_sendMessage)
                  a222570e    0000009a                                                     : uart_dma_udma.obj (.text.UART_udmaDeInitCh)
                  a22257a8    00000096     freertos.j722s.r5f.ti-arm-clang.release.lib : tasks.obj (.text.vTaskGetInfo)
                  a222583e    00000094     drivers.j722s.main-r5f.ti-arm-clang.release.lib : uart_v0.obj (.text.UART_init)
                  a22258d2    00000094                                                     : udma_rm.obj (.text.Udma_rmAllocMappedRing)
                  a2225966    00000092                                                     : ipc_rpmsg_vring.obj (.text.RPMessage_vringResetInternal)
                  a22259f8    00000092                                                     : sciclient_pm.obj (.text.Sciclient_pmSetModuleClkFreq)
                  a2225a8a    00000092     freertos.j722s.r5f.ti-arm-clang.release.lib : port.obj (.text.pxPortInitialiseStack)
                  a2225b1c    0000008e     drivers.j722s.main-r5f.ti-arm-clang.release.lib : csl_pktdma.obj (.text.CSL_pktdmaTeardownChan)
                  a2225baa    0000008e                                                     : uart_v0.obj (.text.UART_readCancelNoCB)
                  a2225c38    0000008c                                                     : sciclient_rm_irq.obj (.text.Sciclient_rmTranslateIrqInput)
                  a2225cc4    0000008c     freertos.j722s.r5f.ti-arm-clang.release.lib : printf.obj (.text._ntoa_long)
                  a2225d50    0000008a     drivers.j722s.main-r5f.ti-arm-clang.release.lib : sciclient_rm_irq.obj (.text.Sciclient_rmTranslateIntOutput)
                  a2225dda    0000008a                                                     : udma_event.obj (.text.Udma_eventIsrFxn)
                  a2225e64    0000008a                                                     : udma_ring_lcdma.obj (.text.Udma_ringSetCfgLcdma)
                  a2225eee    00000088                                                     : udma_rm.obj (.text.Udma_rmGetSciclientDefaultBoardCfgRmRange)
                  a2225f76    00000086     freertos.j722s.r5f.ti-arm-clang.release.lib : timers.obj (.text.xTimerCreateTimerTask)
                  a2225ffc    00000084                                                 : DebugP_memTraceLogWriter.obj (.text.DebugP_memTraceLogWriterPutLine)
                  a2226080    00000080     drivers.j722s.main-r5f.ti-arm-clang.release.lib : ipc_rpmsg.obj (.text.RPMessage_construct)
                  a2226100    00000080     main.obj (.text.main)
                  a2226180    00000080     freertos.j722s.r5f.ti-arm-clang.release.lib : queue.obj (.text.prvCopyDataToQueue)
                  a2226200    00000080                                                 : queue.obj (.text.xQueueGenericReset)
                  a2226280    0000007c     drivers.j722s.main-r5f.ti-arm-clang.release.lib : sciclient_rm_irq.obj (.text.Sciclient_rmIrOutpIsFree)
                  a22262fc    0000007a                                                     : sciclient_pm.obj (.text.Sciclient_pmGetModuleClkNumParent)
                  a2226376    0000007a     freertos.j722s.r5f.ti-arm-clang.release.lib : timers.obj (.text.prvCheckForValidListAndQueue)
                  a22263f0    00000076                                                 : DebugP_freertos.obj (.text._DebugP_logZone)
                  a2226466    00000076                                                 : timers.obj (.text.xTimerGenericCommand)
                  a22264dc    00000074     drivers.j722s.main-r5f.ti-arm-clang.release.lib : sciclient_rm_irq.obj (.text.Sciclient_rmIrqGetNode)
                  a2226550    00000072                                                     : csl_pktdma.obj (.text.CSL_pktdmaAccessChanPeerReg)
                  a22265c2    00000072                                                     : udma_rm.obj (.text.Udma_rmAllocVintrBit)
                  a2226634    00000072     freertos.j722s.r5f.ti-arm-clang.release.lib : queue.obj (.text.prvUnlockQueue)
                  a22266a6    00000070                                                 : SemaphoreP_freertos.obj (.text.SemaphoreP_constructBinary)
                  a2226716    0000006e     drivers.j722s.main-r5f.ti-arm-clang.release.lib : soc.obj (.text.SOC_moduleClockEnable)
                  a2226784    0000006e                                                     : sciclient_pm.obj (.text.Sciclient_pmGetModuleState)
                  a22267f2    0000006c                                                     : sciclient_rm_irq.obj (.text.Sciclient_rmIrqCfgIsEventToVintMappingOnly)
                  a222685e    0000006a                                                     : uart_dma_udma.obj (.text.UART_udmaHpdInit)
                  a22268c8    00000068     freertos.j722s.r5f.ti-arm-clang.release.lib : AddrTranslateP.obj (.text.AddrTranslateP_getLocalAddr)
                  a2226930    00000066     drivers.j722s.main-r5f.ti-arm-clang.release.lib : sciclient_pm.obj (.text.Sciclient_pmGetModuleClkParent)
                  a2226996    00000064                                                     : csl_bcdma.obj (.text.CSL_bcdmaDoChanOp)
                  a22269fa    00000064                                                     : ipc_rpmsg.obj (.text.RPMessage_notifyCallback)
                  a2226a5e    00000064                                                     : sciclient_pm.obj (.text.Sciclient_pmModuleGetClkStatus)
                  a2226ac2    00000064                                                     : udma_ring_lcdma.obj (.text.Udma_ringFlushRawLcdma)
                  a2226b26    00000064     freertos.j722s.r5f.ti-arm-clang.release.lib : queue.obj (.text.vQueueDelete)
                  a2226b8a    00000062     drivers.j722s.main-r5f.ti-arm-clang.release.lib : uart_dma_udma.obj (.text.UART_udmaDisableChannel)
                  a2226bec    00000062                                                     : udma_ring_common.obj (.text.Udma_ringFree)
                  a2226c4e    00000062                                                     : udma_ring_common.obj (.text.Udma_ringQueueRaw)
                  a2226cb0    00000060                                                     : udma_rm.obj (.text.Udma_rmFreeMappedRing)
                  a2226d10    0000005e                                                     : sciclient_pm.obj (.text.Sciclient_pmModuleClkRequest)
                  a2226d6e    0000005e                                                     : sciclient_pm.obj (.text.Sciclient_pmSetModuleClkParent)
                  a2226dcc    0000005e     task_main.obj (.text.task_init)
                  a2226e2a    0000005c     drivers.j722s.main-r5f.ti-arm-clang.release.lib : csl_bcdma.obj (.text.CSL_bcdmaChanOpGetChanStats)
                  a2226e86    0000005c                                                     : csl_bcdma.obj (.text.CSL_bcdmaChanOpSetChanPause)
                  a2226ee2    0000005c                                                     : udma_rm.obj (.text.Udma_rmAllocEvent)
                  a2226f3e    0000005c     freertos.j722s.r5f.ti-arm-clang.release.lib : DebugP_log.obj (.text._DebugP_assert)
                  a2226f9a    0000005a     ti_dpl_config.obj (.text.Dpl_init)
                  a2226ff4    0000005a     drivers.j722s.main-r5f.ti-arm-clang.release.lib : ipc_rpmsg_vring.obj (.text.RPMessage_vringIsFullRxBuf)
                  a222704e    0000005a                                                     : soc.obj (.text.SOC_controlModuleLockMMR)
                  a22270a8    0000005a                                                     : sciclient_rm_irq.obj (.text.Sciclient_rmIrqUnmappedVintRouteDelete)
                  a2227102    0000005a                                                     : udma_ch.obj (.text.UdmaChPrms_init)
                  a222715c    0000005a                                                     : udma_ring_common.obj (.text.Udma_ringDequeueRaw)
                  a22271b6    0000005a     freertos.j722s.r5f.ti-arm-clang.release.lib : tasks.obj (.text.prvIdleTask)
                  a2227210    00000058                                                 : SemaphoreP_freertos.obj (.text.SemaphoreP_pend)
                  a2227268    00000058                                                 : tasks.obj (.text.vTaskPlaceOnEventListRestricted)
                  a22272c0    00000058     libc.a : autoinit.c.obj (.text:__TI_auto_init_nobinit_nopinit)
                  a2227318    00000056     drivers.j722s.main-r5f.ti-arm-clang.release.lib : uart_dma.obj (.text.UART_dmaDisableChannel)
                  a222736e    00000056     freertos.j722s.r5f.ti-arm-clang.release.lib : tasks.obj (.text.vTaskDelay)
                  a22273c4    00000054     drivers.j722s.main-r5f.ti-arm-clang.release.lib : csl_bcdma.obj (.text.CSL_bcdmaChanOpDecChanStats)
                  a2227418    00000054                                                     : csl_bcdma.obj (.text.CSL_bcdmaChanOpGetChanRT)
                  a222746c    00000054                                                     : csl_intaggr.obj (.text.CSL_intaggrIsIntrPending)
                  a22274c0    00000054                                                     : sciclient_rm.obj (.text.Sciclient_rmGetResourceRange)
                  a2227514    00000054                                                     : uart_dma.obj (.text.UART_dmaClose)
                  a2227568    00000054                                                     : udma_ch.obj (.text.UdmaChRxPrms_init)
                  a22275bc    00000054                                                     : udma_ch.obj (.text.UdmaChTxPrms_init)
                  a2227610    00000052                                                     : sciclient_pm.obj (.text.Sciclient_pmSetModuleState)
                  a2227662    00000052     freertos.j722s.r5f.ti-arm-clang.release.lib : SemaphoreP_freertos.obj (.text.SemaphoreP_constructMutex)
                  a22276b4    00000052                                                 : SemaphoreP_freertos.obj (.text.SemaphoreP_post)
                  a2227706    00000052     drivers.j722s.main-r5f.ti-arm-clang.release.lib : udma_rm.obj (.text.Udma_rmFreeExtCh)
                  a2227758    00000052     freertos.j722s.r5f.ti-arm-clang.release.lib : queue.obj (.text.xQueueGiveMutexRecursive)
                  a22277aa    00000050     drivers.j722s.main-r5f.ti-arm-clang.release.lib : udma_rm.obj (.text.Udma_rmFreeVintrBit)
                  a22277fa    00000050     freertos.j722s.r5f.ti-arm-clang.release.lib : tasks.obj (.text.prvDeleteTCB)
                  a222784a    00000050                                                 : heap_4.obj (.text.prvInsertBlockIntoFreeList)
                  a222789a    0000004e     drivers.j722s.main-r5f.ti-arm-clang.release.lib : ipc_rpmsg_vring.obj (.text.RPMessage_vringGetSize)
                  a22278e8    0000004e                                                     : udma_soc.obj (.text.Udma_getMappedChRingAttributes)
                  a2227936    0000004e     freertos.j722s.r5f.ti-arm-clang.release.lib : tasks.obj (.text.vTaskPlaceOnEventList)
                  a2227984    0000004e                                                 : queue.obj (.text.xQueueTakeMutexRecursive)
                  a22279d2    0000004c     ti_drivers_open_close.obj (.text.Drivers_uartOpen)
                  a2227a1e    0000004c     drivers.j722s.main-r5f.ti-arm-clang.release.lib : ipc_rpmsg.obj (.text.RPMessage_allocEndPtMsg)
                  a2227a6a    0000004a                                                     : csl_intaggr.obj (.text.CSL_intaggrClrIntr)
                  a2227ab4    0000004a                                                     : pinmux.obj (.text.Pinmux_unlockMMR)
                  a2227afe    0000004a                                                     : soc.obj (.text.SOC_controlModuleUnlockMMR)
                  a2227b48    0000004a                                                     : udma_rm.obj (.text.Udma_rmFreeMappedRxCh)
                  a2227b92    0000004a                                                     : udma_rm.obj (.text.Udma_rmFreeMappedTxCh)
                  a2227bdc    00000048                                                     : csl_bcdma.obj (.text.CSL_bcdmaChanOpSetChanRT)
                  a2227c24    00000048                                                     : csl_bcdma.obj (.text.CSL_bcdmaGetCfg)
                  a2227c6c    00000048                                                     : udma_ring_lcdma.obj (.text.Udma_ringSetDoorBellLcdma)
                  a2227cb4    00000046     freertos.j722s.r5f.ti-arm-clang.release.lib : ClockP_freertos.obj (.text.ClockP_getTimeUsec)
                  a2227cfa    00000046     drivers.j722s.main-r5f.ti-arm-clang.release.lib : pinmux.obj (.text.Pinmux_config)
                  a2227d40    00000046     freertos.j722s.r5f.ti-arm-clang.release.lib : queue.obj (.text.vQueueWaitForMessageRestricted)
                  a2227d86    00000044     drivers.j722s.main-r5f.ti-arm-clang.release.lib : sciclient_pm.obj (.text.Sciclient_pmSetModuleRst)
                  a2227dca    00000044     freertos.j722s.r5f.ti-arm-clang.release.lib : port.obj (.text.vPortEnterCritical)
                  a2227e0e    00000042                                                 : ClockP_freertos.obj (.text.ClockP_usleep)
                  a2227e50    00000042     drivers.j722s.main-r5f.ti-arm-clang.release.lib : sciclient_rm.obj (.text.Sciclient_rmIrqReleaseRaw)
                  a2227e92    00000042                                                     : sciclient_rm.obj (.text.Sciclient_rmPsilPair)
                  a2227ed4    00000042                                                     : sciclient_rm.obj (.text.Sciclient_rmPsilUnpair)
                  a2227f16    00000040                                                     : csl_bcdma.obj (.text.CSL_bcdmaChanOpSetBurstSize)
                  a2227f56    00000040                                                     : sciclient_rm.obj (.text.Sciclient_rmIrqSetRaw)
                  a2227f96    00000040                                                     : sciclient_rm.obj (.text.Sciclient_rmRingCfg)
                  a2227fd6    00000040                                                     : sciclient_rm.obj (.text.Sciclient_rmUdmapFlowCfg)
                  a2228016    00000040                                                     : sciclient_rm.obj (.text.Sciclient_rmUdmapFlowSizeThreshCfg)
                  a2228056    00000040                                                     : sciclient_rm.obj (.text.Sciclient_rmUdmapRxChCfg)
                  a2228096    00000040                                                     : sciclient_rm.obj (.text.Sciclient_rmUdmapTxChCfg)
                  a22280d6    00000040                                                     : udma_rm.obj (.text.Udma_rmFreeBlkCopyCh)
                  a2228116    00000040                                                     : udma_rm.obj (.text.Udma_rmFreeBlkCopyHcCh)
                  a2228156    00000040                                                     : udma_rm.obj (.text.Udma_rmFreeBlkCopyUhcCh)
                  a2228196    00000040                                                     : udma_rm.obj (.text.Udma_rmFreeEvent)
                  a22281d6    00000040                                                     : udma_rm.obj (.text.Udma_rmFreeIrIntr)
                  a2228216    00000040                                                     : udma_rm.obj (.text.Udma_rmFreeRxCh)
                  a2228256    00000040                                                     : udma_rm.obj (.text.Udma_rmFreeRxHcCh)
                  a2228296    00000040                                                     : udma_rm.obj (.text.Udma_rmFreeRxUhcCh)
                  a22282d6    00000040                                                     : udma_rm.obj (.text.Udma_rmFreeTxCh)
                  a2228316    00000040                                                     : udma_rm.obj (.text.Udma_rmFreeTxHcCh)
                  a2228356    00000040                                                     : udma_rm.obj (.text.Udma_rmFreeTxUhcCh)
                  a2228396    00000040                                                     : udma_rm.obj (.text.Udma_rmFreeVintr)
                  a22283d6    00000040     freertos.j722s.r5f.ti-arm-clang.release.lib : timers.obj (.text.prvInsertTimerInActiveList)
                  a2228416    0000003e     drivers.j722s.main-r5f.ti-arm-clang.release.lib : ipc_notify_v0.obj (.text.IpcNotify_registerClient)
                  a2228454    0000003e                                                     : udma_flow.obj (.text.UdmaFlowPrms_init)
                  a2228492    0000003e                                                     : udma_ring_common.obj (.text.Udma_ringFlushRaw)
                  a22284d0    0000003c                                                     : ipc_rpmsg.obj (.text.RPMessage_freeEndPtMsg)
                  a222850c    0000003c                                                     : sciclient_soc_priv.obj (.text.Sciclient_getContext)
                  a2228548    0000003c                                                     : udma_ring_lcdma.obj (.text.Udma_ringPrimeReadLcdma)
                  a2228584    0000003c     freertos.j722s.r5f.ti-arm-clang.release.lib : TaskP_freertos.obj (.text.vApplicationLoadHook)
                  a22285c0    0000003c                                                 : tasks.obj (.text.xTaskGetIdleTaskHandle)
                  a22285fc    0000003a     drivers.j722s.main-r5f.ti-arm-clang.release.lib : uart_dma.obj (.text.UART_dmaOpen)
                  a2228636    0000003a     freertos.j722s.r5f.ti-arm-clang.release.lib : list.obj (.text.vListInsert)
                  a2228670    00000038     drivers.j722s.main-r5f.ti-arm-clang.release.lib : ipc_rpmsg_vring.obj (.text.RPMessage_vringCheckEmptyTxBuf)
                  a22286a8    00000038                                                     : sciclient.obj (.text.Sciclient_getCurrentContext)
                  a22286e0    00000038                                                     : udma_ring_lcdma.obj (.text.Udma_lcdmaRingaccMemOps)
                  a2228718    00000038                                                     : udma_rmcfg.obj (.text.Udma_rmGetSharedResPrms)
                  a2228750    00000036                                                     : csl_pktdma.obj (.text.CSL_pktdmaGetCfg)
                  a2228786    00000036     ti_power_clock_config.obj (.text.Module_clockSetFrequency)
                  a22287bc    00000034     drivers.j722s.main-r5f.ti-arm-clang.release.lib : ipc_rpmsg.obj (.text.RPMessage_controlEndPtHandler)
                  a22287f0    00000034     freertos.j722s.r5f.ti-arm-clang.release.lib : queue.obj (.text.xQueueCreateMutexStatic)
                  a2228824    00000032     drivers.j722s.main-r5f.ti-arm-clang.release.lib : udma_event.obj (.text.UdmaEventPrms_init)
                  a2228856    00000032     freertos.j722s.r5f.ti-arm-clang.release.lib : printf.obj (.text.snprintf_)
                  a2228888    00000030     ti_power_clock_config.obj (.text.Module_clockEnable)
                  a22288b8    00000030     freertos.j722s.r5f.ti-arm-clang.release.lib : port.obj (.text.vApplicationStackOverflowHook)
                  a22288e8    00000030                                                 : port.obj (.text.vPortExitCritical)
                  a2228918    0000002e                                                 : ClockP_freertos.obj (.text.ClockP_timerTickIsr)
                  a2228946    0000002e     drivers.j722s.main-r5f.ti-arm-clang.release.lib : udma_ring_common.obj (.text.UdmaRingPrms_init)
                  a2228974    0000002c                                                     : csl_pktdma.obj (.text.CSL_pktdmaGetRxRT)
                  a22289a0    0000002c                                                     : csl_pktdma.obj (.text.CSL_pktdmaGetTxRT)
                  a22289cc    0000002c                                                     : ipc_rpmsg.obj (.text.RPMessage_putEndPtMsg)
                  a22289f8    0000002a                                                     : udma_ch.obj (.text.Udma_chGetCqRingHandle)
                  a2228a22    0000002a                                                     : udma_ch.obj (.text.Udma_chGetFqRingHandle)
                  a2228a4c    0000002a                                                     : udma_utils.obj (.text.Udma_phyToVirtFxn)
                  a2228a76    00000028                                                     : csl_intaggr.obj (.text.CSL_intaggrGetCfg)
                  a2228a9e    00000028                                                     : ipc_rpmsg.obj (.text.RPMessage_Params_init)
                  a2228ac6    00000028                                                     : ipc_rpmsg.obj (.text.RPMessage_isLinuxCore)
                  a2228aee    00000028                                                     : uart_v0.obj (.text.UART_statusIsDataReady)
                  a2228b16    00000028                                                     : udma_ring_lcdma.obj (.text.Udma_ringGetForwardRingOccLcdma)
                  a2228b3e    00000028                                                     : udma_ring_lcdma.obj (.text.Udma_ringGetReverseRingOccLcdma)
                  a2228b66    00000028                                                     : udma_rmcfg.obj (.text.Udma_rmGetDefBoardCfgPrms)
                  a2228b8e    00000026                                                     : ipc_notify_v0.obj (.text.IpcNotify_unregisterClient)
                  a2228bb4    00000026                                                     : uart_dma_udma.obj (.text.UART_udmaClose)
                  a2228bda    00000026     freertos.j722s.r5f.ti-arm-clang.release.lib : port.obj (.text.vPortTimerTickHandler)
                  a2228c00    00000026                                                 : queue.obj (.text.vQueueAddToRegistry)
                  a2228c26    00000024     drivers.j722s.main-r5f.ti-arm-clang.release.lib : csl_bcdma.obj (.text.CSL_bcdmaGetChanPeerReg)
                  a2228c4a    00000024                                                     : udma_ring_lcdma.obj (.text.Udma_ringPrimeLcdma)
                  a2228c6e    00000002     freertos.j722s.r5f.ti-arm-clang.release.lib : port.obj (.text.vPortConfigTimerForRunTimeStats)
                  a2228c70    00000024     libclang_rt.builtins.a : aeabi_uldivmod.S.obj (.text.__aeabi_uldivmod)
                  a2228c94    00000024     freertos.j722s.r5f.ti-arm-clang.release.lib : list.obj (.text.uxListRemove)
                  a2228cb8    00000024                                                 : printf.obj (.text.vprintf_)
                  a2228cdc    00000024                                                 : tasks.obj (.text.xTaskGetSchedulerState)
                  a2228d00    00000022     drivers.j722s.main-r5f.ti-arm-clang.release.lib : csl_bcdma.obj (.text.CSL_bcdmaSetChanPeerReg)
                  a2228d22    00000022     ti_pinmux_config.obj (.text.Pinmux_init)
                  a2228d44    00000022     drivers.j722s.main-r5f.ti-arm-clang.release.lib : udma_utils.obj (.text.Udma_virtToPhyFxn)
                  a2228d66    00000020                                                     : csl_dru.obj (.text.CSL_druChSetEvent)
                  a2228d86    00000020                                                     : csl_pktdma.obj (.text.CSL_pktdmaSetRxRT)
                  a2228da6    00000020                                                     : csl_pktdma.obj (.text.CSL_pktdmaSetTxRT)
                  a2228dc6    00000020     freertos.j722s.r5f.ti-arm-clang.release.lib : TimerP.obj (.text.TimerP_Params_init)
                  a2228de6    0000001e     drivers.j722s.main-r5f.ti-arm-clang.release.lib : csl_bcdma.obj (.text.CSL_bcdmaTeardownRxChan)
                  a2228e04    0000001e                                                     : csl_bcdma.obj (.text.CSL_bcdmaTeardownTxChan)
                  a2228e22    0000001e                                                     : csl_dru.obj (.text.CSL_druChEnable)
                  a2228e40    0000001e                                                     : csl_dru.obj (.text.CSL_druChTeardown)
                  a2228e5e    0000001e                                                     : ipc_notify_v0.obj (.text.IpcNotify_syncCallback)
                  a2228e7c    0000001e                                                     : udma_ring_lcdma.obj (.text.Udma_ringDequeueRawLcdma)
                  a2228e9a    0000001e                                                     : udma_ring_lcdma.obj (.text.Udma_ringQueueRawLcdma)
                  a2228eb8    0000001e     freertos.j722s.r5f.ti-arm-clang.release.lib : port.obj (.text.vApplicationGetIdleTaskMemory)
                  a2228ed6    0000001e                                                 : port.obj (.text.vApplicationGetTimerTaskMemory)
                  a2228ef4    0000001c     drivers.j722s.main-r5f.ti-arm-clang.release.lib : csl_lcdma_ringacc.obj (.text.CSL_lcdma_ringaccPush64)
                  a2228f10    0000001c                                                     : csl_pktdma.obj (.text.CSL_pktdmaGetChanPeerReg)
                  a2228f2c    0000001c                                                     : csl_pktdma.obj (.text.CSL_pktdmaSetChanPeerReg)
                  a2228f48    0000001c                                                     : soc.obj (.text.SOC_getCoreName)
                  a2228f64    0000001c                                                     : udma_utils.obj (.text.UdmaUtils_getRingMemSize)
                  a2228f80    0000001c                                                     : udma_event.obj (.text.Udma_eventGetGlobalHandle)
                  a2228f9c    0000001c     freertos.j722s.r5f.ti-arm-clang.release.lib : boot_armv7r.obj (.text._system_pre_init)
                  a2228fb8    0000001c                                                 : list.obj (.text.vListInsertEnd)
                  a2228fd4    0000001c     libc.a : memcpy32.S.obj (.text:TI_memcpy_small)
                  a2228ff0    0000001a     drivers.j722s.main-r5f.ti-arm-clang.release.lib : csl_dru.obj (.text.CSL_druChIsTeardownComplete)
                  a222900a    0000001a                                                     : ipc_notify_v0.obj (.text.IpcNotify_Params_init)
                  a2229024    0000001a                                                     : ipc_rpmsg_vring.obj (.text.RPMessage_vringGetRxBufAddr)
                  a222903e    0000001a                                                     : uart_dma.obj (.text.UART_readInterruptDma)
                  a2229058    0000001a     freertos.j722s.r5f.ti-arm-clang.release.lib : tasks.obj (.text.vTaskInternalSetTimeOutState)
                  a2229072    00000018     ti_drivers_config.obj (.text.IpcNotify_getConfig)
                  a222908a    00000018     drivers.j722s.main-r5f.ti-arm-clang.release.lib : ipc_notify_v0.obj (.text.IpcNotify_isCoreEnabled)
                  a22290a2    00000018                                                     : sciclient_soc_priv.obj (.text.Sciclient_getDevId)
                  a22290ba    00000018                                                     : udma_ring_lcdma.obj (.text.Udma_ringGetElementCntLcdma)
                  a22290d2    00000018                                                     : udma_ring_lcdma.obj (.text.Udma_ringGetMemPtrLcdma)
                  a22290ea    00000018                                                     : udma_ring_lcdma.obj (.text.Udma_ringGetModeLcdma)
                  a2229102    00000018                                                     : udma_ring_lcdma.obj (.text.Udma_ringGetRdIdxLcdma)
                  a222911a    00000018                                                     : udma_ring_lcdma.obj (.text.Udma_ringGetWrIdxLcdma)
                  a2229132    00000018     freertos.j722s.r5f.ti-arm-clang.release.lib : tasks.obj (.text.pvTaskIncrementMutexHeldCount)
                  a222914a    00000018                                                 : port.obj (.text.xPortStartScheduler)
                  a2229162    00000018                                                 : tasks.obj (.text.xTaskGetTickCount)
                  a222917a    00000002                                                 : port.obj (.text.vPortValidateInterruptPriority)
                  a222917c    00000018     libc.a : memset32.S.obj (.text:TI_memset_small)
                  a2229194    00000016     drivers.j722s.main-r5f.ti-arm-clang.release.lib : csl_bcdma.obj (.text.CSL_bcdmaGetRxRT)
                  a22291aa    00000016                                                     : csl_bcdma.obj (.text.CSL_bcdmaGetTxRT)
                  a22291c0    00000016                                                     : csl_bcdma.obj (.text.CSL_bcdmaSetRxRT)
                  a22291d6    00000016                                                     : csl_bcdma.obj (.text.CSL_bcdmaSetTxRT)
                  a22291ec    00000016     freertos.j722s.r5f.ti-arm-clang.release.lib : list.obj (.text.vListInitialise)
                  a2229202    00000014     drivers.j722s.main-r5f.ti-arm-clang.release.lib : csl_lcdma_ringacc.obj (.text.CSL_lcdma_ringaccPop64)
                  a2229216    00000014     freertos.j722s.r5f.ti-arm-clang.release.lib : ClockP_freertos.obj (.text.ClockP_usecToTicks)
                  a222922a    00000012     drivers.j722s.main-r5f.ti-arm-clang.release.lib : csl_lcdma_ringacc.obj (.text.CSL_lcdma_ringaccGetReverseRingOcc)
                  a222923c    00000012     freertos.j722s.r5f.ti-arm-clang.release.lib : DebugP_memTraceLogWriter.obj (.text.DebugP_memLogWriterInit)
                  a222924e    00000012                                                 : TimerP.obj (.text.TimerP_clearOverflowInt)
                  a2229260    00000012     main.obj (.text.freertos_main)
                  a2229272    00000010     drivers.j722s.main-r5f.ti-arm-clang.release.lib : csl_lcdma_ringacc.obj (.text.CSL_lcdma_ringaccIsTeardownComplete)
                  a2229282    00000010     freertos.j722s.r5f.ti-arm-clang.release.lib : DebugP_log.obj (.text.DebugP_exceptionLog)
                  a2229292    00000010     drivers.j722s.main-r5f.ti-arm-clang.release.lib : sciclient_rm.obj (.text.Sciclient_rmIrqRelease)
                  a22292a2    00000010                                                     : udma_ch.obj (.text.UdmaChPdmaPrms_init)
                  a22292b2    00000002     --HOLE-- [fill = 0]
                  a22292b4    00000010     libclang_rt.builtins.a : aeabi_memset.S.obj (.text.__aeabi_memset)
                  a22292c4    00000010     freertos.j722s.r5f.ti-arm-clang.release.lib : port.obj (.text.vPortYeildFromISR)
                  a22292d4    00000010                                                 : tasks.obj (.text.vTaskSuspendAll)
                  a22292e4    0000000e     drivers.j722s.main-r5f.ti-arm-clang.release.lib : csl_lcdma_ringacc.obj (.text.CSL_lcdma_ringaccGetForwardRingOcc)
                  a22292f2    0000000e                                                     : csl_lcdma_ringacc.obj (.text.CSL_lcdma_ringaccInitRingObj)
                  a2229300    0000000e     ti_power_clock_config.obj (.text.PowerClock_init)
                  a222930e    0000000e     freertos.j722s.r5f.ti-arm-clang.release.lib : tasks.obj (.text.vTaskMissedYield)
                  a222931c    0000000c     drivers.j722s.main-r5f.ti-arm-clang.release.lib : ipc_notify_v0.obj (.text.IpcNotify_getSelfCoreId)
                  a2229328    0000000c                                                     : sciclient.obj (.text.Sciclient_getSelfDevIdCore)
                  a2229334    0000000c     libclang_rt.builtins.a : aeabi_memset.S.obj (.text.__aeabi_memclr)
                  a2229340    0000000c     freertos.j722s.r5f.ti-arm-clang.release.lib : tasks.obj (.text.xTaskGetCurrentTaskHandle)
                  a222934c    0000000a                                                 : AddrTranslateP.obj (.text.AddrTranslateP_Params_init)
                  a2229356    0000000a     drivers.j722s.main-r5f.ti-arm-clang.release.lib : csl_sec_proxy.obj (.text.CSL_secProxyGetDataAddr)
                  a2229360    0000000a     freertos.j722s.r5f.ti-arm-clang.release.lib : TimerP.obj (.text.TimerP_start)
                  a222936a    0000000a     drivers.j722s.main-r5f.ti-arm-clang.release.lib : utils.obj (.text.Utils_dataAndInstructionBarrier)
                  a2229374    0000000a     freertos.j722s.r5f.ti-arm-clang.release.lib : printf.obj (.text._out_buffer)
                  a222937e    0000000a                                                 : port.obj (.text.vApplicationIdleHook)
                  a2229388    00000008     drivers.j722s.main-r5f.ti-arm-clang.release.lib : udma_ring_common.obj (.text.Udma_ringGetForwardRingOcc)
                  a2229390    00000008                                                     : udma_ring_common.obj (.text.Udma_ringGetReverseRingOcc)
                  a2229398    00000008                                                     : udma_ring_lcdma.obj (.text.Udma_ringHandleClearRegsLcdma)
                  a22293a0    00000008     freertos.j722s.r5f.ti-arm-clang.release.lib : printf.obj (.text._out_char)
                  a22293a8    00000008                                                 : port.obj (.text.uiPortGetRunTimeCounterValue)
                  a22293b0    00000006     drivers.j722s.main-r5f.ti-arm-clang.release.lib : csl_pktdma.obj (.text.CSL_pktdmaTeardownRxChan)
                  a22293b6    00000006                                                     : csl_pktdma.obj (.text.CSL_pktdmaTeardownTxChan)
                  a22293bc    00000006     freertos.j722s.r5f.ti-arm-clang.release.lib : SemaphoreP_freertos.obj (.text.SemaphoreP_destruct)
                  a22293c2    00000006     drivers.j722s.main-r5f.ti-arm-clang.release.lib : udma_rm.obj (.text.Udma_rmAllocFreeRing)
                  a22293c8    00000006     freertos.j722s.r5f.ti-arm-clang.release.lib : port.obj (.text.prvTaskExitError)
                  a22293ce    00000006                                                 : list.obj (.text.vListInitialiseItem)
                  a22293d4    00000004                                                 : ClockP_freertos.obj (.text.ClockP_getTicks)
                  a22293d8    00000004                                                 : ClockP_freertos_r5.obj (.text.ClockP_getTimerCount)
                  a22293dc    00000004                                                 : ClockP_freertos_r5.obj (.text.ClockP_timerClearOverflowInt)
                  a22293e0    00000004     ti_drivers_open_close.obj (.text.Drivers_open)
                  a22293e4    00000004     drivers.j722s.main-r5f.ti-arm-clang.release.lib : sciclient_rm.obj (.text.Sciclient_rmIrqSet)
                  a22293e8    00000004                                                     : sciclient_rm.obj (.text.Sciclient_rmIrqTranslateIaOutput)
                  a22293ec    00000004                                                     : sciclient_rm.obj (.text.Sciclient_rmIrqTranslateIrqInput)
                  a22293f0    00000004     freertos.j722s.r5f.ti-arm-clang.release.lib : TaskP_freertos.obj (.text.TaskP_yield)
                  a22293f4    00000004                                                 : TimerP.obj (.text.TimerP_getCount)
                  a22293f8    00000004                                                 : TimerP.obj (.text.TimerP_getReloadCount)
                  a22293fc    00000004     drivers.j722s.main-r5f.ti-arm-clang.release.lib : udma_utils.obj (.text.Udma_defaultVirtToPhyFxn)
                  a2229400    00000004                                                     : udma_soc.obj (.text.Udma_isCacheCoherent)
                  a2229404    00000004     libclang_rt.builtins.a : aeabi_memcpy.S.obj (.text.__aeabi_memcpy)
                  a2229408    00000004     ti_dpl_config.obj (.text.putchar_)
                  a222940c    00000004     --HOLE-- [fill = 0]
                  a2229410    00000004     libclang_rt.builtins.a : aeabi_div0.c.obj (.text.__aeabi_ldiv0)
                  a2229414    00000008     freertos.j722s.r5f.ti-arm-clang.release.lib : portASM.obj (.tramp.vPortRestoreTaskContext.1)
                  a222941c    00000008                                                 : HwiP_armv7r_asm.obj (.tramp.HwiP_enable.1)
                  a2229424    00000008                                                 : HwiP_armv7r_vim.obj (.tramp.HwiP_init.1)
                  a222942c    00000008                                                 : CacheP_armv7r_asm.obj (.tramp.CacheP_wb.1)
                  a2229434    00000008                                                 : HwiP_armv7r_vim.obj (.tramp.HwiP_inISR.1)
                  a222943c    00000008                                                 : CacheP_armv7r_asm.obj (.tramp.CacheP_wbInv.1)
                  a2229444    00000008                                                 : CacheP_armv7r.obj (.tramp.CacheP_inv.1)
                  a222944c    00000008                                                 : DebugP_log.obj (.tramp._DebugP_assertNoLog.1)
                  a2229454    00000008                                                 : HwiP_armv7r_vim.obj (.tramp.HwiP_destruct.1)
                  a222945c    00000008                                                 : HwiP_armv7r_vim.obj (.tramp.HwiP_disableInt.1)
                  a2229464    00000008                                                 : HwiP_armv7r_asm.obj (.tramp.HwiP_restore.3)
                  a222946c    00000008                                                 : HwiP_armv7r_asm.obj (.tramp.HwiP_disable.1)
                  a2229474    00000008                                                 : HwiP_armv7r_vim.obj (.tramp.HwiP_construct.1)
                  a222947c    00000008                                                 : HwiP_armv7r_vim.obj (.tramp.HwiP_Params_init.1)
                  a2229484    0000000c     --HOLE-- [fill = 0]

.rodata    0    a2229490    00002208     
                  a2229490    000001a4     drivers.j722s.main-r5f.ti-arm-clang.release.lib : udma_rmcfg.obj (.rodata.gUdmaRmDefBoardCfg_Pktdma)
                  a2229634    00000118                                                     : sciclient_fmwSecureProxyMap.obj (.rodata.gSciclientMap)
                  a222974c    0000008c                                                     : sciclient_irq_rm.obj (.rodata.gRmIrqTree)
                  a22297d8    00000084                                                     : udma_rmcfg.obj (.rodata.gUdmaRmDefBoardCfg_Bcdma)
                  a222985c    00000084                                                     : udma_rmcfg.obj (.rodata.gUdmaRmDefBoardCfg_BcdmaCsi)
                  a22298e0    00000082     freertos.j722s.r5f.ti-arm-clang.release.lib : tasks.obj (.rodata.str1.35094467418371808881)
                  a2229962    00000002     task_main.obj (.rodata.str1.1337339575946253761)
                  a2229964    00000078     drivers.j722s.main-r5f.ti-arm-clang.release.lib : udma_soc.obj (.rodata.gUdmaTxMappedChRingAttributes)
                  a22299dc    0000006b     freertos.j722s.r5f.ti-arm-clang.release.lib : queue.obj (.rodata.str1.141940174562607130321)
                  a2229a47    00000065                                                 : queue.obj (.rodata.str1.111608391506778058741)
                  a2229aac    00000062                                                 : queue.obj (.rodata.str1.97075527348778053441)
                  a2229b0e    0000005f                                                 : queue.obj (.rodata.str1.114907725057876044971)
                  a2229b6d    0000005d                                                 : queue.obj (.rodata.str1.183044189028674907331)
                  a2229bca    0000005c                                                 : ClockP_freertos_r5.obj (.rodata.str1.40321079418843659821)
                  a2229c26    00000059                                                 : queue.obj (.rodata.str1.182701567456599862741)
                  a2229c7f    00000051                                                 : tasks.obj (.rodata.str1.139630980779555117321)
                  a2229cd0    00000050                                                 : printf.obj (.rodata._ftoa.pow10)
                  a2229d20    0000004f                                                 : tasks.obj (.rodata.str1.21285386633116864331)
                  a2229d6f    0000004a                                                 : queue.obj (.rodata.str1.147229376489009400541)
                  a2229db9    0000004a                                                 : queue.obj (.rodata.str1.64809264458032822611)
                  a2229e03    00000040     drivers.j722s.main-r5f.ti-arm-clang.release.lib : ipc_notify_v0.obj (.rodata.str1.127192029451675065831)
                  a2229e43    00000001     --HOLE-- [fill = 0]
                  a2229e44    00000040                                                     : sciclient_irq_rm.obj (.rodata.tisci_if_DMASS1_INTAGGR_0)
                  a2229e84    0000003f     freertos.j722s.r5f.ti-arm-clang.release.lib : port.obj (.rodata.str1.46439670207802211051)
                  a2229ec3    0000003e                                                 : tasks.obj (.rodata.str1.136965813453778504241)
                  a2229f01    0000003d                                                 : TimerP.obj (.rodata.str1.137259705890908150361)
                  a2229f3e    0000003d                                                 : heap_4.obj (.rodata.str1.159398788565163076961)
                  a2229f7b    00000001     --HOLE-- [fill = 0]
                  a2229f7c    0000003c     drivers.j722s.main-r5f.ti-arm-clang.release.lib : udma_soc.obj (.rodata.gUdmaRxMappedChRingAttributes)
                  a2229fb8    00000039     freertos.j722s.r5f.ti-arm-clang.release.lib : queue.obj (.rodata.str1.155751931963463417611)
                  a2229ff1    00000037                                                 : SemaphoreP_freertos.obj (.rodata.str1.101306302737560956511)
                  a222a028    00000035     ti_drivers_open_close.obj (.rodata.str1.135241915826326793361)
                  a222a05d    00000035     drivers.j722s.main-r5f.ti-arm-clang.release.lib : ipc_rpmsg.obj (.rodata.str1.39454300482808885291)
                  a222a092    00000034     freertos.j722s.r5f.ti-arm-clang.release.lib : TimerP.obj (.rodata.str1.35372726421922690711)
                  a222a0c6    00000034                                                 : port.obj (.rodata.str1.54290801393765884131)
                  a222a0fa    00000032                                                 : heap_4.obj (.rodata.str1.79098017499774591071)
                  a222a12c    00000031                                                 : timers.obj (.rodata.str1.118691063449689221261)
                  a222a15d    0000002f     drivers.j722s.main-r5f.ti-arm-clang.release.lib : ipc_notify_v0.obj (.rodata.str1.174762955759477225641)
                  a222a18c    0000002f                                                     : ipc_notify_v0.obj (.rodata.str1.21360020578790962271)
                  a222a1bb    0000002e     freertos.j722s.r5f.ti-arm-clang.release.lib : queue.obj (.rodata.str1.169224295655360559331)
                  a222a1e9    0000002e                                                 : tasks.obj (.rodata.str1.48156116803641952041)
                  a222a217    00000001     --HOLE-- [fill = 0]
                  a222a218    0000002c     drivers.j722s.main-r5f.ti-arm-clang.release.lib : soc.obj (.rodata.SOC_getCoreName.coreIdNames)
                  a222a244    0000002c                                                     : sciclient_irq_rm.obj (.rodata.tisci_if_MAIN_GPIOMUX_INTROUTER0)
                  a222a270    0000002c                                                     : sciclient_irq_rm.obj (.rodata.tisci_if_WKUP_MCU_GPIOMUX_INTROUTER0)
                  a222a29c    0000002a     freertos.j722s.r5f.ti-arm-clang.release.lib : queue.obj (.rodata.str1.117220106563095428321)
                  a222a2c6    0000002a                                                 : queue.obj (.rodata.str1.131109953815054904231)
                  a222a2f0    0000002a                                                 : heap_4.obj (.rodata.str1.73622560481828276671)
                  a222a31a    0000002a                                                 : DebugP_log.obj (.rodata.str1.83863751503234361091)
                  a222a344    00000029                                                 : tasks.obj (.rodata.str1.163419493628046240901)
                  a222a36d    00000028                                                 : queue.obj (.rodata.str1.66838038054841833861)
                  a222a395    00000003     task_main.obj (.rodata.str1.142360957639910729651)
                  a222a398    00000028     drivers.j722s.main-r5f.ti-arm-clang.release.lib : sciclient_irq_rm.obj (.rodata.tisci_if_DMASS0_INTAGGR_0)
                  a222a3c0    00000028                                                     : sciclient_irq_rm.obj (.rodata.tisci_if_TIMESYNC_EVENT_INTROUTER0)
                  a222a3e8    00000027     freertos.j722s.r5f.ti-arm-clang.release.lib : tasks.obj (.rodata.str1.154345579020199312091)
                  a222a40f    00000027                                                 : ClockP_freertos_r5.obj (.rodata.str1.174039377942727712421)
                  a222a436    00000027                                                 : queue.obj (.rodata.str1.96981306251351186341)
                  a222a45d    00000026                                                 : tasks.obj (.rodata.str1.84784629205457660741)
                  a222a483    00000025     drivers.j722s.main-r5f.ti-arm-clang.release.lib : ipc_notify_v0.obj (.rodata.str1.101865894839250835651)
                  a222a4a8    00000025     freertos.j722s.r5f.ti-arm-clang.release.lib : queue.obj (.rodata.str1.157319839281776338901)
                  a222a4cd    00000025                                                 : tasks.obj (.rodata.str1.164771349851604497811)
                  a222a4f2    00000024                                                 : tasks.obj (.rodata.str1.69153417865725730841)
                  a222a516    00000024     main.obj (.rodata.str1.97993385775340092391)
                  a222a53a    00000023     freertos.j722s.r5f.ti-arm-clang.release.lib : ClockP_freertos_r5.obj (.rodata.str1.150638469851462986011)
                  a222a55d    00000022                                                 : tasks.obj (.rodata.str1.2290074252429086771)
                  a222a57f    00000022                                                 : tasks.obj (.rodata.str1.36029711656696298901)
                  a222a5a1    00000021     drivers.j722s.main-r5f.ti-arm-clang.release.lib : uart_dma_udma.obj (.rodata.str1.142171204071080543651)
                  a222a5c2    00000021     freertos.j722s.r5f.ti-arm-clang.release.lib : ClockP_freertos_r5.obj (.rodata.str1.159651826034932727571)
                  a222a5e3    00000021                                                 : SemaphoreP_freertos.obj (.rodata.str1.58153449447620416071)
                  a222a604    00000021                                                 : tasks.obj (.rodata.str1.79598815126972579641)
                  a222a625    00000021                                                 : tasks.obj (.rodata.str1.98910482011056687671)
                  a222a646    00000020                                                 : tasks.obj (.rodata.str1.173256952803158338481)
                  a222a666    00000020     drivers.j722s.main-r5f.ti-arm-clang.release.lib : ipc_notify_v0.obj (.rodata.str1.77803935510469970291)
                  a222a686    0000001f     freertos.j722s.r5f.ti-arm-clang.release.lib : ClockP_freertos_r5.obj (.rodata.str1.11445913706811365071)
                  a222a6a5    0000001f     drivers.j722s.main-r5f.ti-arm-clang.release.lib : ipc_notify_v0.obj (.rodata.str1.120254807837202051031)
                  a222a6c4    0000001f     freertos.j722s.r5f.ti-arm-clang.release.lib : TimerP.obj (.rodata.str1.150767944974718792331)
                  a222a6e3    0000001f     drivers.j722s.main-r5f.ti-arm-clang.release.lib : uart_v0.obj (.rodata.str1.169394063705023262141)
                  a222a702    0000001f                                                     : ipc_rpmsg_vring.obj (.rodata.str1.174155922056988913621)
                  a222a721    0000001e     freertos.j722s.r5f.ti-arm-clang.release.lib : port.obj (.rodata.str1.172055408752354613651)
                  a222a73f    0000001e                                                 : TimerP.obj (.rodata.str1.40281965742819452681)
                  a222a75d    0000001e     drivers.j722s.main-r5f.ti-arm-clang.release.lib : ipc_notify_v0.obj (.rodata.str1.54645948539029747971)
                  a222a77b    0000001e     ti_drivers_config.obj (.rodata.str1.72370512399720775981)
                  a222a799    0000001e     freertos.j722s.r5f.ti-arm-clang.release.lib : tasks.obj (.rodata.str1.96991310378637518431)
                  a222a7b7    0000001d                                                 : TimerP.obj (.rodata.str1.102252773321675906221)
                  a222a7d4    0000001d     task_main.obj (.rodata.str1.133193147400743042581)
                  a222a7f1    0000001c     drivers.j722s.main-r5f.ti-arm-clang.release.lib : ipc_rpmsg_vring.obj (.rodata.str1.40122266184164752721)
                  a222a80d    0000001c     freertos.j722s.r5f.ti-arm-clang.release.lib : ClockP_freertos_r5.obj (.rodata.str1.44807435292555296461)
                  a222a829    0000001b                                                 : tasks.obj (.rodata.str1.115604734719323499911)
                  a222a844    0000001b                                                 : timers.obj (.rodata.str1.118410620769520892031)
                  a222a85f    0000001b     task_main.obj (.rodata.str1.123790417123353790141)
                  a222a87a    0000001b     freertos.j722s.r5f.ti-arm-clang.release.lib : SemaphoreP_freertos.obj (.rodata.str1.54880761511891225261)
                  a222a895    0000001a                                                 : SemaphoreP_freertos.obj (.rodata.str1.113239132686834773161)
                  a222a8af    0000001a                                                 : queue.obj (.rodata.str1.151229474153774359471)
                  a222a8c9    0000001a                                                 : tasks.obj (.rodata.str1.61687165741830068811)
                  a222a8e3    0000001a                                                 : TimerP.obj (.rodata.str1.74515085465037407181)
                  a222a8fd    00000019                                                 : queue.obj (.rodata.str1.124526672332049379801)
                  a222a916    00000019     drivers.j722s.main-r5f.ti-arm-clang.release.lib : uart_v0.obj (.rodata.str1.151873246111077803171)
                  a222a92f    00000019     freertos.j722s.r5f.ti-arm-clang.release.lib : timers.obj (.rodata.str1.171292879472474763341)
                  a222a948    00000019                                                 : tasks.obj (.rodata.str1.21405417678311569961)
                  a222a961    00000019                                                 : TimerP.obj (.rodata.str1.48829430531877652001)
                  a222a97a    00000019                                                 : queue.obj (.rodata.str1.81406749385322794401)
                  a222a993    00000019                                                 : queue.obj (.rodata.str1.89804141231073983161)
                  a222a9ac    00000018     drivers.j722s.main-r5f.ti-arm-clang.release.lib : sciclient_soc_priv.obj (.rodata..Lswitch.table.Sciclient_getDevId)
[...]
a22293f5  TimerP_getCount                                                                 
a22293f9  TimerP_getReloadCount                                                           
a22293fd  Udma_defaultVirtToPhyFxn                                                        
a2229401  Udma_isCacheCoherent                                                            
a2229404  __aeabi_memcpy                                                                  
a2229404  __aeabi_memcpy4                                                                 
a2229404  __aeabi_memcpy8                                                                 
a2229409  putchar_                                                                        
a2229410  __aeabi_ldiv0                                                                   
a2229490  gUdmaRmDefBoardCfg_Pktdma                                                       
a2229634  gSciclientMap                                                                   
a222974c  gRmIrqTree                                                                      
a22297d8  gUdmaRmDefBoardCfg_Bcdma                                                        
a222985c  gUdmaRmDefBoardCfg_BcdmaCsi                                                     
a2229964  gUdmaTxMappedChRingAttributes                                                   
a2229e44  tisci_if_DMASS1_INTAGGR_0                                                       
a2229f7c  gUdmaRxMappedChRingAttributes                                                   
a222a244  tisci_if_MAIN_GPIOMUX_INTROUTER0                                                
a222a270  tisci_if_WKUP_MCU_GPIOMUX_INTROUTER0                                            
a222a398  tisci_if_DMASS0_INTAGGR_0                                                       
a222a3c0  tisci_if_TIMESYNC_EVENT_INTROUTER0                                              
a222ad48  tisci_if_PCIE0                                                                  
a222af28  tisci_if_CPSW0                                                                  
a222b09c  tisci_if_GPIO0                                                                  
a222b112  CPSW0_cpts_comp_0_0_to_DMASS0_INTAGGR_0_intaggr_levi_pend_0_0                   
a222b11a  CPSW0_cpts_genf0_1_1_to_TIMESYNC_EVENT_INTROUTER0_in_16_16                      
a222b122  CPSW0_cpts_genf1_2_2_to_TIMESYNC_EVENT_INTROUTER0_in_17_17                      
a222b12a  CPSW0_cpts_sync_3_3_to_TIMESYNC_EVENT_INTROUTER0_in_18_18                       
a222b132  DEBUGSS0_davdma_level_0_0_to_DMASS0_INTAGGR_0_intaggr_levi_pend_27_27           
a222b13a  DMASS0_INTAGGR_0_intaggr_vintr_pend_0_39_to_C7X256V0_CLEC_gic_spi_64_103        
a222b142  DMASS0_INTAGGR_0_intaggr_vintr_pend_0_39_to_C7X256V1_CLEC_gic_spi_64_103        
a222b14a  DMASS0_INTAGGR_0_intaggr_vintr_pend_0_39_to_GICSS0_spi_64_103                   
a222b152  DMASS0_INTAGGR_0_intaggr_vintr_pend_100_115_to_C7X256V1_CLEC_soc_events_in_16_31
a222b15a  DMASS0_INTAGGR_0_intaggr_vintr_pend_136_151_to_HSM0_nvic_176_191                
a222b162  DMASS0_INTAGGR_0_intaggr_vintr_pend_152_167_to_R5FSS0_CORE0_intr_64_79          
a222b16a  DMASS0_INTAGGR_0_intaggr_vintr_pend_168_183_to_MCU_R5FSS0_CORE0_cpu0_intr_64_79 
a222b172  DMASS0_INTAGGR_0_intaggr_vintr_pend_40_71_to_WKUP_R5FSS0_CORE0_intr_64_95       
a222b17a  DMASS0_INTAGGR_0_intaggr_vintr_pend_72_79_to_WKUP_R5FSS0_CORE0_intr_8_15        
a222b182  DMASS0_INTAGGR_0_intaggr_vintr_pend_84_99_to_C7X256V0_CLEC_soc_events_in_16_31  
a222b18a  DMASS1_INTAGGR_0_intaggr_vintr_pend_0_7_to_C7X256V0_CLEC_gic_spi_237_244        
a222b192  DMASS1_INTAGGR_0_intaggr_vintr_pend_0_7_to_C7X256V1_CLEC_gic_spi_237_244        
a222b19a  DMASS1_INTAGGR_0_intaggr_vintr_pend_0_7_to_GICSS0_spi_237_244                   
a222b1a2  DMASS1_INTAGGR_0_intaggr_vintr_pend_12_12_to_WKUP_R5FSS0_CORE0_intr_150_150     
a222b1aa  DMASS1_INTAGGR_0_intaggr_vintr_pend_13_15_to_WKUP_R5FSS0_CORE0_intr_158_160     
a222b1b2  DMASS1_INTAGGR_0_intaggr_vintr_pend_14_15_to_R5FSS0_CORE0_intr_158_159          
a222b1ba  DMASS1_INTAGGR_0_intaggr_vintr_pend_16_19_to_MCU_R5FSS0_CORE0_cpu0_intr_129_132 
a222b1c2  DMASS1_INTAGGR_0_intaggr_vintr_pend_20_20_to_MCU_R5FSS0_CORE0_cpu0_intr_150_150 
a222b1ca  DMASS1_INTAGGR_0_intaggr_vintr_pend_21_23_to_MCU_R5FSS0_CORE0_cpu0_intr_158_160 
a222b1d2  DMASS1_INTAGGR_0_intaggr_vintr_pend_22_22_to_R5FSS0_CORE0_intr_160_160          
a222b1da  DMASS1_INTAGGR_0_intaggr_vintr_pend_23_23_to_R5FSS0_CORE0_intr_150_150          
a222b1e2  DMASS1_INTAGGR_0_intaggr_vintr_pend_24_27_to_R5FSS0_CORE0_intr_129_132          
a222b1ea  DMASS1_INTAGGR_0_intaggr_vintr_pend_28_29_to_R5FSS0_CORE0_intr_138_139          
a222b1f2  DMASS1_INTAGGR_0_intaggr_vintr_pend_30_31_to_R5FSS0_CORE0_intr_143_144          
a222b1fa  DMASS1_INTAGGR_0_intaggr_vintr_pend_32_39_to_R5FSS0_CORE0_intr_8_15             
a222b202  DMASS1_INTAGGR_0_intaggr_vintr_pend_8_11_to_WKUP_R5FSS0_CORE0_intr_129_132      
a222b20a  DMPAC0_dmpac_level_0_1_to_MAIN_GPIOMUX_INTROUTER0_in_196_197                    
a222b212  DSS0_dispc_intr_req_0_0_0_to_DMASS0_INTAGGR_0_intaggr_levi_pend_2_2             
a222b21a  DSS0_dispc_intr_req_1_1_1_to_DMASS0_INTAGGR_0_intaggr_levi_pend_3_3             
a222b222  DSS1_dispc_intr_req_0_0_0_to_DMASS0_INTAGGR_0_intaggr_levi_pend_4_4             
a222b22a  DSS1_dispc_intr_req_1_1_1_to_DMASS0_INTAGGR_0_intaggr_levi_pend_5_5             
a222b232  EPWM0_epwm_synco_o_0_0_to_TIMESYNC_EVENT_INTROUTER0_in_8_8                      
a222b23a  GPIO0_gpio_0_89_to_MAIN_GPIOMUX_INTROUTER0_in_0_89                              
a222b242  GPIO0_gpio_90_91_to_MAIN_GPIOMUX_INTROUTER0_in_176_177                          
a222b24a  GPIO0_gpio_bank_92_97_to_MAIN_GPIOMUX_INTROUTER0_in_190_195                     
a222b252  GPIO1_gpio_0_71_to_MAIN_GPIOMUX_INTROUTER0_in_90_161                            
a222b25a  GPIO1_gpio_bank_72_77_to_MAIN_GPIOMUX_INTROUTER0_in_180_185                     
a222b262  GPMC0_gpmc_sdmareq_0_0_to_DMASS0_INTAGGR_0_intaggr_levi_pend_26_26              
a222b26a  I2C4_pointrpend_0_0_to_MAIN_GPIOMUX_INTROUTER0_in_178_178                       
a222b272  MAIN_GPIOMUX_INTROUTER0_outp_0_15_to_C7X256V0_CLEC_gic_spi_32_47                
a222b27a  MAIN_GPIOMUX_INTROUTER0_outp_0_15_to_C7X256V1_CLEC_gic_spi_32_47                
a222b282  MAIN_GPIOMUX_INTROUTER0_outp_0_15_to_GICSS0_spi_32_47                           
a222b28a  MAIN_GPIOMUX_INTROUTER0_outp_0_15_to_WKUP_R5FSS0_CORE0_intr_32_47               
a222b292  MAIN_GPIOMUX_INTROUTER0_outp_0_7_to_HSM0_nvic_208_215                           
a222b29a  MAIN_GPIOMUX_INTROUTER0_outp_16_19_to_R5FSS0_CORE0_intr_104_107                 
a222b2a2  MAIN_GPIOMUX_INTROUTER0_outp_20_21_to_R5FSS0_CORE0_intr_56_57                   
a222b2aa  MAIN_GPIOMUX_INTROUTER0_outp_22_23_to_DMASS0_INTAGGR_0_intaggr_levi_pend_24_25  
a222b2b2  MAIN_GPIOMUX_INTROUTER0_outp_24_31_to_DMASS0_INTAGGR_0_intaggr_levi_pend_16_23  
a222b2ba  MAIN_GPIOMUX_INTROUTER0_outp_32_33_to_R5FSS0_CORE0_intr_58_59                   
a222b2c2  MAIN_GPIOMUX_INTROUTER0_outp_34_35_to_MCU_R5FSS0_CORE0_cpu0_intr_32_33          
a222b2ca  MCASP3_rec_intr_pend_0_0_to_MAIN_GPIOMUX_INTROUTER0_in_186_186                  
a222b2d2  MCASP3_xmit_intr_pend_1_1_to_MAIN_GPIOMUX_INTROUTER0_in_187_187                 
a222b2da  MCASP4_rec_intr_pend_0_0_to_MAIN_GPIOMUX_INTROUTER0_in_188_188                  
a222b2e2  MCASP4_xmit_intr_pend_1_1_to_MAIN_GPIOMUX_INTROUTER0_in_189_189                 
a222b2ea  MCRC64_0_dma_event_0_3_to_DMASS0_INTAGGR_0_intaggr_levi_pend_28_31              
a222b2f2  MCRC64_0_int_mcrc_4_4_to_DMASS0_INTAGGR_0_intaggr_levi_pend_7_7                 
a222b2fa  MCU_GPIO0_gpio_0_23_to_WKUP_MCU_GPIOMUX_INTROUTER0_in_0_23                      
a222b302  MCU_GPIO0_gpio_bank_24_25_to_WKUP_MCU_GPIOMUX_INTROUTER0_in_30_31               
a222b30a  MCU_TIMER0_timer_pwm_0_0_to_MAIN_GPIOMUX_INTROUTER0_in_170_170                  
a222b312  MCU_TIMER1_timer_pwm_0_0_to_MAIN_GPIOMUX_INTROUTER0_in_171_171                  
a222b31a  MCU_TIMER2_timer_pwm_0_0_to_MAIN_GPIOMUX_INTROUTER0_in_172_172                  
a222b322  MCU_TIMER3_timer_pwm_0_0_to_MAIN_GPIOMUX_INTROUTER0_in_173_173                  
a222b32a  PCIE0_pcie_cpts_comp_0_0_to_DMASS0_INTAGGR_0_intaggr_levi_pend_1_1              
a222b332  PCIE0_pcie_cpts_genf0_1_1_to_TIMESYNC_EVENT_INTROUTER0_in_4_4                   
a222b33a  PCIE0_pcie_cpts_hw1_push_2_2_to_TIMESYNC_EVENT_INTROUTER0_in_5_5                
a222b342  PCIE0_pcie_cpts_sync_3_3_to_TIMESYNC_EVENT_INTROUTER0_in_6_6                    
a222b34a  PCIE0_pcie_ptm_valid_pulse_4_4_to_TIMESYNC_EVENT_INTROUTER0_in_7_7              
a222b352  TIMER0_timer_pwm_0_0_to_MAIN_GPIOMUX_INTROUTER0_in_162_162                      
a222b35a  TIMER0_timer_pwm_0_0_to_TIMESYNC_EVENT_INTROUTER0_in_0_0                        
a222b362  TIMER1_timer_pwm_0_0_to_MAIN_GPIOMUX_INTROUTER0_in_163_163                      
a222b36a  TIMER1_timer_pwm_0_0_to_TIMESYNC_EVENT_INTROUTER0_in_1_1                        
a222b372  TIMER2_timer_pwm_0_0_to_MAIN_GPIOMUX_INTROUTER0_in_164_164                      
a222b37a  TIMER2_timer_pwm_0_0_to_TIMESYNC_EVENT_INTROUTER0_in_2_2                        
a222b382  TIMER3_timer_pwm_0_0_to_MAIN_GPIOMUX_INTROUTER0_in_165_165                      
a222b38a  TIMER3_timer_pwm_0_0_to_TIMESYNC_EVENT_INTROUTER0_in_3_3                        
a222b392  TIMER4_timer_pwm_0_0_to_MAIN_GPIOMUX_INTROUTER0_in_166_166                      
a222b39a  TIMER5_timer_pwm_0_0_to_MAIN_GPIOMUX_INTROUTER0_in_167_167                      
a222b3a2  TIMER6_timer_pwm_0_0_to_MAIN_GPIOMUX_INTROUTER0_in_168_168                      
a222b3aa  TIMER7_timer_pwm_0_0_to_MAIN_GPIOMUX_INTROUTER0_in_169_169                      
a222b3b2  TIMESYNC_EVENT_INTROUTER0_outl_0_7_to_DMASS0_INTAGGR_0_intaggr_levi_pend_8_15   
a222b3ba  TIMESYNC_EVENT_INTROUTER0_outl_10_10_to_CPSW0_cpts_hw1_push_0_0                 
a222b3c2  TIMESYNC_EVENT_INTROUTER0_outl_11_11_to_CPSW0_cpts_hw2_push_1_1                 
a222b3ca  TIMESYNC_EVENT_INTROUTER0_outl_12_12_to_CPSW0_cpts_hw3_push_2_2                 
a222b3d2  TIMESYNC_EVENT_INTROUTER0_outl_13_13_to_CPSW0_cpts_hw4_push_3_3                 
a222b3da  TIMESYNC_EVENT_INTROUTER0_outl_14_14_to_CPSW0_cpts_hw5_push_4_4                 
a222b3e2  TIMESYNC_EVENT_INTROUTER0_outl_15_15_to_CPSW0_cpts_hw6_push_5_5                 
a222b3ea  TIMESYNC_EVENT_INTROUTER0_outl_16_16_to_CPSW0_cpts_hw7_push_6_6                 
a222b3f2  TIMESYNC_EVENT_INTROUTER0_outl_17_17_to_CPSW0_cpts_hw8_push_7_7                 
a222b3fa  TIMESYNC_EVENT_INTROUTER0_outl_8_8_to_PCIE0_pcie_cpts_hw2_push_0_0              
a222b402  WKUP_GTC0_gtc_push_event_0_0_to_TIMESYNC_EVENT_INTROUTER0_in_11_11              
a222b40a  WKUP_MCU_GPIOMUX_INTROUTER0_outp_0_3_to_C7X256V0_CLEC_gic_spi_104_107           
a222b412  WKUP_MCU_GPIOMUX_INTROUTER0_outp_0_3_to_C7X256V1_CLEC_gic_spi_104_107           
a222b41a  WKUP_MCU_GPIOMUX_INTROUTER0_outp_0_3_to_GICSS0_spi_104_107                      
a222b422  WKUP_MCU_GPIOMUX_INTROUTER0_outp_0_3_to_WKUP_R5FSS0_CORE0_intr_104_107          
a222b42a  WKUP_MCU_GPIOMUX_INTROUTER0_outp_12_13_to_R5FSS0_CORE0_intr_32_33               
a222b432  WKUP_MCU_GPIOMUX_INTROUTER0_outp_14_15_to_R5FSS0_CORE0_intr_60_61               
a222b43a  WKUP_MCU_GPIOMUX_INTROUTER0_outp_4_7_to_HSM0_nvic_78_81                         
a222b442  WKUP_MCU_GPIOMUX_INTROUTER0_outp_4_7_to_MCU_R5FSS0_CORE0_cpu0_intr_104_107      
a222b44a  WKUP_MCU_GPIOMUX_INTROUTER0_outp_8_11_to_WKUP_ESM0_esm_pls_event0_88_91         
a222b452  WKUP_MCU_GPIOMUX_INTROUTER0_outp_8_11_to_WKUP_ESM0_esm_pls_event1_92_95         
a222b45a  WKUP_MCU_GPIOMUX_INTROUTER0_outp_8_11_to_WKUP_ESM0_esm_pls_event2_96_99         
a222b462  WKUP_TIMER0_timer_pwm_0_0_to_MAIN_GPIOMUX_INTROUTER0_in_174_174                 
a222b46a  WKUP_TIMER1_timer_pwm_0_0_to_MAIN_GPIOMUX_INTROUTER0_in_175_175                 
a222b48c  tisci_if_DSS0                                                                   
a222b494  tisci_if_DSS1                                                                   
a222b49c  tisci_if_GPIO1                                                                  
a222b4a4  tisci_if_MCASP3                                                                 
a222b4ac  tisci_if_MCASP4                                                                 
a222b4b4  tisci_if_MCRC64_0                                                               
a222b4bc  tisci_if_MCU_GPIO0                                                              
a222b4c4  tisci_if_TIMER0                                                                 
a222b4cc  tisci_if_TIMER1                                                                 
a222b4d4  tisci_if_TIMER2                                                                 
a222b4dc  tisci_if_TIMER3                                                                 
a222b640  gCacheL1dCacheLineSize                                                          
a222b644  gCacheL1pCacheLineSize                                                          
a222b648  gRmIrqTreeCount                                                                 
a222b654  tisci_if_DEBUGSS0                                                               
a222b658  tisci_if_DMPAC0                                                                 
a222b65c  tisci_if_EPWM0                                                                  
a222b660  tisci_if_GPMC0                                                                  
a222b664  tisci_if_I2C4                                                                   
a222b668  tisci_if_MCU_TIMER0                                                             
a222b66c  tisci_if_MCU_TIMER1                                                             
a222b670  tisci_if_MCU_TIMER2                                                             
a222b674  tisci_if_MCU_TIMER3                                                             
a222b678  tisci_if_TIMER4                                                                 
a222b67c  tisci_if_TIMER5                                                                 
a222b680  tisci_if_TIMER6                                                                 
a222b684  tisci_if_TIMER7                                                                 
a222b688  tisci_if_WKUP_GTC0                                                              
a222b68c  tisci_if_WKUP_TIMER0                                                            
a222b690  tisci_if_WKUP_TIMER1                                                            
a222b694  uxTopUsedPriority                                                               
a222b698  gIpcNotifyMailboxConfig                                                         
a222b7c4  gIpcNotifyInterruptConfig_main_r5fss0_0                                         
a222b894  vint_usage_count_DMASS0_INTAGGR_0                                               
a222b9e8  gMpuRegionConfig                                                                
a222ba58  gUartParams                                                                     
a222bab0  gBcdmaCsiRmSharedResPrms                                                        
a222bb00  gUdmaRmSharedResPrms                                                            
a222bb50  gRmIrInstances                                                                  
a222bb98  gRmIaInstances                                                                  
a222bbd8  gUartUdma0Args                                                                  
a222bc0c  vint_usage_count_DMASS1_INTAGGR_0                                               
a222bc34  gIpcNotifyMailboxBaseAddr                                                       
a222bc58  gSciclientSecProxyCfg                                                           
a222bc78  gClockConfig                                                                    
a222bca8  gSocModulesClockFrequency                                                       
a222bcc0  gUartDmaUdmaFxns                                                                
a222bce8  gAddrTranslateRegionConfig                                                      
a222bcf8  gSocModules                                                                     
a222bd08  gAddrTranslateConfig                                                            
a222bd14  gMpuConfig                                                                      
a222bd20  gCacheConfig                                                                    
a222bd38  gUartConfig                                                                     
a222bd40  gUartDmaConfig                                                                  
a222bd54  FreeRTOS_errno                                                                  
a222bd58  gDebugLogZone                                                                   
a222bd60  gDebugMemLogSize                                                                
a222bd6c  gHwiConfig                                                                      
a222bd70  gIpcNotifyInterruptConfigNum_main_r5fss0_0                                      
a222bd88  gUartConfigNum                                                                  
a222bd8c  gUartDmaConfigNum                                                               
a222bd94  pxCurrentTCB                                                                    
a222bda4  ulCriticalNesting                                                               
a222bda8  ulPortInterruptNesting                                                          
a222bdac  ulPortSchedularRunning                                                          
a222bdb0  ulPortTaskHasFPUContext                                                         
a222bdb4  ulPortYieldRequired                                                             
a222be08  __IRQ_STACK_START                                                               
a222ce08  __FIQ_STACK_START                                                               
a222ce08  __IRQ_STACK_END                                                                 
a222cf08  __FIQ_STACK_END                                                                 
a222cf08  __SVC_STACK_START                                                               
a222d008  __ABORT_STACK_START                                                             
a222d008  __SVC_STACK_END                                                                 
a222d108  __ABORT_STACK_END                                                               
a222d108  __UNDEFINED_STACK_START                                                         
a222d208  __UNDEFINED_STACK_END                                                           
ffffffff  __TI_pprof_out_hndl                                                             
ffffffff  __TI_prof_data_size                                                             
ffffffff  __TI_prof_data_start                                                            
ffffffff  __binit__                                                                       
ffffffff  binit                                                                           
UNDEFED   __TI_CINIT_Base                                                                 
UNDEFED   __TI_CINIT_Limit                                                                
UNDEFED   __TI_Handler_Table_Base                                                         
UNDEFED   __TI_Handler_Table_Limit                                                        
UNDEFED   _system_post_cinit                                                              

[666 symbols]
