******************************************************************************
                     C7x Linker Unix v4.1.0                    
******************************************************************************
>> Linked Mon May  5 23:32:33 2025

OUTPUT FILE NAME:   <ipc_rpmsg_echo_linux.release.out>
ENTRY POINT SYMBOL: "_c_int00_secure"  address: 0000a3a00000


MEMORY CONFIGURATION

         name            origin         length     used     unused   attr    fill
----------------------  ------------   --------  --------  --------  ----  --------
  L2SRAM                00007e000000   00200000  00000000  00200000  RW X
  DDR0_RESERVED         000080000000   19800000  00000000  19800000  RWIX
  C7X_IPC_D             0000a3000000   00100000  00000000  00100000  RWIX
  C7X_RT_D              0000a3100000   00000400  0000008c  00000374  RWIX
  LINUX_IPC_TRACE_BUFFE 0000a3100400   000ffc00  00001000  000fec00  RWIX
  C7X_BOOT_D            0000a3200000   00000400  00000000  00000400  RWIX
  C7X_VECS_D            0000a3400000   00004000  00000840  000037c0  RWIX
  C7X_CIO_MEM           0000a3410000   00001000  00000000  00001000  RWIX
  C7X_DDR_SPACE         0000a3411000   00bef000  00521925  006cd6db  RWIX
  RTOS_NORTOS_IPC_SHM_M 0000a5000000   01c00000  00000000  01c00000  RWIX
  LOG_SHM_MEM           0000a7000000   00040000  00005000  0003b000  RWIX


SEGMENT ALLOCATION MAP

  run origin     load origin      length   init length attrs members
--------------  --------------  ---------- ----------- ----- -------
0000a3100000    0000a3100000    0000008c   0000008c    r--
  0000a3100000    0000a3100000    0000008c   0000008c    r-- .resource_table
0000a3100400    0000a3100400    00001000   00000000    rw-
  0000a3100400    0000a3100400    00001000   00000000    rw- .bss.debug_mem_trace_buf
0000a3400000    0000a3400000    00000840   00000840    r-x
  0000a3400000    0000a3400000    00000840   00000840    r-x .vecs
0000a3411000    0000a3411000    004a7848   00000000    rw-
  0000a3411000    0000a3411000    004a7848   00000000    rw- .bss
0000a38b8848    0000a38b8848    00001000   00001000    rw-
  0000a38b8848    0000a38b8848    00001000   00001000    rw- .args
0000a38ba000    0000a38ba000    00040000   00000000    rw-
  0000a38ba000    0000a38ba000    00020000   00000000    rw- .stack
  0000a38da000    0000a38da000    00020000   00000000    rw- .sysmem
0000a38fa000    0000a38fa000    000053d8   000053d8    rw-
  0000a38fa000    0000a38fa000    0000322d   0000322d    rw- .const
  0000a38fd230    0000a38fd230    000021a8   000021a8    rw- .data
0000a3900000    0000a3900000    00021cc0   00021cc0    r-x
  0000a3900000    0000a3900000    00021cc0   00021cc0    r-x .text
0000a3922000    0000a3922000    00000008   00000000    rw-
  0000a3922000    0000a3922000    00000008   00000000    rw- .data.Mmu_level1Table
0000a3923000    0000a3923000    00010008   00000000    rw-
  0000a3923000    0000a3923000    00010000   00000000    rw- .data.gMmu_tableArray_NS
  0000a3933000    0000a3933000    00000008   00000000    rw- .data.Mmu_tableArraySlot_NS
0000a3934000    0000a3934000    00000008   00000000    rw-
  0000a3934000    0000a3934000    00000008   00000000    rw- .data.Mmu_level1Table_NS
0000a3a00000    0000a3a00000    00000040   00000040    r-x
  0000a3a00000    0000a3a00000    00000040   00000040    r-x .text:_c_int00_secure


SECTION ALLOCATION MAP

 output                                      attributes/
section   page      origin        length       input sections
--------  ----  --------------  ----------   ----------------
.vecs      0    0000a3400000    00000840     
                  0000a3400000    00000840     freertos.j722s.c75x.ti-c7000.release.lib : Hwi_disp_always_asm.obj (.vecs)

.bss       0    0000a3411000    004a7848     UNINITIALIZED
                  0000a3411000    00080000     (.common:B)
                  0000a3491000    00080000     (.common:Bw)
                  0000a3511000    00080000     (.common:G)
                  0000a3591000    00080000     (.common:Gw)
                  0000a3611000    00080000     (.common:R)
                  0000a3691000    00080000     (.common:RGB_tmp)
                  0000a3711000    00080000     (.common:RG_tmp)
                  0000a3791000    00080000     (.common:Rw)
                  0000a3811000    00040000     freertos.j722s.c75x.ti-c7000.release.lib : port.obj (.bss:uxIdleTaskStack$10)
                  0000a3851000    00040000                                              : port.obj (.bss:uxTimerTaskStack$12)
                  0000a3891000    00010000     (.common:gMainTaskStack)
                  0000a38a1000    0000b3a8     (.common:gIpcRpmsgCtrl)
                  0000a38ac3a8    00008000     task_main.obj (.bss:gCalcTaskStack)
                  0000a38b43a8    000013d8     (.common:gUdmaDrvObj)
                  0000a38b5780    00000f00     freertos.j722s.c75x.ti-c7000.release.lib : Exception.obj (.bss:gExceptionContext)
                  0000a38b6680    00000e00                                              : HwiP_freertos_c7x.obj (.bss:gOsalHwiPFreeRtosPool)
                  0000a38b7480    00000500                                              : tasks.obj (.bss:pxReadyTasksLists)
                  0000a38b7980    00000200                                              : timers.obj (.bss:ucStaticTimerQueueStorage$22)
                  0000a38b7b80    00000200     (.common:xQueueRegistry)
                  0000a38b7d80    00000140     (.common:gIpcNotifyCtrl)
                  0000a38b7ec0    00000130                                              : DebugP_freertos.obj (.bss:gDebugLogLockObj)
                  0000a38b7ff0    000000e8     task_main.obj (.bss:gCalcTaskObj)
                  0000a38b80d8    000000e8     freertos.j722s.c75x.ti-c7000.release.lib : port.obj (.bss:xIdleTaskTCB$9)
                  0000a38b81c0    000000e8                                              : port.obj (.bss:xTimerTaskTCB$11)
                  0000a38b82a8    000000e8     (.common:gMainTaskObj)
                  0000a38b8390    000000a0                                              : timers.obj (.bss:xStaticTimerQueue$21)
                  0000a38b8430    000000a0     (.common:gTaskP_ctrl)
                  0000a38b84d0    0000007a                                              : DebugP_memTraceLogWriter.obj (.bss:lineBuf$1)
                  0000a38b854a    00000002     --HOLE--
                  0000a38b854c    0000007a                                              : DebugP_shmLogWriter.obj (.bss:lineBuf$1)
                  0000a38b85c6    00000002     --HOLE--
                  0000a38b85c8    00000040     drivers.j722s.c75ss0-0.ti-c7000.release.lib : sciclient_rm_irq.obj (.bss:gPstack)
                  0000a38b8608    00000040     freertos.j722s.c75x.ti-c7000.release.lib : timers.obj (.bss:xActiveTimerList1)
                  0000a38b8648    00000040                                              : timers.obj (.bss:xActiveTimerList2)
                  0000a38b8688    00000040                                              : tasks.obj (.bss:xDelayedTaskList1)
                  0000a38b86c8    00000040                                              : tasks.obj (.bss:xDelayedTaskList2)
                  0000a38b8708    00000040                                              : tasks.obj (.bss:xPendingReadyList)
                  0000a38b8748    00000040                                              : tasks.obj (.bss:xSuspendedTaskList)
                  0000a38b8788    00000040                                              : tasks.obj (.bss:xTasksWaitingTermination)
                  0000a38b87c8    00000040     (.common:gClockCtrl)
                  0000a38b8808    00000010                                              : tasks.obj (.bss)
                  0000a38b8818    00000010                                              : timers.obj (.bss)
                  0000a38b8828    00000010                                              : heap_4.obj (.bss:xStart)
                  0000a38b8838    00000008     rts7524_le.lib : memory.c.obj (.bss)
                  0000a38b8840    00000008     (.common:gMainTask)

.args      0    0000a38b8848    00001000     
                  0000a38b8848    00001000     --HOLE-- [fill = 0]

.data      0    0000a38fd230    000021a8     
                  0000a38fd230    00001040     freertos.j722s.c75x.ti-c7000.release.lib : Exception.obj (.data:Exception_Module_state)
                  0000a38fe270    00000268                                              : HwiP_c75.obj (.data:Hwi_Module_state)
                  0000a38fe4d8    0000012c     drivers.j722s.c75ss0-0.ti-c7000.release.lib : ipc_notify_v0_cfg.obj (.data:gIpcNotifyMailboxConfig)
                  0000a38fe604    00000004     freertos.j722s.c75x.ti-c7000.release.lib : DebugP_freertos.obj (.data)
                  0000a38fe608    00000118     drivers.j722s.c75ss0-0.ti-c7000.release.lib : sciclient_irq_rm.obj (.data:.const:gRmIrqTree)
                  0000a38fe720    00000118     ti_dpl_config.obj (.data:gMmuRegionConfig)
                  0000a38fe838    000000d0     drivers.j722s.c75ss0-0.ti-c7000.release.lib : ipc_notify_v0_cfg.obj (.data:gIpcNotifyInterruptConfig_c75ss0_0)
                  0000a38fe908    000000b8                                                 : sciclient_irq_rm.obj (.data:vint_usage_count_DMASS0_INTAGGR_0)
                  0000a38fe9c0    00000080                                                 : sciclient_irq_rm.obj (.data:.const:tisci_if_DMASS1_INTAGGR_0)
                  0000a38fea40    00000078     freertos.j722s.c75x.ti-c7000.release.lib : tasks.obj (.data)
                  0000a38feab8    00000060     drivers.j722s.c75ss0-0.ti-c7000.release.lib : sciclient_irq_rm.obj (.data:gRmIaInstances)
                  0000a38feb18    00000060                                                 : sciclient_irq_rm.obj (.data:gRmIrInstances)
                  0000a38feb78    00000058                                                 : sciclient_irq_rm.obj (.data:.const:tisci_if_MAIN_GPIOMUX_INTROUTER0)
                  0000a38febd0    00000058                                                 : sciclient_irq_rm.obj (.data:.const:tisci_if_WKUP_MCU_GPIOMUX_INTROUTER0)
                  0000a38fec28    00000058                                                 : soc.obj (.data:coreIdNames$1)
                  0000a38fec80    00000050                                                 : sciclient_irq_rm.obj (.data:.const:tisci_if_DMASS0_INTAGGR_0)
                  0000a38fecd0    00000050                                                 : sciclient_irq_rm.obj (.data:.const:tisci_if_TIMESYNC_EVENT_INTROUTER0)
                  0000a38fed20    00000050                                                 : udma_rmcfg.obj (.data:gBcdmaCsiRmSharedResPrms)
                  0000a38fed70    00000050                                                 : udma_rmcfg.obj (.data:gBcdmaDruRmSharedResPrms)
                  0000a38fedc0    00000050                                                 : udma_rmcfg.obj (.data:gUdmaRmSharedResPrms)
                  0000a38fee10    00000030     freertos.j722s.c75x.ti-c7000.release.lib : heap_4.obj (.data)
                  0000a38fee40    00000028     drivers.j722s.c75ss0-0.ti-c7000.release.lib : sciclient_irq_rm.obj (.data:.const:tisci_if_PCIE0)
                  0000a38fee68    00000028                                                 : sciclient_soc_priv.obj (.data:gSciclientSecProxyCfg)
                  0000a38fee90    00000028                                                 : sciclient_irq_rm.obj (.data:vint_usage_count_DMASS1_INTAGGR_0)
                  0000a38feeb8    00000024                                                 : ipc_notify_v0_cfg.obj (.data:gIpcNotifyMailboxBaseAddr)
                  0000a38feedc    00000004     freertos.j722s.c75x.ti-c7000.release.lib : DebugP_log.obj (.data)
                  0000a38feee0    00000020     drivers.j722s.c75ss0-0.ti-c7000.release.lib : sciclient_irq_rm.obj (.data:.const:tisci_if_CPSW0)
                  0000a38fef00    00000020     freertos.j722s.c75x.ti-c7000.release.lib : port.obj (.data)
                  0000a38fef20    00000020     ti_drivers_config.obj (.data:gUdmaInitPrms)
                  0000a38fef40    00000018     drivers.j722s.c75ss0-0.ti-c7000.release.lib : sciclient_irq_rm.obj (.data:.const:tisci_if_GPIO0)
                  0000a38fef58    00000018                                                 : ipc_notify_v0_cfg.obj (.data)
                  0000a38fef70    00000018     ti_dpl_config.obj (.data:gClockConfig)
                  0000a38fef88    00000018     drivers.j722s.c75ss0-0.ti-c7000.release.lib : sciclient.obj (.data:gSciclientHandle)
                  0000a38fefa0    00000014     freertos.j722s.c75x.ti-c7000.release.lib : DebugP_memTraceLogWriter.obj (.data)
                  0000a38fefb4    00000004     drivers.j722s.c75ss0-0.ti-c7000.release.lib : sciclient_irq_rm.obj (.data:rom_usage_DMASS0_INTAGGR_0)
                  0000a38fefb8    00000014     freertos.j722s.c75x.ti-c7000.release.lib : DebugP_shmLogWriter.obj (.data)
                  0000a38fefcc    00000004     drivers.j722s.c75ss0-0.ti-c7000.release.lib : sciclient_irq_rm.obj (.data:rom_usage_DMASS1_INTAGGR_0)
                  0000a38fefd0    00000014     freertos.j722s.c75x.ti-c7000.release.lib : timers.obj (.data)
                  0000a38fefe4    00000004     rts7524_le.lib : memory.c.obj (.data)
                  0000a38fefe8    00000010     drivers.j722s.c75ss0-0.ti-c7000.release.lib : sciclient_irq_rm.obj (.data:.const:tisci_if_DSS0)
                  0000a38feff8    00000010                                                 : sciclient_irq_rm.obj (.data:.const:tisci_if_DSS1)
                  0000a38ff008    00000010                                                 : sciclient_irq_rm.obj (.data:.const:tisci_if_GPIO1)
                  0000a38ff018    00000010                                                 : sciclient_irq_rm.obj (.data:.const:tisci_if_MCASP3)
                  0000a38ff028    00000010                                                 : sciclient_irq_rm.obj (.data:.const:tisci_if_MCASP4)
                  0000a38ff038    00000010                                                 : sciclient_irq_rm.obj (.data:.const:tisci_if_MCRC64_0)
                  0000a38ff048    00000010                                                 : sciclient_irq_rm.obj (.data:.const:tisci_if_MCU_GPIO0)
                  0000a38ff058    00000010                                                 : sciclient_irq_rm.obj (.data:.const:tisci_if_TIMER0)
                  0000a38ff068    00000010                                                 : sciclient_irq_rm.obj (.data:.const:tisci_if_TIMER1)
                  0000a38ff078    00000010                                                 : sciclient_irq_rm.obj (.data:.const:tisci_if_TIMER2)
                  0000a38ff088    00000010                                                 : sciclient_irq_rm.obj (.data:.const:tisci_if_TIMER3)
                  0000a38ff098    00000010                                                 : sciclient_irq_rm.obj (.data:.const:tisci_irq_CPSW0)
                  0000a38ff0a8    00000010                                                 : sciclient_irq_rm.obj (.data:.const:tisci_irq_DEBUGSS0)
                  0000a38ff0b8    00000010                                                 : sciclient_irq_rm.obj (.data:.const:tisci_irq_DMASS0_INTAGGR_0)
                  0000a38ff0c8    00000010                                                 : sciclient_irq_rm.obj (.data:.const:tisci_irq_DMASS1_INTAGGR_0)
                  0000a38ff0d8    00000010                                                 : sciclient_irq_rm.obj (.data:.const:tisci_irq_DMPAC0)
                  0000a38ff0e8    00000010                                                 : sciclient_irq_rm.obj (.data:.const:tisci_irq_DSS0)
                  0000a38ff0f8    00000010                                                 : sciclient_irq_rm.obj (.data:.const:tisci_irq_DSS1)
                  0000a38ff108    00000010                                                 : sciclient_irq_rm.obj (.data:.const:tisci_irq_EPWM0)
                  0000a38ff118    00000010                                                 : sciclient_irq_rm.obj (.data:.const:tisci_irq_GPIO0)
                  0000a38ff128    00000010                                                 : sciclient_irq_rm.obj (.data:.const:tisci_irq_GPIO1)
                  0000a38ff138    00000010                                                 : sciclient_irq_rm.obj (.data:.const:tisci_irq_GPMC0)
                  0000a38ff148    00000010                                                 : sciclient_irq_rm.obj (.data:.const:tisci_irq_I2C4)
                  0000a38ff158    00000010                                                 : sciclient_irq_rm.obj (.data:.const:tisci_irq_MAIN_GPIOMUX_INTROUTER0)
                  0000a38ff168    00000010                                                 : sciclient_irq_rm.obj (.data:.const:tisci_irq_MCASP3)
                  0000a38ff178    00000010                                                 : sciclient_irq_rm.obj (.data:.const:tisci_irq_MCASP4)
                  0000a38ff188    00000010                                                 : sciclient_irq_rm.obj (.data:.const:tisci_irq_MCRC64_0)
                  0000a38ff198    00000010                                                 : sciclient_irq_rm.obj (.data:.const:tisci_irq_MCU_GPIO0)
                  0000a38ff1a8    00000010                                                 : sciclient_irq_rm.obj (.data:.const:tisci_irq_MCU_TIMER0)
                  0000a38ff1b8    00000010                                                 : sciclient_irq_rm.obj (.data:.const:tisci_irq_MCU_TIMER1)
                  0000a38ff1c8    00000010                                                 : sciclient_irq_rm.obj (.data:.const:tisci_irq_MCU_TIMER2)
                  0000a38ff1d8    00000010                                                 : sciclient_irq_rm.obj (.data:.const:tisci_irq_MCU_TIMER3)
                  0000a38ff1e8    00000010                                                 : sciclient_irq_rm.obj (.data:.const:tisci_irq_PCIE0)
                  0000a38ff1f8    00000010                                                 : sciclient_irq_rm.obj (.data:.const:tisci_irq_TIMER0)
                  0000a38ff208    00000010                                                 : sciclient_irq_rm.obj (.data:.const:tisci_irq_TIMER1)
                  0000a38ff218    00000010                                                 : sciclient_irq_rm.obj (.data:.const:tisci_irq_TIMER2)
                  0000a38ff228    00000010                                                 : sciclient_irq_rm.obj (.data:.const:tisci_irq_TIMER3)
                  0000a38ff238    00000010                                                 : sciclient_irq_rm.obj (.data:.const:tisci_irq_TIMER4)
                  0000a38ff248    00000010                                                 : sciclient_irq_rm.obj (.data:.const:tisci_irq_TIMER5)
                  0000a38ff258    00000010                                                 : sciclient_irq_rm.obj (.data:.const:tisci_irq_TIMER6)
                  0000a38ff268    00000010                                                 : sciclient_irq_rm.obj (.data:.const:tisci_irq_TIMER7)
                  0000a38ff278    00000010                                                 : sciclient_irq_rm.obj (.data:.const:tisci_irq_TIMESYNC_EVENT_INTROUTER0)
                  0000a38ff288    00000010                                                 : sciclient_irq_rm.obj (.data:.const:tisci_irq_WKUP_GTC0)
                  0000a38ff298    00000010                                                 : sciclient_irq_rm.obj (.data:.const:tisci_irq_WKUP_MCU_GPIOMUX_INTROUTER0)
                  0000a38ff2a8    00000010                                                 : sciclient_irq_rm.obj (.data:.const:tisci_irq_WKUP_TIMER0)
                  0000a38ff2b8    00000010                                                 : sciclient_irq_rm.obj (.data:.const:tisci_irq_WKUP_TIMER1)
                  0000a38ff2c8    00000010     freertos.j722s.c75x.ti-c7000.release.lib : AddrTranslateP.obj (.data:gAddrTranslateConfig)
                  0000a38ff2d8    00000010     rts7524_le.lib : exit.c.obj (.data)
                  0000a38ff2e8    0000000c     ti_power_clock_config.obj (.data:gSocModulesClockFrequency)
                  0000a38ff2f4    00000004     ti_dpl_config.obj (.data)
                  0000a38ff2f8    0000000c     task_main.obj (.data)
                  0000a38ff304    00000001     drivers.j722s.c75ss0-0.ti-c7000.release.lib : sciclient.obj (.data)
                  0000a38ff305    00000003     --HOLE-- [fill = 0]
                  0000a38ff308    00000008                                                 : sciclient_irq_rm.obj (.data:.const:tisci_if_DEBUGSS0)
                  0000a38ff310    00000008                                                 : sciclient_irq_rm.obj (.data:.const:tisci_if_DMPAC0)
                  0000a38ff318    00000008                                                 : sciclient_irq_rm.obj (.data:.const:tisci_if_EPWM0)
                  0000a38ff320    00000008                                                 : sciclient_irq_rm.obj (.data:.const:tisci_if_GPMC0)
                  0000a38ff328    00000008                                                 : sciclient_irq_rm.obj (.data:.const:tisci_if_I2C4)
                  0000a38ff330    00000008                                                 : sciclient_irq_rm.obj (.data:.const:tisci_if_MCU_TIMER0)
                  0000a38ff338    00000008                                                 : sciclient_irq_rm.obj (.data:.const:tisci_if_MCU_TIMER1)
                  0000a38ff340    00000008                                                 : sciclient_irq_rm.obj (.data:.const:tisci_if_MCU_TIMER2)
                  0000a38ff348    00000008                                                 : sciclient_irq_rm.obj (.data:.const:tisci_if_MCU_TIMER3)
                  0000a38ff350    00000008                                                 : sciclient_irq_rm.obj (.data:.const:tisci_if_TIMER4)
                  0000a38ff358    00000008                                                 : sciclient_irq_rm.obj (.data:.const:tisci_if_TIMER5)
                  0000a38ff360    00000008                                                 : sciclient_irq_rm.obj (.data:.const:tisci_if_TIMER6)
                  0000a38ff368    00000008                                                 : sciclient_irq_rm.obj (.data:.const:tisci_if_TIMER7)
                  0000a38ff370    00000008                                                 : sciclient_irq_rm.obj (.data:.const:tisci_if_WKUP_GTC0)
                  0000a38ff378    00000008                                                 : sciclient_irq_rm.obj (.data:.const:tisci_if_WKUP_TIMER0)
                  0000a38ff380    00000008                                                 : sciclient_irq_rm.obj (.data:.const:tisci_if_WKUP_TIMER1)
                  0000a38ff388    00000008     freertos.j722s.c75x.ti-c7000.release.lib : CacheP_c75.obj (.data:CacheP_Module_state)
                  0000a38ff390    00000008     rts7524_le.lib : _lock.c.obj (.data:_lock)
                  0000a38ff398    00000008                    : _lock.c.obj (.data:_unlock)
                  0000a38ff3a0    00000008     freertos.j722s.c75x.ti-c7000.release.lib : CycleCounterP_c75.obj (.data)
                  0000a38ff3a8    00000008                                              : HwiP_freertos_c7x.obj (.data)
                  0000a38ff3b0    00000008                                              : TaskP_freertos.obj (.data)
                  0000a38ff3b8    00000008     ti_dpl_config.obj (.data:gMmuConfig)
                  0000a38ff3c0    00000008     ti_pinmux_config.obj (.data:gPinMuxMainDomainCfg)
                  0000a38ff3c8    00000008     ti_pinmux_config.obj (.data:gPinMuxMcuDomainCfg)
                  0000a38ff3d0    00000008     ti_power_clock_config.obj (.data:gSocModules)

.text      0    0000a3900000    00021cc0     
                  0000a3900000    00001000     freertos.j722s.c75x.ti-c7000.release.lib : CycleCounterP_c75.obj (.text:CycleCounterP_Module_startup)
                  0000a3901000    00000e00                                              : printf.obj (.text:_vsnprintf)
                  0000a3901e00    00000c80     drivers.j722s.c75ss0-0.ti-c7000.release.lib : udma_rm.obj (.text:Udma_rmInit)
                  0000a3902a80    00000ac0     freertos.j722s.c75x.ti-c7000.release.lib : Exception.obj (.text:Exception_handler)
                  0000a3903540    00000a40                                              : Hwi_disp_always_asm.obj (.text:Hwi_dispatchAlways)
                  0000a3903f80    000009c0     drivers.j722s.c75ss0-0.ti-c7000.release.lib : udma_soc.obj (.text:Udma_initDrvHandle)
                  0000a3904940    00000880     freertos.j722s.c75x.ti-c7000.release.lib : Exception.obj (.text:Exception_internalHandler)
                  0000a39051c0    00000800     drivers.j722s.c75ss0-0.ti-c7000.release.lib : sciclient_rm_irq.obj (.text:Sciclient_rmIrqRouteValidate)
                  0000a39059c0    00000740     freertos.j722s.c75x.ti-c7000.release.lib : printf.obj (.text:_ftoa)
                  0000a3906100    000006c0     drivers.j722s.c75ss0-0.ti-c7000.release.lib : udma_rmcfg_common.obj (.text:UdmaRmInitPrms_init)
                  0000a39067c0    00000500                                                 : ipc_notify_v0.obj (.text:IpcNotify_init)
                  0000a3906cc0    00000500     task_main.obj (.text:calc_main)
                  0000a39071c0    00000500     freertos.j722s.c75x.ti-c7000.release.lib : Exception_asm.obj (.text)
                  0000a39076c0    000004c0                                              : MmuP_c75.obj (.text:MmuP_allocTable)
                  0000a3907b80    000004c0     drivers.j722s.c75ss0-0.ti-c7000.release.lib : udma_event.obj (.text:Udma_eventConfig)
                  0000a3908040    000004c0     freertos.j722s.c75x.ti-c7000.release.lib : printf.obj (.text:_etoa)
                  0000a3908500    00000440                                              : printf.obj (.text:_ntoa_format)
                  0000a3908940    00000400     drivers.j722s.c75ss0-0.ti-c7000.release.lib : sciclient.obj (.text:Sciclient_service)
                  0000a3908d40    00000380     freertos.j722s.c75x.ti-c7000.release.lib : MmuP_c75.obj (.text:MmuP_tableWalk)
                  0000a39090c0    00000380     drivers.j722s.c75ss0-0.ti-c7000.release.lib : sciclient_rm_irq.obj (.text:Sciclient_rmIrqFindRoute)
                  0000a3909440    00000380                                                 : udma_event.obj (.text:Udma_eventAllocResource)
                  0000a39097c0    00000340                                                 : udma_rm.obj (.text:Udma_rmSetSharedResRmInitPrms)
                  0000a3909b00    00000340     rts7524_le.lib : memory.c.obj (.text:aligned_alloc)
                  0000a3909e40    00000300     freertos.j722s.c75x.ti-c7000.release.lib : TimerP.obj (.text:TimerP_setup)
                  0000a390a140    00000300     rts7524_le.lib : frcdivd.c.obj (.text:__TI_frcdivd)
                  0000a390a440    00000300     freertos.j722s.c75x.ti-c7000.release.lib : timers.obj (.text:prvProcessReceivedCommands)
                  0000a390a740    00000300                                              : queue.obj (.text:xQueueSemaphoreTake)
                  0000a390aa40    000002c0     drivers.j722s.c75ss0-0.ti-c7000.release.lib : soc.obj (.text:SOC_moduleSetClockFrequency)
                  0000a390ad00    000002c0                                                 : udma_event.obj (.text:Udma_eventRegister)
                  0000a390afc0    000002c0     freertos.j722s.c75x.ti-c7000.release.lib : queue.obj (.text:xQueueGenericSend)
                  0000a390b280    00000280                                              : ClockP_freertos_c75.obj (.text:ClockP_init)
                  0000a390b500    00000280     drivers.j722s.c75ss0-0.ti-c7000.release.lib : udma.obj (.text:Udma_init)
                  0000a390b780    00000280     rts7524_le.lib : divd.c.obj (.text:__c7xabi_divd)
                  0000a390ba00    00000280     freertos.j722s.c75x.ti-c7000.release.lib : queue.obj (.text:xQueueReceive)
                  0000a390bc80    00000240                                              : MmuP_c75.obj (.text:MmuP_init)
                  0000a390bec0    00000240     drivers.j722s.c75ss0-0.ti-c7000.release.lib : ipc_rpmsg_vring.obj (.text:RPMessage_vringResetInternal)
                  0000a390c100    00000240                                                 : sciclient_rm_irq.obj (.text:Sciclient_rmIrqProgramRoute)
                  0000a390c340    00000240                                                 : sciclient_rm_irq.obj (.text:Sciclient_rmProgramInterruptRoute)
                  0000a390c580    00000240                                                 : udma_rm.obj (.text:Udma_rmGetSciclientDefaultBoardCfgRmRange)
                  0000a390c7c0    00000240     freertos.j722s.c75x.ti-c7000.release.lib : tasks.obj (.text:prvInitialiseNewTask)
                  0000a390ca00    00000240                                              : queue.obj (.text:xQueueGenericSendFromISR)
                  0000a390cc40    00000240                                              : tasks.obj (.text:xTaskIncrementTick)
                  0000a390ce80    00000200     DSPLIB_C7524.lib : DSPLIB_add.cpp.o (.text:DSPLIB_add_init)
                  0000a390d080    00000200                      : DSPLIB_mulConstant.cpp.o (.text:DSPLIB_mulConstant_init)
                  0000a390d280    00000200     freertos.j722s.c75x.ti-c7000.release.lib : HwiP_freertos_c7x.obj (.text:HwiP_construct)
                  0000a390d480    00000200     drivers.j722s.c75ss0-0.ti-c7000.release.lib : ipc_rpmsg.obj (.text:RPMessage_init)
                  0000a390d680    00000200                                                 : udma_ring_lcdma.obj (.text:Udma_ringSetCfgLcdma)
                  0000a390d880    00000200     freertos.j722s.c75x.ti-c7000.release.lib : queue.obj (.text:xQueueGiveFromISR)
                  0000a390da80    00000200                                              : queue.obj (.text:xQueueReceiveFromISR)
                  0000a390dc80    00000200                                              : tasks.obj (.text:xTaskResumeAll)
                  0000a390de80    000001c0     drivers.j722s.c75ss0-0.ti-c7000.release.lib : csl_lcdma_ringacc.obj (.text:CSL_lcdma_ringaccDequeue)
                  0000a390e040    000001c0     freertos.j722s.c75x.ti-c7000.release.lib : DebugP_memTraceLogWriter.obj (.text:DebugP_memLogWriterPutChar)
                  0000a390e200    000001c0                                              : DebugP_shmLogWriter.obj (.text:DebugP_shmLogWriterPutChar)
                  0000a390e3c0    000001c0                                              : HwiP_c75.obj (.text:Hwi_reconfig)
                  0000a390e580    000001c0     drivers.j722s.c75ss0-0.ti-c7000.release.lib : ipc_rpmsg_vring.obj (.text:RPMessage_vringReset)
                  0000a390e740    000001c0                                                 : sciclient_pm.obj (.text:Sciclient_pmQueryModuleClkFreq)
                  0000a390e900    000001c0                                                 : sciclient.obj (.text:Sciclient_recvMessage)
                  0000a390eac0    000001c0                                                 : sciclient.obj (.text:Sciclient_sendMessage)
                  0000a390ec80    000001c0     freertos.j722s.c75x.ti-c7000.release.lib : TaskSupport.obj (.text:TaskSupport_setupTaskStack)
                  0000a390ee40    000001c0     drivers.j722s.c75ss0-0.ti-c7000.release.lib : udma_rm.obj (.text:Udma_rmAllocVintr)
                  0000a390f000    000001c0     freertos.j722s.c75x.ti-c7000.release.lib : printf.obj (.text:_ntoa_long)
                  0000a390f1c0    000001c0                                              : printf.obj (.text:_ntoa_long_long)
                  0000a390f380    000001c0                                              : tasks.obj (.text:eTaskGetState)
                  0000a390f540    000001c0                                              : tasks.obj (.text:vTaskPriorityDisinheritAfterTimeout)
                  0000a390f700    000001c0                                              : tasks.obj (.text:vTaskSwitchContext)
                  0000a390f8c0    000001c0                                              : queue.obj (.text:xQueueGenericCreateStatic)
                  0000a390fa80    000001c0                                              : tasks.obj (.text:xTaskCreateStatic)
                  0000a390fc40    000001c0                                              : tasks.obj (.text:xTaskPriorityDisinherit)
                  0000a390fe00    000001c0                                              : tasks.obj (.text:xTaskPriorityInherit)
                  0000a390ffc0    00000180                                              : csl_clec.obj (.text:CSL_clecConfigEvent)
                  0000a3910140    00000180     drivers.j722s.c75ss0-0.ti-c7000.release.lib : csl_lcdma_ringacc.obj (.text:CSL_lcdma_ringaccPop64MultiAccess)
                  0000a39102c0    00000180                                                 : csl_lcdma_ringacc.obj (.text:CSL_lcdma_ringaccPush64MultiAccess)
                  0000a3910440    00000180                                                 : ipc_notify_v0.obj (.text:IpcNotify_isr)
                  0000a39105c0    00000180                                                 : ipc_notify_v0.obj (.text:IpcNotify_sendMsg)
                  0000a3910740    00000180     freertos.j722s.c75x.ti-c7000.release.lib : MmuP_c75.obj (.text:MmuP_map)
                  0000a39108c0    00000180     drivers.j722s.c75ss0-0.ti-c7000.release.lib : ipc_rpmsg.obj (.text:RPMessage_Params_init)
                  0000a3910a40    00000180                                                 : ipc_rpmsg.obj (.text:RPMessage_recvHandler)
                  0000a3910bc0    00000180                                                 : sciclient_pm.obj (.text:Sciclient_pmGetModuleClkNumParent)
                  0000a3910d40    00000180                                                 : sciclient_pm.obj (.text:Sciclient_pmGetModuleClkParent)
                  0000a3910ec0    00000180                                                 : sciclient_pm.obj (.text:Sciclient_pmGetModuleState)
                  0000a3911040    00000180                                                 : sciclient_pm.obj (.text:Sciclient_pmModuleGetClkStatus)
                  0000a39111c0    00000180                                                 : sciclient_rm_irq.obj (.text:Sciclient_rmIrqCfgIsEventToVintMappingOnly)
                  0000a3911340    00000180                                                 : sciclient_rm_irq.obj (.text:Sciclient_rmIrqVintAdd)
                  0000a39114c0    00000180                                                 : sciclient.obj (.text:Sciclient_waitForMessage)
                  0000a3911640    00000180     ti_drivers_config.obj (.text:System_init)
                  0000a39117c0    00000180     drivers.j722s.c75ss0-0.ti-c7000.release.lib : udma_event.obj (.text:Udma_eventIsrFxn)
                  0000a3911940    00000180     freertos.j722s.c75x.ti-c7000.release.lib : printf.obj (.text:_out_rev)
                  0000a3911ac0    00000180                                              : tasks.obj (.text:prvAddCurrentTaskToDelayedList)
                  0000a3911c40    00000180                                              : heap_4.obj (.text:vPortFree)
                  0000a3911dc0    00000180                                              : tasks.obj (.text:vTaskDelete)
                  0000a3911f40    00000180                                              : tasks.obj (.text:xTaskCheckForTimeOut)
                  0000a39120c0    00000180                                              : tasks.obj (.text:xTaskRemoveFromEventList)
                  0000a3912240    00000140                                              : DebugP_memTraceLogWriter.obj (.text:DebugP_memTraceLogWriterPutLine)
                  0000a3912380    00000140                                              : DebugP_shmLogWriter.obj (.text:DebugP_shmLogWriterPutLine)
                  0000a39124c0    00000140                                              : HwiP_c75.obj (.text:Hwi_Module_startup)
                  0000a3912600    00000140     drivers.j722s.c75ss0-0.ti-c7000.release.lib : ipc_rpmsg.obj (.text:RPMessage_coreInit)
                  0000a3912740    00000140                                                 : ipc_rpmsg_vring.obj (.text:RPMessage_vringGetFullRxBuf)
                  0000a3912880    00000140                                                 : ipc_rpmsg_vring.obj (.text:RPMessage_vringPutEmptyRxBuf)
                  0000a39129c0    00000140                                                 : soc.obj (.text:SOC_controlModuleLockMMR)
                  0000a3912b00    00000140                                                 : soc.obj (.text:SOC_controlModuleUnlockMMR)
                  0000a3912c40    00000140                                                 : sciclient_pm.obj (.text:Sciclient_pmSetModuleClkFreq)
                  0000a3912d80    00000140                                                 : sciclient_rm_irq.obj (.text:Sciclient_rmIrInpIsFree)
                  0000a3912ec0    00000140                                                 : sciclient_rm_irq.obj (.text:Sciclient_rmIrqIsVintRouteSet)
                  0000a3913000    00000140                                                 : sciclient_rm_irq.obj (.text:Sciclient_rmTranslateIntOutput)
                  0000a3913140    00000140                                                 : sciclient_rm_irq.obj (.text:Sciclient_rmTranslateIrqInput)
                  0000a3913280    00000140     freertos.j722s.c75x.ti-c7000.release.lib : TaskP_freertos.obj (.text:TaskP_loadUpdateAll)
                  0000a39133c0    00000140     drivers.j722s.c75ss0-0.ti-c7000.release.lib : udma_event.obj (.text:Udma_eventCheckParams)
                  0000a3913500    00000140                                                 : udma_event.obj (.text:Udma_eventFreeResource)
                  0000a3913640    00000140                                                 : udma_ring_lcdma.obj (.text:Udma_ringFlushRawLcdma)
                  0000a3913780    00000140                                                 : udma_rm.obj (.text:Udma_rmAllocEvent)
                  0000a39138c0    00000140     DSPLIB_C7524.lib : DSPLIB_add_cn.cpp.o (.text:_Z18DSPLIB_add_exec_cnIaE18DSPLIB_STATUS_NAMEPvS1_S1_S1_)
                  0000a3913a00    00000140                      : DSPLIB_add_cn.cpp.o (.text:_Z18DSPLIB_add_exec_cnIhE18DSPLIB_STATUS_NAMEPvS1_S1_S1_)
                  0000a3913b40    00000140                      : DSPLIB_mulConstant_cn.cpp.o (.text:_Z26DSPLIB_mulConstant_exec_cnIaLi0EE18DSPLIB_STATUS_NAMEPvS1_S1_S1_)
                  0000a3913c80    00000140                      : DSPLIB_mulConstant_cn.cpp.o (.text:_Z26DSPLIB_mulConstant_exec_cnIhLi5EE18DSPLIB_STATUS_NAMEPvS1_S1_S1_)
                  0000a3913dc0    00000140     rts7524_le.lib : imath64.c.obj (.text:__c7xabi_divull)
                  0000a3913f00    00000140     freertos.j722s.c75x.ti-c7000.release.lib : tasks.obj (.text:prvAddNewTaskToReadyList)
                  0000a3914040    00000140                                              : queue.obj (.text:prvCopyDataToQueue)
                  0000a3914180    00000140                                              : timers.obj (.text:prvSwitchTimerLists)
                  0000a39142c0    00000140     rts7524_le.lib : memory.c.obj (.text:split)
                  0000a3914400    00000140     freertos.j722s.c75x.ti-c7000.release.lib : tasks.obj (.text:vTaskStartScheduler)
                  0000a3914540    00000140                                              : queue.obj (.text:xQueueGenericReset)
                  0000a3914680    00000140                                              : timers.obj (.text:xTimerGenericCommand)
                  0000a39147c0    00000100                                              : AddrTranslateP.obj (.text:AddrTranslateP_getLocalAddr)
                  0000a39148c0    00000100     drivers.j722s.c75ss0-0.ti-c7000.release.lib : csl_bcdma.obj (.text:CSL_bcdmaGetCfg)
                  0000a39149c0    00000100     freertos.j722s.c75x.ti-c7000.release.lib : HwiP_freertos_c7x.obj (.text:HwiP_configClec)
                  0000a3914ac0    00000100                                              : HwiP_c75.obj (.text:Hwi_getStackInfo)
                  0000a3914bc0    00000100                                              : MmuP_c75.obj (.text:MmuP_addBlockEntry)
                  0000a3914cc0    00000100     drivers.j722s.c75ss0-0.ti-c7000.release.lib : pinmux.obj (.text:Pinmux_unlockMMR)
                  0000a3914dc0    00000100                                                 : ipc_rpmsg.obj (.text:RPMessage_construct)
                  0000a3914ec0    00000100                                                 : soc.obj (.text:SOC_moduleClockEnable)
                  0000a3914fc0    00000100                                                 : sciclient_soc_priv.obj (.text:Sciclient_getContext)
                  0000a39150c0    00000100                                                 : sciclient.obj (.text:Sciclient_init)
                  0000a39151c0    00000100                                                 : sciclient_pm.obj (.text:Sciclient_pmModuleClkRequest)
                  0000a39152c0    00000100                                                 : sciclient_pm.obj (.text:Sciclient_pmSetModuleClkParent)
                  0000a39153c0    00000100                                                 : sciclient_pm.obj (.text:Sciclient_pmSetModuleState)
                  0000a39154c0    00000100                                                 : sciclient_rm_irq.obj (.text:Sciclient_rmIrqGetNode)
                  0000a39155c0    00000100                                                 : sciclient_rm_irq.obj (.text:Sciclient_rmPsPop)
                  0000a39156c0    00000100     freertos.j722s.c75x.ti-c7000.release.lib : SemaphoreP_freertos.obj (.text:SemaphoreP_constructBinary)
                  0000a39157c0    00000100                                              : SemaphoreP_freertos.obj (.text:SemaphoreP_pend)
                  0000a39158c0    00000100     drivers.j722s.c75ss0-0.ti-c7000.release.lib : udma_rm.obj (.text:Udma_rmAllocVintrBit)
                  0000a39159c0    00000100     freertos.j722s.c75x.ti-c7000.release.lib : DebugP_log.obj (.text:_DebugP_assert)
                  0000a3915ac0    00000100     DSPLIB_C7524.lib : DSPLIB_add_cn.cpp.o (.text:_Z18DSPLIB_add_exec_cnIdE18DSPLIB_STATUS_NAMEPvS1_S1_S1_)
                  0000a3915bc0    00000100                      : DSPLIB_add_cn.cpp.o (.text:_Z18DSPLIB_add_exec_cnIfE18DSPLIB_STATUS_NAMEPvS1_S1_S1_)
                  0000a3915cc0    00000100                      : DSPLIB_add_cn.cpp.o (.text:_Z18DSPLIB_add_exec_cnIiE18DSPLIB_STATUS_NAMEPvS1_S1_S1_)
                  0000a3915dc0    00000100                      : DSPLIB_add_cn.cpp.o (.text:_Z18DSPLIB_add_exec_cnIjE18DSPLIB_STATUS_NAMEPvS1_S1_S1_)
                  0000a3915ec0    00000100                      : DSPLIB_add_cn.cpp.o (.text:_Z18DSPLIB_add_exec_cnIsE18DSPLIB_STATUS_NAMEPvS1_S1_S1_)
                  0000a3915fc0    00000100                      : DSPLIB_add_cn.cpp.o (.text:_Z18DSPLIB_add_exec_cnItE18DSPLIB_STATUS_NAMEPvS1_S1_S1_)
                  0000a39160c0    00000100                      : DSPLIB_add_ci.cpp.o (.text:_Z18DSPLIB_add_init_ciIdE18DSPLIB_STATUS_NAMEPvPK20DSPLIB_bufParams1D_tS4_PK19DSPLIB_add_InitArgs)
                  0000a39161c0    00000100                      : DSPLIB_add_ci.cpp.o (.text:_Z18DSPLIB_add_init_ciIfE18DSPLIB_STATUS_NAMEPvPK20DSPLIB_bufParams1D_tS4_PK19DSPLIB_add_InitArgs)
                  0000a39162c0    00000100                      : DSPLIB_add_ci.cpp.o (.text:_Z18DSPLIB_add_init_ciIiE18DSPLIB_STATUS_NAMEPvPK20DSPLIB_bufParams1D_tS4_PK19DSPLIB_add_InitArgs)
                  0000a39163c0    00000100                      : DSPLIB_add_ci.cpp.o (.text:_Z18DSPLIB_add_init_ciIjE18DSPLIB_STATUS_NAMEPvPK20DSPLIB_bufParams1D_tS4_PK19DSPLIB_add_InitArgs)
                  0000a39164c0    00000100                      : DSPLIB_add_ci.cpp.o (.text:_Z18DSPLIB_add_init_ciIsE18DSPLIB_STATUS_NAMEPvPK20DSPLIB_bufParams1D_tS4_PK19DSPLIB_add_InitArgs)
                  0000a39165c0    00000100                      : DSPLIB_add_ci.cpp.o (.text:_Z18DSPLIB_add_init_ciItE18DSPLIB_STATUS_NAMEPvPK20DSPLIB_bufParams1D_tS4_PK19DSPLIB_add_InitArgs)
                  0000a39166c0    00000100                      : DSPLIB_mulConstant_cn.cpp.o (.text:_Z26DSPLIB_mulConstant_exec_cnIdLi13EE18DSPLIB_STATUS_NAMEPvS1_S1_S1_)
                  0000a39167c0    00000100                      : DSPLIB_mulConstant_cn.cpp.o (.text:_Z26DSPLIB_mulConstant_exec_cnIfLi12EE18DSPLIB_STATUS_NAMEPvS1_S1_S1_)
                  0000a39168c0    00000100                      : DSPLIB_mulConstant_cn.cpp.o (.text:_Z26DSPLIB_mulConstant_exec_cnIiLi2EE18DSPLIB_STATUS_NAMEPvS1_S1_S1_)
                  0000a39169c0    00000100                      : DSPLIB_mulConstant_cn.cpp.o (.text:_Z26DSPLIB_mulConstant_exec_cnIjLi8EE18DSPLIB_STATUS_NAMEPvS1_S1_S1_)
                  0000a3916ac0    00000100                      : DSPLIB_mulConstant_cn.cpp.o (.text:_Z26DSPLIB_mulConstant_exec_cnIsLi1EE18DSPLIB_STATUS_NAMEPvS1_S1_S1_)
                  0000a3916bc0    00000100                      : DSPLIB_mulConstant_cn.cpp.o (.text:_Z26DSPLIB_mulConstant_exec_cnItLi6EE18DSPLIB_STATUS_NAMEPvS1_S1_S1_)
                  0000a3916cc0    00000100                      : DSPLIB_mulConstant_ci.cpp.o (.text:_Z26DSPLIB_mulConstant_init_ciIdE18DSPLIB_STATUS_NAMEPvPK20DSPLIB_bufParams1D_tS4_PK27DSPLIB_mulConstant_InitArgs)
                  0000a3916dc0    00000100                      : DSPLIB_mulConstant_ci.cpp.o (.text:_Z26DSPLIB_mulConstant_init_ciIfE18DSPLIB_STATUS_NAMEPvPK20DSPLIB_bufParams1D_tS4_PK27DSPLIB_mulConstant_InitArgs)
                  0000a3916ec0    00000100                      : DSPLIB_mulConstant_ci.cpp.o (.text:_Z26DSPLIB_mulConstant_init_ciIiE18DSPLIB_STATUS_NAMEPvPK20DSPLIB_bufParams1D_tS4_PK27DSPLIB_mulConstant_InitArgs)
                  0000a3916fc0    00000100                      : DSPLIB_mulConstant_ci.cpp.o (.text:_Z26DSPLIB_mulConstant_init_ciIjE18DSPLIB_STATUS_NAMEPvPK20DSPLIB_bufParams1D_tS4_PK27DSPLIB_mulConstant_InitArgs)
                  0000a39170c0    00000100                      : DSPLIB_mulConstant_ci.cpp.o (.text:_Z26DSPLIB_mulConstant_init_ciIsE18DSPLIB_STATUS_NAMEPvPK20DSPLIB_bufParams1D_tS4_PK27DSPLIB_mulConstant_InitArgs)
                  0000a39171c0    00000100                      : DSPLIB_mulConstant_ci.cpp.o (.text:_Z26DSPLIB_mulConstant_init_ciItE18DSPLIB_STATUS_NAMEPvPK20DSPLIB_bufParams1D_tS4_PK27DSPLIB_mulConstant_InitArgs)
                  0000a39172c0    00000100     rts7524_le.lib : fixdul.c.obj (.text:__c7xabi_fixdul)
                  0000a39173c0    00000100     freertos.j722s.c75x.ti-c7000.release.lib : timers.obj (.text:prvCheckForValidListAndQueue)
                  0000a39174c0    00000100                                              : heap_4.obj (.text:prvInsertBlockIntoFreeList)
                  0000a39175c0    00000100                                              : timers.obj (.text:prvProcessExpiredTimer)
                  0000a39176c0    00000100                                              : timers.obj (.text:prvProcessTimerOrBlockTask)
                  0000a39177c0    00000100                                              : queue.obj (.text:prvUnlockQueue)
                  0000a39178c0    00000100                                              : tasks.obj (.text:vTaskGetInfo)
                  0000a39179c0    00000100                                              : queue.obj (.text:xQueueTakeMutexRecursive)
                  0000a3917ac0    00000100                                              : timers.obj (.text:xTimerCreateTimerTask)
                  0000a3917bc0    000000c0                                              : csl_clec.obj (.text:CSL_clecConfigEventLevel)
                  0000a3917c80    000000c0     drivers.j722s.c75ss0-0.ti-c7000.release.lib : csl_dru.obj (.text:CSL_druQueueConfig)
                  0000a3917d40    000000c0                                                 : csl_intaggr.obj (.text:CSL_intaggrGetCfg)
                  0000a3917e00    000000c0                                                 : csl_intaggr.obj (.text:CSL_intaggrIsIntrPending)
                  0000a3917ec0    000000c0                                                 : csl_lcdma_ringacc.obj (.text:CSL_lcdma_ringaccAckReverseRing)
                  0000a3917f80    000000c0                                                 : csl_lcdma_ringacc.obj (.text:CSL_lcdma_ringaccCommitToForwardRing)
                  0000a3918040    000000c0                                                 : csl_pktdma.obj (.text:CSL_pktdmaGetCfg)
                  0000a3918100    000000c0     freertos.j722s.c75x.ti-c7000.release.lib : ClockP_freertos.obj (.text:ClockP_getTimeUsec)
                  0000a39181c0    000000c0                                              : HwiP_c75.obj (.text:Hwi_Instance_init)
                  0000a3918280    000000c0                                              : HwiP_c75.obj (.text:Hwi_dispatchCore)
                  0000a3918340    000000c0                                              : HwiP_c75.obj (.text:Hwi_setPriority)
                  0000a3918400    000000c0     drivers.j722s.c75ss0-0.ti-c7000.release.lib : ipc_notify_v0.obj (.text:IpcNotify_registerClient)
                  0000a39184c0    000000c0     freertos.j722s.c75x.ti-c7000.release.lib : MmuP_c75.obj (.text:MmuP_readBlockEntry)
                  0000a3918580    000000c0                                              : MmuP_c75.obj (.text:MmuP_setConfig)
                  0000a3918640    000000c0     ti_power_clock_config.obj (.text:Module_clockEnable)
                  0000a3918700    000000c0     ti_power_clock_config.obj (.text:Module_clockSetFrequency)
                  0000a39187c0    000000c0     freertos.j722s.c75x.ti-c7000.release.lib : MmuP_c75.obj (.text:OsalCfgClecAccessCtrl)
                  0000a3918880    000000c0     drivers.j722s.c75ss0-0.ti-c7000.release.lib : pinmux.obj (.text:Pinmux_config)
                  0000a3918940    000000c0                                                 : ipc_rpmsg.obj (.text:RPMessage_allocEndPtMsg)
                  0000a3918a00    000000c0                                                 : ipc_rpmsg.obj (.text:RPMessage_notifyCallback)
                  0000a3918ac0    000000c0                                                 : ipc_rpmsg_vring.obj (.text:RPMessage_vringCheckEmptyTxBuf)
                  0000a3918b80    000000c0                                                 : ipc_rpmsg_vring.obj (.text:RPMessage_vringIsFullRxBuf)
                  0000a3918c40    000000c0                                                 : sciclient.obj (.text:Sciclient_getCurrentContext)
                  0000a3918d00    000000c0                                                 : sciclient_soc_priv.obj (.text:Sciclient_getDevId)
                  0000a3918dc0    000000c0                                                 : sciclient_pm.obj (.text:Sciclient_pmSetModuleRst)
                  0000a3918e80    000000c0                                                 : sciclient_rm.obj (.text:Sciclient_rmGetResourceRange)
                  0000a3918f40    000000c0                                                 : sciclient_rm_irq.obj (.text:Sciclient_rmIaEvtRomMapped)
                  0000a3919000    000000c0                                                 : sciclient_rm_irq.obj (.text:Sciclient_rmIrInpRomMapped)
                  0000a39190c0    000000c0                                                 : sciclient_rm_irq.obj (.text:Sciclient_rmIrOutpIsFree)
                  0000a3919180    000000c0                                                 : sciclient_rm_irq.obj (.text:Sciclient_rmIrOutpRomMapped)
                  0000a3919240    000000c0                                                 : sciclient_rm_irq.obj (.text:Sciclient_rmIrqCfgIsDirectEvent)
                  0000a3919300    000000c0                                                 : sciclient_rm_irq.obj (.text:Sciclient_rmIrqCfgIsDirectNonEvent)
                  0000a39193c0    000000c0                                                 : sciclient_rm_irq.obj (.text:Sciclient_rmIrqCfgIsOesOnly)
                  0000a3919480    000000c0                                                 : sciclient_rm_irq.obj (.text:Sciclient_rmIrqCfgIsUnmappedVintDirectEvent)
                  0000a3919540    000000c0                                                 : sciclient_rm_irq.obj (.text:Sciclient_rmIrqCheckLoop)
                  0000a3919600    000000c0                                                 : sciclient_rm.obj (.text:Sciclient_rmIrqSetRaw)
                  0000a39196c0    000000c0                                                 : sciclient_rm.obj (.text:Sciclient_rmRingCfg)
                  0000a3919780    000000c0                                                 : sciclient_rm_irq.obj (.text:Sciclient_rmUnmappedVintRouteCreate)
                  0000a3919840    000000c0                                                 : sciclient.obj (.text:Sciclient_secProxyFlush)
                  0000a3919900    000000c0     freertos.j722s.c75x.ti-c7000.release.lib : SemaphoreP_freertos.obj (.text:SemaphoreP_constructMutex)
                  0000a39199c0    000000c0                                              : SemaphoreP_freertos.obj (.text:SemaphoreP_post)
                  0000a3919a80    000000c0                                              : TaskSupport_asm.obj (.text:TaskSupport_buildTaskStack)
                  0000a3919b40    000000c0                                              : TaskSupport_asm.obj (.text:TaskSupport_swap)
                  0000a3919c00    000000c0     drivers.j722s.c75ss0-0.ti-c7000.release.lib : udma_event.obj (.text:Udma_eventProgramSteering)
                  0000a3919cc0    000000c0                                                 : udma_event.obj (.text:Udma_eventResetSteering)
                  0000a3919d80    000000c0                                                 : udma_utils.obj (.text:Udma_phyToVirtFxn)
                  0000a3919e40    000000c0                                                 : udma_ring_lcdma.obj (.text:Udma_ringSetDoorBellLcdma)
                  0000a3919f00    000000c0                                                 : udma_rm.obj (.text:Udma_rmFreeEvent)
                  0000a3919fc0    000000c0                                                 : udma_rm.obj (.text:Udma_rmFreeIrIntr)
                  0000a391a080    000000c0                                                 : udma_rm.obj (.text:Udma_rmFreeVintr)
                  0000a391a140    000000c0                                                 : udma_rm.obj (.text:Udma_rmFreeVintrBit)
                  0000a391a200    000000c0                                                 : udma_rmcfg.obj (.text:Udma_rmGetSharedResPrms)
                  0000a391a2c0    000000c0     freertos.j722s.c75x.ti-c7000.release.lib : DebugP_freertos.obj (.text:_DebugP_logZone)
                  0000a391a380    000000c0     DSPLIB_C7524.lib : DSPLIB_add_ci.cpp.o (.text:_Z18DSPLIB_add_exec_ciIaE18DSPLIB_STATUS_NAMEPvS1_S1_S1_)
                  0000a391a440    000000c0                      : DSPLIB_add_ci.cpp.o (.text:_Z18DSPLIB_add_exec_ciIdE18DSPLIB_STATUS_NAMEPvS1_S1_S1_)
                  0000a391a500    000000c0                      : DSPLIB_add_ci.cpp.o (.text:_Z18DSPLIB_add_exec_ciIfE18DSPLIB_STATUS_NAMEPvS1_S1_S1_)
                  0000a391a5c0    000000c0                      : DSPLIB_add_ci.cpp.o (.text:_Z18DSPLIB_add_exec_ciIhE18DSPLIB_STATUS_NAMEPvS1_S1_S1_)
                  0000a391a680    000000c0                      : DSPLIB_add_ci.cpp.o (.text:_Z18DSPLIB_add_exec_ciIiE18DSPLIB_STATUS_NAMEPvS1_S1_S1_)
                  0000a391a740    000000c0                      : DSPLIB_add_ci.cpp.o (.text:_Z18DSPLIB_add_exec_ciIjE18DSPLIB_STATUS_NAMEPvS1_S1_S1_)
                  0000a391a800    000000c0                      : DSPLIB_add_ci.cpp.o (.text:_Z18DSPLIB_add_exec_ciIsE18DSPLIB_STATUS_NAMEPvS1_S1_S1_)
                  0000a391a8c0    000000c0                      : DSPLIB_add_ci.cpp.o (.text:_Z18DSPLIB_add_exec_ciItE18DSPLIB_STATUS_NAMEPvS1_S1_S1_)
                  0000a391a980    000000c0                      : DSPLIB_add_ci.cpp.o (.text:_Z18DSPLIB_add_init_ciIaE18DSPLIB_STATUS_NAMEPvPK20DSPLIB_bufParams1D_tS4_PK19DSPLIB_add_InitArgs)
                  0000a391aa40    000000c0                      : DSPLIB_add_ci.cpp.o (.text:_Z18DSPLIB_add_init_ciIhE18DSPLIB_STATUS_NAMEPvPK20DSPLIB_bufParams1D_tS4_PK19DSPLIB_add_InitArgs)
                  0000a391ab00    000000c0                      : DSPLIB_mulConstant_ci.cpp.o (.text:_Z26DSPLIB_mulConstant_exec_ciIaLi0EE18DSPLIB_STATUS_NAMEPvS1_S1_S1_)
                  0000a391abc0    000000c0                      : DSPLIB_mulConstant_ci.cpp.o (.text:_Z26DSPLIB_mulConstant_exec_ciIdLi13EE18DSPLIB_STATUS_NAMEPvS1_S1_S1_)
                  0000a391ac80    000000c0                      : DSPLIB_mulConstant_ci.cpp.o (.text:_Z26DSPLIB_mulConstant_exec_ciIfLi12EE18DSPLIB_STATUS_NAMEPvS1_S1_S1_)
                  0000a391ad40    000000c0                      : DSPLIB_mulConstant_ci.cpp.o (.text:_Z26DSPLIB_mulConstant_exec_ciIhLi5EE18DSPLIB_STATUS_NAMEPvS1_S1_S1_)
                  0000a391ae00    000000c0                      : DSPLIB_mulConstant_ci.cpp.o (.text:_Z26DSPLIB_mulConstant_exec_ciIiLi2EE18DSPLIB_STATUS_NAMEPvS1_S1_S1_)
                  0000a391aec0    000000c0                      : DSPLIB_mulConstant_ci.cpp.o (.text:_Z26DSPLIB_mulConstant_exec_ciIjLi8EE18DSPLIB_STATUS_NAMEPvS1_S1_S1_)
                  0000a391af80    000000c0                      : DSPLIB_mulConstant_ci.cpp.o (.text:_Z26DSPLIB_mulConstant_exec_ciIsLi1EE18DSPLIB_STATUS_NAMEPvS1_S1_S1_)
                  0000a391b040    000000c0                      : DSPLIB_mulConstant_ci.cpp.o (.text:_Z26DSPLIB_mulConstant_exec_ciItLi6EE18DSPLIB_STATUS_NAMEPvS1_S1_S1_)
                  0000a391b100    000000c0                      : DSPLIB_mulConstant_ci.cpp.o (.text:_Z26DSPLIB_mulConstant_init_ciIaE18DSPLIB_STATUS_NAMEPvPK20DSPLIB_bufParams1D_tS4_PK27DSPLIB_mulConstant_InitArgs)
                  0000a391b1c0    000000c0                      : DSPLIB_mulConstant_ci.cpp.o (.text:_Z26DSPLIB_mulConstant_init_ciIhE18DSPLIB_STATUS_NAMEPvPK20DSPLIB_bufParams1D_tS4_PK27DSPLIB_mulConstant_InitArgs)
                  0000a391b280    000000c0     rts7524_le.lib : autoinit.c.obj (.text:__TI_auto_init_nobinit_nopinit:__TI_auto_init_nobinit_nopinit)
                  0000a391b340    000000c0                    : fltuld.c.obj (.text:__c7xabi_fltuld)
                  0000a391b400    000000c0                    : memory.c.obj (.text:free_list_insert)
                  0000a391b4c0    000000c0                    : memory.c.obj (.text:free_list_remove)
                  0000a391b580    000000c0     main.obj (.text:main)
                  0000a391b640    000000c0     rts7524_le.lib : memcpy.c.obj (.text:memcpy)
                  0000a391b700    000000c0     freertos.j722s.c75x.ti-c7000.release.lib : Exception.obj (.text:printTwoVectors)
                  0000a391b7c0    000000c0                                              : tasks.obj (.text:prvCheckTasksWaitingTermination)
                  0000a391b880    000000c0                                              : tasks.obj (.text:prvDeleteTCB)
                  0000a391b940    000000c0                                              : tasks.obj (.text:prvInitialiseTaskLists)
                  0000a391ba00    000000c0                                              : timers.obj (.text:prvInsertTimerInActiveList)
                  0000a391bac0    000000c0                                              : list.obj (.text:vListInsert)
                  0000a391bb80    000000c0                                              : port.obj (.text:vPortYield)
                  0000a391bc40    000000c0                                              : queue.obj (.text:vQueueDelete)
                  0000a391bd00    000000c0                                              : queue.obj (.text:vQueueWaitForMessageRestricted)
                  0000a391bdc0    000000c0                                              : tasks.obj (.text:vTaskDelay)
                  0000a391be80    000000c0                                              : tasks.obj (.text:vTaskPlaceOnEventList)
                  0000a391bf40    000000c0                                              : tasks.obj (.text:vTaskPlaceOnEventListRestricted)
                  0000a391c000    000000c0                                              : queue.obj (.text:xQueueGiveMutexRecursive)
                  0000a391c0c0    00000080                                              : csl_clec.obj (.text:CSL_clecClearEvent)
                  0000a391c140    00000080     drivers.j722s.c75ss0-0.ti-c7000.release.lib : csl_dru.obj (.text:CSL_druChSetEvent)
                  0000a391c1c0    00000080                                                 : csl_intaggr.obj (.text:CSL_intaggrClrIntr)
                  0000a391c240    00000080                                                 : csl_lcdma_ringacc.obj (.text:CSL_lcdma_ringaccGetForwardRingOcc)
                  0000a391c2c0    00000080                                                 : csl_lcdma_ringacc.obj (.text:CSL_lcdma_ringaccGetReverseRingOcc)
                  0000a391c340    00000080                                                 : csl_lcdma_ringacc.obj (.text:CSL_lcdma_ringaccIsTeardownComplete)
                  0000a391c3c0    00000080                                                 : sciclient.obj (.text:CSL_secProxyGetMaxMsgSize)
                  0000a391c440    00000080     freertos.j722s.c75x.ti-c7000.release.lib : CacheP_c75.obj (.text:CacheP_disable)
                  0000a391c4c0    00000080                                              : CacheP_c75.obj (.text:CacheP_enable)
                  0000a391c540    00000080                                              : CacheP_c75.obj (.text:CacheP_enableWB)
                  0000a391c5c0    00000080                                              : CacheP_c75.obj (.text:CacheP_inv)
                  0000a391c640    00000080                                              : CacheP_c75.obj (.text:CacheP_wb)
                  0000a391c6c0    00000080                                              : CacheP_c75.obj (.text:CacheP_wbInv)
                  0000a391c740    00000080                                              : DebugP_shmLogWriter.obj (.text:DebugP_shmLogWriterInit)
                  0000a391c7c0    00000080     ti_dpl_config.obj (.text:Dpl_init)
                  0000a391c840    00000080     freertos.j722s.c75x.ti-c7000.release.lib : Exception.obj (.text:Exception_Module_startup)
                  0000a391c8c0    00000080                                              : HwiP_freertos_c7x.obj (.text:HwiP_destruct)
                  0000a391c940    00000080                                              : HwiP_freertos_c7x.obj (.text:HwiP_disable)
                  0000a391c9c0    00000080                                              : HwiP_freertos_c7x.obj (.text:HwiP_disableInt)
                  0000a391ca40    00000080                                              : HwiP_freertos_c7x.obj (.text:HwiP_restore)
                  0000a391cac0    00000080                                              : HwiP_c75.obj (.text:Hwi_Instance_finalize)
                  0000a391cb40    00000080                                              : HwiP_c75.obj (.text:Hwi_construct)
                  0000a391cbc0    00000080                                              : HwiP_c75.obj (.text:Hwi_disableIER)
                  0000a391cc40    00000080                                              : HwiP_freertos_c7x.obj (.text:Hwi_dispatchC)
                  0000a391ccc0    00000080                                              : HwiP_c75.obj (.text:Hwi_enableIER)
                  0000a391cd40    00000080                                              : HwiP_c75.obj (.text:Hwi_eventMap)
                  0000a391cdc0    00000080                                              : HwiP_c75.obj (.text:Hwi_postInit)
                  0000a391ce40    00000080                                              : HwiP_c75.obj (.text:Hwi_secureStart)
                  0000a391cec0    00000080                                              : Hwi_switch_asm.obj (.text:Hwi_switchAndDispatch)
                  0000a391cf40    00000080                                              : Hwi_asm.obj (.text:Hwi_switchToNS)
                  0000a391cfc0    00000080     drivers.j722s.c75ss0-0.ti-c7000.release.lib : ipc_notify_v0.obj (.text:IpcNotify_getReadMailbox)
                  0000a391d040    00000080                                                 : ipc_notify_v0.obj (.text:IpcNotify_getWriteMailbox)
                  0000a391d0c0    00000080                                                 : ipc_notify_v0.obj (.text:IpcNotify_unregisterClient)
                  0000a391d140    00000080     freertos.j722s.c75x.ti-c7000.release.lib : MmuP_c75.obj (.text:MmuP_addTableEntry)
                  0000a391d1c0    00000080                                              : MmuP_c75.obj (.text:MmuP_disable)
                  0000a391d240    00000080                                              : MmuP_c75.obj (.text:MmuP_enable)
                  0000a391d2c0    00000080     drivers.j722s.c75ss0-0.ti-c7000.release.lib : ipc_rpmsg.obj (.text:RPMessage_controlEndPtHandler)
                  0000a391d340    00000080                                                 : ipc_rpmsg.obj (.text:RPMessage_controlEndPtInit)
                  0000a391d3c0    00000080                                                 : ipc_rpmsg.obj (.text:RPMessage_freeEndPtMsg)
                  0000a391d440    00000080                                                 : ipc_rpmsg.obj (.text:RPMessage_putEndPtMsg)
                  0000a391d4c0    00000080                                                 : ipc_rpmsg.obj (.text:RPMessage_queueGet)
                  0000a391d540    00000080                                                 : ipc_rpmsg_vring.obj (.text:RPMessage_vringGetSize)
                  0000a391d5c0    00000080                                                 : sciclient_rm_irq.obj (.text:Sciclient_rmIaGetInst)
                  0000a391d640    00000080                                                 : sciclient_rm_irq.obj (.text:Sciclient_rmIaValidateEvt)
                  0000a391d6c0    00000080                                                 : sciclient_rm_irq.obj (.text:Sciclient_rmIaValidateGlobalEvt)
                  0000a391d740    00000080                                                 : sciclient_rm_irq.obj (.text:Sciclient_rmIaVintGetInfo)
                  0000a391d7c0    00000080                                                 : sciclient_rm_irq.obj (.text:Sciclient_rmIrGetInst)
                  0000a391d840    00000080                                                 : sciclient_rm_irq.obj (.text:Sciclient_rmIrqProgramOesRegister)
                  0000a391d8c0    00000080                                                 : sciclient_rm_irq.obj (.text:Sciclient_rmPsPush)
                  0000a391d940    00000080                                                 : sciclient.obj (.text:Sciclient_secProxyReadThread32)
                  0000a391d9c0    00000080                                                 : sciclient.obj (.text:Sciclient_secProxyWaitThread)
                  0000a391da40    00000080                                                 : udma_event.obj (.text:UdmaEventPrms_init)
                  0000a391dac0    00000080                                                 : udma_event.obj (.text:Udma_eventGetId)
                  0000a391db40    00000080                                                 : udma_rmcfg_common.obj (.text:Udma_getCoreSciDevId)
                  0000a391dbc0    00000080                                                 : udma_ring_lcdma.obj (.text:Udma_lcdmaRingaccMemOps)
                  0000a391dc40    00000080                                                 : udma_ring_lcdma.obj (.text:Udma_ringDequeueRawLcdma)
                  0000a391dcc0    00000080                                                 : udma_ring_lcdma.obj (.text:Udma_ringGetForwardRingOccLcdma)
                  0000a391dd40    00000080                                                 : udma_ring_lcdma.obj (.text:Udma_ringGetReverseRingOccLcdma)
                  0000a391ddc0    00000080                                                 : udma_ring_lcdma.obj (.text:Udma_ringPrimeLcdma)
                  0000a391de40    00000080                                                 : udma_ring_lcdma.obj (.text:Udma_ringPrimeReadLcdma)
                  0000a391dec0    00000080                                                 : udma_utils.obj (.text:Udma_virtToPhyFxn)
                  0000a391df40    00000080     freertos.j722s.c75x.ti-c7000.release.lib : DebugP_log.obj (.text:_DebugP_assertNoLog)
                  0000a391dfc0    00000080     rts7524_le.lib : args_main.c.obj (.text:_args_main)
                  0000a391e040    00000080     freertos.j722s.c75x.ti-c7000.release.lib : printf.obj (.text:_atoi)
                  0000a391e0c0    00000080                                              : printf.obj (.text:_strnlen_s)
                  0000a391e140    00000080     rts7524_le.lib : memset.c.obj (.text:memset)
                  0000a391e1c0    00000080     freertos.j722s.c75x.ti-c7000.release.lib : queue.obj (.text:prvCopyDataFromQueue)
                  0000a391e240    00000080                                              : queue.obj (.text:prvInitialiseMutex)
                  0000a391e2c0    00000080                                              : queue.obj (.text:prvInitialiseNewQueue)
                  0000a391e340    00000080                                              : queue.obj (.text:prvIsQueueEmpty)
                  0000a391e3c0    00000080                                              : queue.obj (.text:prvIsQueueFull)
                  0000a391e440    00000080                                              : timers.obj (.text:prvSampleTimeNow)
                  0000a391e4c0    00000080                                              : tasks.obj (.text:prvTaskCheckFreeStackSpace)
                  0000a391e540    00000080                                              : port.obj (.text:prvTaskExitError)
                  0000a391e5c0    00000080                                              : port.obj (.text:pxPortInitialiseStack)
                  0000a391e640    00000080                                              : printf.obj (.text:snprintf_)
                  0000a391e6c0    00000080     task_main.obj (.text:task_create)
                  0000a391e740    00000080     freertos.j722s.c75x.ti-c7000.release.lib : TaskP_freertos.obj (.text:vApplicationLoadHook)
                  0000a391e7c0    00000080                                              : port.obj (.text:vApplicationStackOverflowHook)
                  0000a391e840    00000080                                              : port.obj (.text:vPortAssertIfInISR)
                  0000a391e8c0    00000080                                              : port.obj (.text:vPortYieldAsyncFromISR)
                  0000a391e940    00000080                                              : tasks.obj (.text:vTaskEnterCritical)
                  0000a391e9c0    00000080                                              : tasks.obj (.text:vTaskExitCritical)
                  0000a391ea40    00000080                                              : printf.obj (.text:vprintf_)
                  0000a391eac0    00000080                                              : queue.obj (.text:xQueueCreateMutexStatic)
                  0000a391eb40    00000080                                              : tasks.obj (.text:xTaskGetIdleTaskHandle)
                  0000a391ebc0    00000040     ti_board_open_close.obj (.text:Board_driversOpen)
                  0000a391ec00    00000040     ti_board_config.obj (.text:Board_init)
                  0000a391ec40    00000040     drivers.j722s.c75ss0-0.ti-c7000.release.lib : csl_lcdma_ringacc.obj (.text:CSL_REG32_FEXT_RAW)
                  0000a391ec80    00000040                                                 : sciclient.obj (.text:CSL_REG32_FEXT_RAW)
                  0000a391ecc0    00000040                                                 : sciclient_rm_irq.obj (.text:CSL_REG32_FEXT_RAW)
                  0000a391ed00    00000040                                                 : udma_ring_lcdma.obj (.text:CSL_REG32_FEXT_RAW)
                  0000a391ed40    00000040     freertos.j722s.c75x.ti-c7000.release.lib : csl_clec.obj (.text:CSL_REG32_FINS_RAW)
                  0000a391ed80    00000040     drivers.j722s.c75ss0-0.ti-c7000.release.lib : csl_bcdma.obj (.text:CSL_REG32_RD_RAW)
                  0000a391edc0    00000040                                                 : csl_lcdma_ringacc.obj (.text:CSL_REG32_RD_RAW)
                  0000a391ee00    00000040                                                 : csl_pktdma.obj (.text:CSL_REG32_RD_RAW)
                  0000a391ee40    00000040                                                 : sciclient.obj (.text:CSL_REG32_RD_RAW)
                  0000a391ee80    00000040                                                 : sciclient_rm_irq.obj (.text:CSL_REG32_RD_RAW)
                  0000a391eec0    00000040                                                 : udma_ring_lcdma.obj (.text:CSL_REG32_RD_RAW)
                  0000a391ef00    00000040     freertos.j722s.c75x.ti-c7000.release.lib : csl_clec.obj (.text:CSL_REG32_RD_RAW)
                  0000a391ef40    00000040     drivers.j722s.c75ss0-0.ti-c7000.release.lib : csl_lcdma_ringacc.obj (.text:CSL_REG32_WR_RAW)
                  0000a391ef80    00000040                                                 : pinmux.obj (.text:CSL_REG32_WR_RAW)
                  0000a391efc0    00000040                                                 : sciclient.obj (.text:CSL_REG32_WR_RAW)
                  0000a391f000    00000040                                                 : soc.obj (.text:CSL_REG32_WR_RAW)
                  0000a391f040    00000040                                                 : udma_ring_lcdma.obj (.text:CSL_REG32_WR_RAW)
                  0000a391f080    00000040     freertos.j722s.c75x.ti-c7000.release.lib : csl_clec.obj (.text:CSL_REG32_WR_RAW)
                  0000a391f0c0    00000040                                              : csl_clec.obj (.text:CSL_REG64_FEXT_RAW)
                  0000a391f100    00000040     drivers.j722s.c75ss0-0.ti-c7000.release.lib : csl_intaggr.obj (.text:CSL_REG64_RD_RAW)
                  0000a391f140    00000040     freertos.j722s.c75x.ti-c7000.release.lib : csl_clec.obj (.text:CSL_REG64_RD_RAW)
                  0000a391f180    00000040     drivers.j722s.c75ss0-0.ti-c7000.release.lib : csl_dru.obj (.text:CSL_REG64_WR_RAW)
                  0000a391f1c0    00000040                                                 : csl_intaggr.obj (.text:CSL_REG64_WR_RAW)
                  0000a391f200    00000040     freertos.j722s.c75x.ti-c7000.release.lib : csl_clec.obj (.text:CSL_clecGetC7xClusterId)
                  0000a391f240    00000040     drivers.j722s.c75ss0-0.ti-c7000.release.lib : csl_intaggr.obj (.text:CSL_intaggrIsValidStatusBitNum)
                  0000a391f280    00000040                                                 : csl_lcdma_ringacc.obj (.text:CSL_lcdma_ringaccGetNewElCnt)
                  0000a391f2c0    00000040                                                 : csl_lcdma_ringacc.obj (.text:CSL_lcdma_ringaccInitRingObj)
                  0000a391f300    00000040                                                 : csl_lcdma_ringacc.obj (.text:CSL_lcdma_ringaccPop64)
                  0000a391f340    00000040                                                 : csl_lcdma_ringacc.obj (.text:CSL_lcdma_ringaccPush64)
                  0000a391f380    00000040                                                 : csl_lcdma_ringacc.obj (.text:CSL_lcdma_ringaccSetForwardDoorbell)
                  0000a391f3c0    00000040                                                 : csl_lcdma_ringacc.obj (.text:CSL_lcdma_ringaccSetReverseDoorbell)
                  0000a391f400    00000040                                                 : csl_sec_proxy.obj (.text:CSL_secProxyGetDataAddr)
                  0000a391f440    00000040     freertos.j722s.c75x.ti-c7000.release.lib : CacheP_c75.obj (.text:CacheP_Module_startup)
                  0000a391f480    00000040                                              : CacheP_c75_asm.obj (.text:CacheP_getL1DCFG)
                  0000a391f4c0    00000040                                              : CacheP_c75_asm.obj (.text:CacheP_setL1DCFG)
                  0000a391f500    00000040                                              : CacheP_c75.obj (.text:CacheP_wait)
                  0000a391f540    00000040                                              : ClockP_freertos_c75.obj (.text:ClockP_getTimerCount)
                  0000a391f580    00000040                                              : ClockP_freertos_c75.obj (.text:ClockP_timerClearOverflowInt)
                  0000a391f5c0    00000040                                              : ClockP_freertos.obj (.text:ClockP_timerTickIsr)
                  0000a391f600    00000040                                              : ClockP_freertos.obj (.text:ClockP_usecToTicks)
                  0000a391f640    00000040     DSPLIB_C7524.lib : DSPLIB_add.cpp.o (.text:DSPLIB_add_exec)
                  0000a391f680    00000040                      : DSPLIB_add.cpp.o (.text:DSPLIB_add_getHandleSize)
                  0000a391f6c0    00000040                      : DSPLIB_mulConstant.cpp.o (.text:DSPLIB_mulConstant_exec)
                  0000a391f700    00000040                      : DSPLIB_mulConstant.cpp.o (.text:DSPLIB_mulConstant_getHandleSize)
                  0000a391f740    00000040     freertos.j722s.c75x.ti-c7000.release.lib : DebugP_memTraceLogWriter.obj (.text:DebugP_memLogWriterInit)
                  0000a391f780    00000040     ti_drivers_open_close.obj (.text:Drivers_udmaOpen)
[...]
0000a391ddc0  Udma_ringPrimeLcdma                                                                                              
0000a391de40  Udma_ringPrimeReadLcdma                                                                                          
0000a391dec0  Udma_virtToPhyFxn                                                                                                
0000a391df40  _DebugP_assertNoLog                                                                                              
0000a391dfc0  _args_main                                                                                                       
0000a391e140  memset                                                                                                           
0000a391e540  Task_exit                                                                                                        
0000a391e5c0  pxPortInitialiseStack                                                                                            
0000a391e640  snprintf_                                                                                                        
0000a391e6c0  task_create                                                                                                      
0000a391e740  vApplicationLoadHook                                                                                             
0000a391e7c0  vApplicationStackOverflowHook                                                                                    
0000a391e840  vPortAssertIfInISR                                                                                               
0000a391e8c0  vPortYieldAsyncFromISR                                                                                           
0000a391e940  vTaskEnterCritical                                                                                               
0000a391e9c0  vTaskExitCritical                                                                                                
0000a391ea40  vprintf_                                                                                                         
0000a391eac0  xQueueCreateMutexStatic                                                                                          
0000a391eb40  xTaskGetIdleTaskHandle                                                                                           
0000a391ebc0  Board_driversOpen                                                                                                
0000a391ec00  Board_init                                                                                                       
0000a391f200  CSL_clecGetC7xClusterId                                                                                          
0000a391f2c0  CSL_lcdma_ringaccInitRingObj                                                                                     
0000a391f300  CSL_lcdma_ringaccPop64                                                                                           
0000a391f340  CSL_lcdma_ringaccPush64                                                                                          
0000a391f400  CSL_secProxyGetDataAddr                                                                                          
0000a391f440  CacheP_Module_startup                                                                                            
0000a391f480  CacheP_getL1DCFG                                                                                                 
0000a391f4c0  CacheP_setL1DCFG                                                                                                 
0000a391f500  CacheP_wait                                                                                                      
0000a391f540  ClockP_getTimerCount                                                                                             
0000a391f580  ClockP_timerClearOverflowInt                                                                                     
0000a391f5c0  ClockP_timerTickIsr                                                                                              
0000a391f600  ClockP_usecToTicks                                                                                               
0000a391f640  DSPLIB_add_exec                                                                                                  
0000a391f680  DSPLIB_add_getHandleSize                                                                                         
0000a391f6c0  DSPLIB_mulConstant_exec                                                                                          
0000a391f700  DSPLIB_mulConstant_getHandleSize                                                                                 
0000a391f740  DebugP_memLogWriterInit                                                                                          
0000a391f780  Drivers_open                                                                                                     
0000a391f780  Drivers_udmaOpen                                                                                                 
0000a391f840  HwiP_Params_init                                                                                                 
0000a391f880  HwiP_enable                                                                                                      
0000a391f8c0  HwiP_enableInt                                                                                                   
0000a391f900  HwiP_inISR                                                                                                       
0000a391f940  HwiP_init                                                                                                        
0000a391f980  Hwi_Params__init__S                                                                                              
0000a391f9c0  Hwi_Params_init                                                                                                  
0000a391fa00  Hwi_destruct                                                                                                     
0000a391fa40  Hwi_disable                                                                                                      
0000a391fa80  Hwi_enable                                                                                                       
0000a391fac0  Hwi_getCXM                                                                                                       
0000a391fb00  Hwi_getEventId                                                                                                   
0000a391fb40  Hwi_getIsrStackAddress                                                                                           
0000a391fbc0  Hwi_restore                                                                                                      
0000a391fc00  Hwi_setCOP                                                                                                       
0000a391fc40  Hwi_switchFromBootStack                                                                                          
0000a391fc80  IntrinsicsSupport_maxbit                                                                                         
0000a391fcc0  IntrinsicsSupport_mfence                                                                                         
0000a391fd00  IpcNotify_Params_init                                                                                            
0000a391fd40  IpcNotify_getConfig                                                                                              
0000a391fd80  IpcNotify_getSelfCoreId                                                                                          
0000a391fdc0  IpcNotify_isCoreEnabled                                                                                          
0000a391ffc0  IpcNotify_syncCallback                                                                                           
0000a3920000  MmuP_disableI                                                                                                    
0000a3920040  MmuP_enableI                                                                                                     
0000a3920080  MmuP_enableI_secure                                                                                              
0000a3920100  MmuP_isEnabled                                                                                                   
0000a3920140  MmuP_setMAIRAsm                                                                                                  
0000a3920180  MmuP_setTCR                                                                                                      
0000a39201c0  MmuP_tlbInvAll                                                                                                   
0000a3920200  Mmu_init                                                                                                         
0000a3920240  Pinmux_init                                                                                                      
0000a3920280  PowerClock_init                                                                                                  
0000a39202c0  RPMessage_CreateParams_init                                                                                      
0000a3920340  RPMessage_isLinuxCore                                                                                            
0000a3920400  RPMessage_vringGetRxBufAddr                                                                                      
0000a3920440  SOC_getCoreName                                                                                                  
0000a39204c0  Sciclient_getSelfDevIdCore                                                                                       
0000a3920600  Sciclient_rmIrqSet                                                                                               
0000a3920640  Sciclient_rmIrqTranslateIaOutput                                                                                 
0000a3920680  Sciclient_rmIrqTranslateIrqInput                                                                                 
0000a3920a40  SemaphoreP_destruct                                                                                              
0000a3920ac0  TaskSupport_getStackAlignment                                                                                    
0000a3920b00  TaskSupport_glue                                                                                                 
0000a3920b40  TaskSupport_glueUnpriv                                                                                           
0000a3920b80  Task_enter                                                                                                       
0000a3920bc0  TimerP_Params_init                                                                                               
0000a3920c00  TimerP_clearOverflowInt                                                                                          
0000a3920c40  TimerP_getCount                                                                                                  
0000a3920c80  TimerP_getReloadCount                                                                                            
0000a3920cc0  TimerP_start                                                                                                     
0000a3920d00  TimerP_stop                                                                                                      
0000a3920d80  Udma_defaultPhyToVirtFxn                                                                                         
0000a3920dc0  Udma_defaultVirtToPhyFxn                                                                                         
0000a3920e00  Udma_getCoreId                                                                                                   
0000a3920e40  Udma_isCacheCoherent                                                                                             
0000a3920e80  Udma_ringGetElementCntLcdma                                                                                      
0000a3920ec0  Udma_ringGetMemPtrLcdma                                                                                          
0000a3920f00  Udma_ringGetModeLcdma                                                                                            
0000a3920f40  Udma_ringGetRdIdxLcdma                                                                                           
0000a3920f80  Udma_ringGetWrIdxLcdma                                                                                           
0000a3920fc0  Udma_ringHandleClearRegsLcdma                                                                                    
0000a3921000  Udma_ringQueueRawLcdma                                                                                           
0000a3921040  Udma_rmGetDefBoardCfgPrms                                                                                        
0000a3921080  Utils_dataAndInstructionBarrier                                                                                  
0000a39210c0  __c7xabi_fixdull                                                                                                 
0000a3921100  __c7xabi_fltulld                                                                                                 
0000a3921140  __c7xabi_remull                                                                                                  
0000a3921180  _c_int00                                                                                                         
0000a3921200  _nop                                                                                                             
0000a3921300  _system_post_cinit                                                                                               
0000a3921340  _system_pre_init                                                                                                 
0000a3921380  C$$EXIT                                                                                                          
0000a3921380  abort                                                                                                            
0000a39213c0  c7x_startup_init                                                                                                 
0000a3921400  exit                                                                                                             
0000a3921440  freertos_main                                                                                                    
0000a3921480  malloc                                                                                                           
0000a3921600  putchar_                                                                                                         
0000a3921640  pvTaskIncrementMutexHeldCount                                                                                    
0000a3921680  task_init                                                                                                        
0000a39216c0  ti_sysbios_knl_Task_Func                                                                                         
0000a3921700  uiPortGetRunTimeCounterValue                                                                                     
0000a3921740  uxListRemove                                                                                                     
0000a3921780  vApplicationGetIdleTaskMemory                                                                                    
0000a39217c0  vApplicationGetTimerTaskMemory                                                                                   
0000a3921800  vApplicationIdleHook                                                                                             
0000a3921840  vListInitialise                                                                                                  
0000a3921880  vListInitialiseItem                                                                                              
0000a39218c0  vListInsertEnd                                                                                                   
0000a3921900  vPortConfigTimerForRunTimeStats                                                                                  
0000a3921940  vPortRestoreTaskContext                                                                                          
0000a3921980  vPortTimerTickHandler                                                                                            
0000a39219c0  vPortValidateInterruptPriority                                                                                   
0000a3921a00  vPortYeildFromISR                                                                                                
0000a3921a40  vQueueAddToRegistry                                                                                              
0000a3921a80  vQueueUnregisterQueue                                                                                            
0000a3921ac0  vTaskInternalSetTimeOutState                                                                                     
0000a3921b00  vTaskMissedYield                                                                                                 
0000a3921b40  vTaskSuspendAll                                                                                                  
0000a3921b80  xPortInIsrContext                                                                                                
0000a3921bc0  xPortStartScheduler                                                                                              
0000a3921c00  xTaskGetCurrentTaskHandle                                                                                        
0000a3921c40  xTaskGetSchedulerState                                                                                           
0000a3921c80  xTaskGetTickCount                                                                                                
0000a3922000  Mmu_level1Table                                                                                                  
0000a3923000  gMmu_tableArray_NS                                                                                               
0000a3933000  Mmu_tableArraySlot_NS                                                                                            
0000a3934000  Mmu_level1Table_NS                                                                                               
0000a3a00000  _c_int00_secure                                                                                                  
0000a7000000  gDebugShmLog                                                                                                     
UNDEFED       __TI_CINIT_Base                                                                                                  
UNDEFED       __TI_CINIT_Limit                                                                                                 
UNDEFED       __TI_Handler_Table_Base                                                                                          
UNDEFED       __TI_Handler_Table_Limit                                                                                         

[639 symbols]
