******************************************************************************
                     C7x Linker Unix v4.1.0                    
******************************************************************************
>> Linked Mon May  5 04:44:35 2025

OUTPUT FILE NAME:   <ipc_rpmsg_echo_linux.release.out>
ENTRY POINT SYMBOL: "_c_int00_secure"  address: 0000a4600000


MEMORY CONFIGURATION

         name            origin         length     used     unused   attr    fill
----------------------  ------------   --------  --------  --------  ----  --------
  L2SRAM                00007e200000   00200000  00000000  00200000  RW X
  DDR0_RESERVED         000080000000   19800000  00000000  19800000  RWIX
  C7X_IPC_D             0000a4000000   00100000  00000000  00100000  RWIX
  C7X_RT_D              0000a4100000   00000400  0000008c  00000374  RWIX
  LINUX_IPC_TRACE_BUFFE 0000a4100400   000ffc00  00001000  000fec00  RWIX
  C7X_BOOT_D            0000a4200000   00000400  00000000  00000400  RWIX
  C7X_VECS_D            0000a4400000   00004000  00000840  000037c0  RWIX
  C7X_CIO_MEM           0000a4410000   00001000  00000000  00001000  RWIX
  C7X_DDR_SPACE         0000a4411000   00bef000  00102655  00aec9ab  RWIX
  RTOS_NORTOS_IPC_SHM_M 0000a5000000   01c00000  00000000  01c00000  RWIX
  LOG_SHM_MEM           0000a7000000   00040000  00005000  0003b000  RWIX


SEGMENT ALLOCATION MAP

  run origin     load origin      length   init length attrs members
--------------  --------------  ---------- ----------- ----- -------
0000a4100000    0000a4100000    0000008c   0000008c    r--
  0000a4100000    0000a4100000    0000008c   0000008c    r-- .resource_table
0000a4100400    0000a4100400    00001000   00000000    rw-
  0000a4100400    0000a4100400    00001000   00000000    rw- .bss.debug_mem_trace_buf
0000a4400000    0000a4400000    00000840   00000840    r-x
  0000a4400000    0000a4400000    00000840   00000840    r-x .vecs
0000a4411000    0000a4411000    000aee20   00000000    rw-
  0000a4411000    0000a4411000    000aee20   00000000    rw- .bss
0000a44c0000    0000a44c0000    00020008   00000000    rw-
  0000a44c0000    0000a44c0000    00020000   00000000    rw- .stack
  0000a44e0000    0000a44e0000    00000008   00000000    rw- .data.Mmu_level1Table
0000a44e1000    0000a44e1000    00010008   00000000    rw-
  0000a44e1000    0000a44e1000    00010000   00000000    rw- .data.gMmu_tableArray_NS
  0000a44f1000    0000a44f1000    00000008   00000000    rw- .data.Mmu_tableArraySlot_NS
0000a44f2000    0000a44f2000    00000008   00000000    rw-
  0000a44f2000    0000a44f2000    00000008   00000000    rw- .data.Mmu_level1Table_NS
0000a44f2008    0000a44f2008    00005870   00005870    rw-
  0000a44f2008    0000a44f2008    00003045   00003045    rw- .const
  0000a44f5050    0000a44f5050    00001828   00001828    rw- .data
  0000a44f6878    0000a44f6878    00001000   00001000    rw- .args
0000a4500000    0000a4500000    0001bf80   0001bf80    r-x
  0000a4500000    0000a4500000    0001bf80   0001bf80    r-x .text
0000a4600000    0000a4600000    00000040   00000040    r-x
  0000a4600000    0000a4600000    00000040   00000040    r-x .text:_c_int00_secure


SECTION ALLOCATION MAP

 output                                      attributes/
section   page      origin        length       input sections
--------  ----  --------------  ----------   ----------------
.vecs      0    0000a4400000    00000840     
                  0000a4400000    00000840     freertos.j722s.c75x.ti-c7000.release.lib : Hwi_disp_always_asm.obj (.vecs)

.bss       0    0000a4411000    000aee20     UNINITIALIZED
                  0000a4411000    00040000     freertos.j722s.c75x.ti-c7000.release.lib : port.obj (.bss:uxIdleTaskStack$10)
                  0000a4451000    00040000                                              : port.obj (.bss:uxTimerTaskStack$12)
                  0000a4491000    00010000     (.common:gIpcTaskStack)
                  0000a44a1000    00010000     (.common:gMainTaskStack)
                  0000a44b1000    0000b3a8     (.common:gIpcRpmsgCtrl)
                  0000a44bc3a8    00000f00                                              : Exception.obj (.bss:gExceptionContext)
                  0000a44bd2a8    00000e00                                              : HwiP_freertos_c7x.obj (.bss:gOsalHwiPFreeRtosPool)
                  0000a44be0a8    00000500                                              : tasks.obj (.bss:pxReadyTasksLists)
                  0000a44be5a8    00000400     (.common:gIpcTask)
                  0000a44be9a8    00000300     (.common:gIpcRecvMsgObject)
                  0000a44beca8    00000200                                              : timers.obj (.bss:ucStaticTimerQueueStorage$22)
                  0000a44beea8    00000200     (.common:xQueueRegistry)
                  0000a44bf0a8    00000180     (.common:gIpcAckReplyMsgObject)
                  0000a44bf228    00000140     (.common:gIpcNotifyCtrl)
                  0000a44bf368    00000130                                              : DebugP_freertos.obj (.bss:gDebugLogLockObj)
                  0000a44bf498    00000130     (.common:gLpmResumeSem)
                  0000a44bf5c8    00000130     (.common:gLpmSuspendSem)
                  0000a44bf6f8    000000e8                                              : port.obj (.bss:xIdleTaskTCB$9)
                  0000a44bf7e0    000000e8                                              : port.obj (.bss:xTimerTaskTCB$11)
                  0000a44bf8c8    000000e8     (.common:gMainTaskObj)
                  0000a44bf9b0    000000a0                                              : timers.obj (.bss:xStaticTimerQueue$21)
                  0000a44bfa50    000000a0     (.common:gTaskP_ctrl)
                  0000a44bfaf0    0000007a                                              : DebugP_memTraceLogWriter.obj (.bss:lineBuf$1)
                  0000a44bfb6a    00000002     --HOLE--
                  0000a44bfb6c    0000007a                                              : DebugP_shmLogWriter.obj (.bss:lineBuf$1)
                  0000a44bfbe6    00000002     --HOLE--
                  0000a44bfbe8    00000040                                              : timers.obj (.bss:xActiveTimerList1)
                  0000a44bfc28    00000040                                              : timers.obj (.bss:xActiveTimerList2)
                  0000a44bfc68    00000040                                              : tasks.obj (.bss:xDelayedTaskList1)
                  0000a44bfca8    00000040                                              : tasks.obj (.bss:xDelayedTaskList2)
                  0000a44bfce8    00000040                                              : tasks.obj (.bss:xPendingReadyList)
                  0000a44bfd28    00000040                                              : tasks.obj (.bss:xSuspendedTaskList)
                  0000a44bfd68    00000040                                              : tasks.obj (.bss:xTasksWaitingTermination)
                  0000a44bfda8    00000040     (.common:gClockCtrl)
                  0000a44bfde8    00000010                                              : tasks.obj (.bss)
                  0000a44bfdf8    00000010                                              : timers.obj (.bss)
                  0000a44bfe08    00000010                                              : heap_4.obj (.bss:xStart)
                  0000a44bfe18    00000008     (.common:gMainTask)

.data      0    0000a44f5050    00001828     
                  0000a44f5050    00001040     freertos.j722s.c75x.ti-c7000.release.lib : Exception.obj (.data:Exception_Module_state)
                  0000a44f6090    00000268                                              : HwiP_c75.obj (.data:Hwi_Module_state)
                  0000a44f62f8    0000012c     drivers.j722s.c75ss1-0.ti-c7000.release.lib : ipc_notify_v0_cfg.obj (.data:gIpcNotifyMailboxConfig)
                  0000a44f6424    00000004     freertos.j722s.c75x.ti-c7000.release.lib : DebugP_freertos.obj (.data)
                  0000a44f6428    00000118     ti_dpl_config.obj (.data:gMmuRegionConfig)
                  0000a44f6540    0000009c     drivers.j722s.c75ss1-0.ti-c7000.release.lib : ipc_notify_v0_cfg.obj (.data:gIpcNotifyInterruptConfig_c75ss1_0)
                  0000a44f65dc    00000004     freertos.j722s.c75x.ti-c7000.release.lib : DebugP_log.obj (.data)
                  0000a44f65e0    00000078                                              : tasks.obj (.data)
                  0000a44f6658    00000058     drivers.j722s.c75ss1-0.ti-c7000.release.lib : soc.obj (.data:coreIdNames$1)
                  0000a44f66b0    00000030     freertos.j722s.c75x.ti-c7000.release.lib : heap_4.obj (.data)
                  0000a44f66e0    00000028     drivers.j722s.c75ss1-0.ti-c7000.release.lib : sciclient_soc_priv.obj (.data:gSciclientSecProxyCfg)
                  0000a44f6708    00000024                                                 : ipc_notify_v0_cfg.obj (.data:gIpcNotifyMailboxBaseAddr)
                  0000a44f672c    00000004     rts7524_le.lib : errno.c.obj (.data)
                  0000a44f6730    00000020     freertos.j722s.c75x.ti-c7000.release.lib : port.obj (.data)
                  0000a44f6750    00000018     drivers.j722s.c75ss1-0.ti-c7000.release.lib : ipc_notify_v0_cfg.obj (.data)
                  0000a44f6768    00000018     ti_dpl_config.obj (.data:gClockConfig)
                  0000a44f6780    00000018     task_main.obj (.data:gRemoteCoreId)
                  0000a44f6798    00000018     drivers.j722s.c75ss1-0.ti-c7000.release.lib : sciclient.obj (.data:gSciclientHandle)
                  0000a44f67b0    00000014     freertos.j722s.c75x.ti-c7000.release.lib : DebugP_memTraceLogWriter.obj (.data)
                  0000a44f67c4    00000004     ti_dpl_config.obj (.data)
                  0000a44f67c8    00000014     freertos.j722s.c75x.ti-c7000.release.lib : DebugP_shmLogWriter.obj (.data)
                  0000a44f67dc    00000001     drivers.j722s.c75ss1-0.ti-c7000.release.lib : sciclient.obj (.data)
                  0000a44f67dd    00000003     --HOLE-- [fill = 0]
                  0000a44f67e0    00000014     freertos.j722s.c75x.ti-c7000.release.lib : timers.obj (.data)
                  0000a44f67f4    00000004     --HOLE-- [fill = 0]
                  0000a44f67f8    00000010                                              : AddrTranslateP.obj (.data:gAddrTranslateConfig)
                  0000a44f6808    00000010     rts7524_le.lib : exit.c.obj (.data)
                  0000a44f6818    00000010     task_main.obj (.data)
                  0000a44f6828    0000000c     ti_power_clock_config.obj (.data:gSocModulesClockFrequency)
                  0000a44f6834    00000004     --HOLE-- [fill = 0]
                  0000a44f6838    00000008     freertos.j722s.c75x.ti-c7000.release.lib : CacheP_c75.obj (.data:CacheP_Module_state)
                  0000a44f6840    00000008                                              : CycleCounterP_c75.obj (.data)
                  0000a44f6848    00000008                                              : HwiP_freertos_c7x.obj (.data)
                  0000a44f6850    00000008                                              : TaskP_freertos.obj (.data)
                  0000a44f6858    00000008     ti_dpl_config.obj (.data:gMmuConfig)
                  0000a44f6860    00000008     ti_pinmux_config.obj (.data:gPinMuxMainDomainCfg)
                  0000a44f6868    00000008     ti_pinmux_config.obj (.data:gPinMuxMcuDomainCfg)
                  0000a44f6870    00000008     ti_power_clock_config.obj (.data:gSocModules)

.text      0    0000a4500000    0001bf80     
                  0000a4500000    00002300     rts7524_le.lib : _printfi.c.obj (.text:__TI_printfi:__TI_printfi)
                  0000a4502300    00001000     freertos.j722s.c75x.ti-c7000.release.lib : CycleCounterP_c75.obj (.text:CycleCounterP_Module_startup)
                  0000a4503300    00000e00                                              : printf.obj (.text:_vsnprintf)
                  0000a4504100    00000ac0                                              : Exception.obj (.text:Exception_handler)
                  0000a4504bc0    00000a40                                              : Hwi_disp_always_asm.obj (.text:Hwi_dispatchAlways)
                  0000a4505600    000008c0     rts7524_le.lib : _printfi.c.obj (.text:_pconv_a)
                  0000a4505ec0    00000880     freertos.j722s.c75x.ti-c7000.release.lib : Exception.obj (.text:Exception_internalHandler)
                  0000a4506740    000007c0     rts7524_le.lib : _printfi.c.obj (.text:_pconv_g)
                  0000a4506f00    00000740     freertos.j722s.c75x.ti-c7000.release.lib : printf.obj (.text:_ftoa)
                  0000a4507640    00000640     rts7524_le.lib : _printfi.c.obj (.text:_pconv_e)
                  0000a4507c80    00000500     drivers.j722s.c75ss1-0.ti-c7000.release.lib : ipc_notify_v0.obj (.text:IpcNotify_init)
                  0000a4508180    00000500     freertos.j722s.c75x.ti-c7000.release.lib : Exception_asm.obj (.text)
                  0000a4508680    000004c0                                              : MmuP_c75.obj (.text:MmuP_allocTable)
                  0000a4508b40    000004c0                                              : printf.obj (.text:_etoa)
                  0000a4509000    00000440                                              : printf.obj (.text:_ntoa_format)
                  0000a4509440    00000400     drivers.j722s.c75ss1-0.ti-c7000.release.lib : sciclient.obj (.text:Sciclient_service)
                  0000a4509840    00000400     task_main.obj (.text:ipc_rpmsg_send_messages)
                  0000a4509c40    00000380     freertos.j722s.c75x.ti-c7000.release.lib : MmuP_c75.obj (.text:MmuP_tableWalk)
                  0000a4509fc0    00000340     rts7524_le.lib : _printfi.c.obj (.text:_pconv_f)
                  0000a450a300    00000300     freertos.j722s.c75x.ti-c7000.release.lib : TimerP.obj (.text:TimerP_setup)
                  0000a450a600    00000300     rts7524_le.lib : frcdivd.c.obj (.text:__TI_frcdivd)
                  0000a450a900    00000300                    : _printfi.c.obj (.text:fcvt)
                  0000a450ac00    00000300     freertos.j722s.c75x.ti-c7000.release.lib : timers.obj (.text:prvProcessReceivedCommands)
                  0000a450af00    00000300                                              : queue.obj (.text:xQueueSemaphoreTake)
                  0000a450b200    000002c0     drivers.j722s.c75ss1-0.ti-c7000.release.lib : soc.obj (.text:SOC_moduleSetClockFrequency)
                  0000a450b4c0    000002c0     freertos.j722s.c75x.ti-c7000.release.lib : queue.obj (.text:xQueueGenericSend)
                  0000a450b780    00000280                                              : ClockP_freertos_c75.obj (.text:ClockP_init)
                  0000a450ba00    00000280     drivers.j722s.c75ss1-0.ti-c7000.release.lib : ipc_rpmsg.obj (.text:RPMessage_recv)
                  0000a450bc80    00000280     rts7524_le.lib : divd.c.obj (.text:__c7xabi_divd)
                  0000a450bf00    00000280     task_main.obj (.text:ipc_rpmsg_create_recv_tasks)
                  0000a450c180    00000280     freertos.j722s.c75x.ti-c7000.release.lib : queue.obj (.text:xQueueReceive)
                  0000a450c400    00000240                                              : MmuP_c75.obj (.text:MmuP_init)
                  0000a450c640    00000240     drivers.j722s.c75ss1-0.ti-c7000.release.lib : ipc_rpmsg.obj (.text:RPMessage_send)
                  0000a450c880    00000240                                                 : ipc_rpmsg_vring.obj (.text:RPMessage_vringResetInternal)
                  0000a450cac0    00000240     freertos.j722s.c75x.ti-c7000.release.lib : TaskP_freertos.obj (.text:TaskP_construct)
                  0000a450cd00    00000240                                              : tasks.obj (.text:prvInitialiseNewTask)
                  0000a450cf40    00000240                                              : queue.obj (.text:xQueueGenericSendFromISR)
                  0000a450d180    00000240                                              : tasks.obj (.text:xTaskIncrementTick)
                  0000a450d3c0    00000200                                              : HwiP_freertos_c7x.obj (.text:HwiP_construct)
                  0000a450d5c0    00000200     drivers.j722s.c75ss1-0.ti-c7000.release.lib : ipc_rpmsg.obj (.text:RPMessage_init)
                  0000a450d7c0    00000200     rts7524_le.lib : atoi.c.obj (.text:atoi)
                  0000a450d9c0    00000200     task_main.obj (.text:ipc_recv_task_main)
                  0000a450dbc0    00000200     freertos.j722s.c75x.ti-c7000.release.lib : queue.obj (.text:xQueueGiveFromISR)
                  0000a450ddc0    00000200                                              : queue.obj (.text:xQueueReceiveFromISR)
                  0000a450dfc0    00000200                                              : tasks.obj (.text:xTaskResumeAll)
                  0000a450e1c0    000001c0                                              : DebugP_memTraceLogWriter.obj (.text:DebugP_memLogWriterPutChar)
                  0000a450e380    000001c0                                              : DebugP_shmLogWriter.obj (.text:DebugP_shmLogWriterPutChar)
                  0000a450e540    000001c0                                              : HwiP_c75.obj (.text:Hwi_reconfig)
                  0000a450e700    000001c0     drivers.j722s.c75ss1-0.ti-c7000.release.lib : ipc_rpmsg_vring.obj (.text:RPMessage_vringReset)
                  0000a450e8c0    000001c0                                                 : sciclient_pm.obj (.text:Sciclient_pmQueryModuleClkFreq)
                  0000a450ea80    000001c0                                                 : sciclient.obj (.text:Sciclient_recvMessage)
                  0000a450ec40    000001c0                                                 : sciclient.obj (.text:Sciclient_sendMessage)
                  0000a450ee00    000001c0     freertos.j722s.c75x.ti-c7000.release.lib : TaskSupport.obj (.text:TaskSupport_setupTaskStack)
                  0000a450efc0    000001c0                                              : printf.obj (.text:_ntoa_long)
                  0000a450f180    000001c0                                              : printf.obj (.text:_ntoa_long_long)
                  0000a450f340    000001c0                                              : tasks.obj (.text:eTaskGetState)
                  0000a450f500    000001c0                                              : tasks.obj (.text:vTaskPriorityDisinheritAfterTimeout)
                  0000a450f6c0    000001c0                                              : tasks.obj (.text:vTaskSwitchContext)
                  0000a450f880    000001c0                                              : queue.obj (.text:xQueueGenericCreateStatic)
                  0000a450fa40    000001c0                                              : tasks.obj (.text:xTaskCreateStatic)
                  0000a450fc00    000001c0                                              : tasks.obj (.text:xTaskPriorityDisinherit)
                  0000a450fdc0    000001c0                                              : tasks.obj (.text:xTaskPriorityInherit)
                  0000a450ff80    00000180                                              : csl_clec.obj (.text:CSL_clecConfigEvent)
                  0000a4510100    00000180     drivers.j722s.c75ss1-0.ti-c7000.release.lib : ipc_notify_v0.obj (.text:IpcNotify_isr)
                  0000a4510280    00000180                                                 : ipc_notify_v0.obj (.text:IpcNotify_sendMsg)
                  0000a4510400    00000180     freertos.j722s.c75x.ti-c7000.release.lib : MmuP_c75.obj (.text:MmuP_map)
                  0000a4510580    00000180     drivers.j722s.c75ss1-0.ti-c7000.release.lib : ipc_rpmsg.obj (.text:RPMessage_Params_init)
                  0000a4510700    00000180                                                 : ipc_rpmsg.obj (.text:RPMessage_recvHandler)
                  0000a4510880    00000180                                                 : ipc_rpmsg_vring.obj (.text:RPMessage_vringGetEmptyTxBuf)
                  0000a4510a00    00000180                                                 : sciclient_pm.obj (.text:Sciclient_pmGetModuleClkNumParent)
                  0000a4510b80    00000180                                                 : sciclient_pm.obj (.text:Sciclient_pmGetModuleClkParent)
                  0000a4510d00    00000180                                                 : sciclient_pm.obj (.text:Sciclient_pmGetModuleState)
                  0000a4510e80    00000180                                                 : sciclient_pm.obj (.text:Sciclient_pmModuleGetClkStatus)
                  0000a4511000    00000180                                                 : sciclient.obj (.text:Sciclient_waitForMessage)
                  0000a4511180    00000180     freertos.j722s.c75x.ti-c7000.release.lib : printf.obj (.text:_out_rev)
                  0000a4511300    00000180                                              : tasks.obj (.text:prvAddCurrentTaskToDelayedList)
                  0000a4511480    00000180     rts7524_le.lib : s_scalbn.c.obj (.text:scalbn)
                  0000a4511600    00000180     freertos.j722s.c75x.ti-c7000.release.lib : heap_4.obj (.text:vPortFree)
                  0000a4511780    00000180                                              : tasks.obj (.text:vTaskDelete)
                  0000a4511900    00000180                                              : tasks.obj (.text:xTaskCheckForTimeOut)
                  0000a4511a80    00000180                                              : tasks.obj (.text:xTaskRemoveFromEventList)
                  0000a4511c00    00000140                                              : DebugP_memTraceLogWriter.obj (.text:DebugP_memTraceLogWriterPutLine)
                  0000a4511d40    00000140                                              : DebugP_shmLogWriter.obj (.text:DebugP_shmLogWriterPutLine)
                  0000a4511e80    00000140                                              : HwiP_c75.obj (.text:Hwi_Module_startup)
                  0000a4511fc0    00000140     drivers.j722s.c75ss1-0.ti-c7000.release.lib : ipc_rpmsg.obj (.text:RPMessage_coreInit)
                  0000a4512100    00000140                                                 : ipc_rpmsg_vring.obj (.text:RPMessage_vringGetFullRxBuf)
                  0000a4512240    00000140                                                 : ipc_rpmsg_vring.obj (.text:RPMessage_vringPutEmptyRxBuf)
                  0000a4512380    00000140                                                 : ipc_rpmsg_vring.obj (.text:RPMessage_vringPutFullTxBuf)
                  0000a45124c0    00000140                                                 : ipc_rpmsg_vring.obj (.text:RPMessage_vringResetLinux)
                  0000a4512600    00000140                                                 : soc.obj (.text:SOC_controlModuleLockMMR)
                  0000a4512740    00000140                                                 : soc.obj (.text:SOC_controlModuleUnlockMMR)
                  0000a4512880    00000140                                                 : sciclient_pm.obj (.text:Sciclient_pmSetModuleClkFreq)
                  0000a45129c0    00000140     ti_drivers_config.obj (.text:System_init)
                  0000a4512b00    00000140     freertos.j722s.c75x.ti-c7000.release.lib : TaskP_freertos.obj (.text:TaskP_loadUpdateAll)
                  0000a4512c40    00000140     rts7524_le.lib : imath64.c.obj (.text:__c7xabi_divull)
                  0000a4512d80    00000140     task_main.obj (.text:ipc_rp_mbox_callback)
                  0000a4512ec0    00000140     freertos.j722s.c75x.ti-c7000.release.lib : tasks.obj (.text:prvAddNewTaskToReadyList)
                  0000a4513000    00000140                                              : queue.obj (.text:prvCopyDataToQueue)
                  0000a4513140    00000140                                              : timers.obj (.text:prvSwitchTimerLists)
                  0000a4513280    00000140                                              : tasks.obj (.text:vTaskStartScheduler)
                  0000a45133c0    00000140                                              : queue.obj (.text:xQueueGenericReset)
                  0000a4513500    00000140                                              : timers.obj (.text:xTimerGenericCommand)
                  0000a4513640    00000100                                              : AddrTranslateP.obj (.text:AddrTranslateP_getLocalAddr)
                  0000a4513740    00000100                                              : HwiP_freertos_c7x.obj (.text:HwiP_configClec)
                  0000a4513840    00000100                                              : HwiP_c75.obj (.text:Hwi_getStackInfo)
                  0000a4513940    00000100     drivers.j722s.c75ss1-0.ti-c7000.release.lib : ipc_notify_v0.obj (.text:IpcNotify_syncAll)
                  0000a4513a40    00000100                                                 : ipc_notify_v0.obj (.text:IpcNotify_waitSync)
                  0000a4513b40    00000100     freertos.j722s.c75x.ti-c7000.release.lib : MmuP_c75.obj (.text:MmuP_addBlockEntry)
                  0000a4513c40    00000100     drivers.j722s.c75ss1-0.ti-c7000.release.lib : pinmux.obj (.text:Pinmux_unlockMMR)
                  0000a4513d40    00000100                                                 : ipc_rpmsg.obj (.text:RPMessage_construct)
                  0000a4513e40    00000100                                                 : ipc_rpmsg.obj (.text:RPMessage_getEndPtMsg)
                  0000a4513f40    00000100                                                 : ipc_rpmsg.obj (.text:RPMessage_waitForLinuxReady)
                  0000a4514040    00000100                                                 : soc.obj (.text:SOC_moduleClockEnable)
                  0000a4514140    00000100                                                 : sciclient_soc_priv.obj (.text:Sciclient_getContext)
                  0000a4514240    00000100                                                 : sciclient.obj (.text:Sciclient_init)
                  0000a4514340    00000100                                                 : sciclient_pm.obj (.text:Sciclient_pmModuleClkRequest)
                  0000a4514440    00000100                                                 : sciclient_pm.obj (.text:Sciclient_pmSetModuleClkParent)
                  0000a4514540    00000100                                                 : sciclient_pm.obj (.text:Sciclient_pmSetModuleState)
                  0000a4514640    00000100     freertos.j722s.c75x.ti-c7000.release.lib : SemaphoreP_freertos.obj (.text:SemaphoreP_constructBinary)
                  0000a4514740    00000100                                              : SemaphoreP_freertos.obj (.text:SemaphoreP_pend)
                  0000a4514840    00000100                                              : DebugP_log.obj (.text:_DebugP_assert)
                  0000a4514940    00000100     rts7524_le.lib : fixdul.c.obj (.text:__c7xabi_fixdul)
                  0000a4514a40    00000100     task_main.obj (.text:ipc_rpmsg_echo_main)
                  0000a4514b40    00000100     main.obj (.text:main)
                  0000a4514c40    00000100     freertos.j722s.c75x.ti-c7000.release.lib : timers.obj (.text:prvCheckForValidListAndQueue)
                  0000a4514d40    00000100                                              : heap_4.obj (.text:prvInsertBlockIntoFreeList)
                  0000a4514e40    00000100                                              : timers.obj (.text:prvProcessExpiredTimer)
                  0000a4514f40    00000100                                              : timers.obj (.text:prvProcessTimerOrBlockTask)
                  0000a4515040    00000100                                              : queue.obj (.text:prvUnlockQueue)
                  0000a4515140    00000100                                              : tasks.obj (.text:vTaskGetInfo)
                  0000a4515240    00000100                                              : queue.obj (.text:xQueueTakeMutexRecursive)
                  0000a4515340    00000100                                              : timers.obj (.text:xTimerCreateTimerTask)
                  0000a4515440    000000c0                                              : csl_clec.obj (.text:CSL_clecConfigEventLevel)
                  0000a4515500    000000c0                                              : ClockP_freertos.obj (.text:ClockP_getTimeUsec)
                  0000a45155c0    000000c0                                              : HwiP_c75.obj (.text:Hwi_Instance_init)
                  0000a4515680    000000c0                                              : HwiP_c75.obj (.text:Hwi_dispatchCore)
                  0000a4515740    000000c0                                              : HwiP_c75.obj (.text:Hwi_setPriority)
                  0000a4515800    000000c0     drivers.j722s.c75ss1-0.ti-c7000.release.lib : ipc_notify_v0.obj (.text:IpcNotify_registerClient)
                  0000a45158c0    000000c0     freertos.j722s.c75x.ti-c7000.release.lib : MmuP_c75.obj (.text:MmuP_readBlockEntry)
                  0000a4515980    000000c0                                              : MmuP_c75.obj (.text:MmuP_setConfig)
                  0000a4515a40    000000c0     ti_power_clock_config.obj (.text:Module_clockEnable)
                  0000a4515b00    000000c0     ti_power_clock_config.obj (.text:Module_clockSetFrequency)
                  0000a4515bc0    000000c0     freertos.j722s.c75x.ti-c7000.release.lib : MmuP_c75.obj (.text:OsalCfgClecAccessCtrl)
                  0000a4515c80    000000c0     drivers.j722s.c75ss1-0.ti-c7000.release.lib : pinmux.obj (.text:Pinmux_config)
                  0000a4515d40    000000c0                                                 : ipc_rpmsg.obj (.text:RPMessage_allocEndPtMsg)
                  0000a4515e00    000000c0                                                 : ipc_rpmsg.obj (.text:RPMessage_announce)
                  0000a4515ec0    000000c0                                                 : ipc_rpmsg.obj (.text:RPMessage_destruct)
                  0000a4515f80    000000c0                                                 : ipc_rpmsg.obj (.text:RPMessage_notifyCallback)
                  0000a4516040    000000c0                                                 : ipc_rpmsg_vring.obj (.text:RPMessage_vringCheckEmptyTxBuf)
                  0000a4516100    000000c0                                                 : ipc_rpmsg_vring.obj (.text:RPMessage_vringIsFullRxBuf)
                  0000a45161c0    000000c0                                                 : sciclient.obj (.text:Sciclient_getCurrentContext)
                  0000a4516280    000000c0                                                 : sciclient_soc_priv.obj (.text:Sciclient_getDevId)
                  0000a4516340    000000c0                                                 : sciclient_pm.obj (.text:Sciclient_pmSetModuleRst)
                  0000a4516400    000000c0                                                 : sciclient.obj (.text:Sciclient_secProxyFlush)
                  0000a45164c0    000000c0     freertos.j722s.c75x.ti-c7000.release.lib : SemaphoreP_freertos.obj (.text:SemaphoreP_constructMutex)
                  0000a4516580    000000c0                                              : SemaphoreP_freertos.obj (.text:SemaphoreP_post)
                  0000a4516640    000000c0                                              : TaskSupport_asm.obj (.text:TaskSupport_buildTaskStack)
                  0000a4516700    000000c0                                              : TaskSupport_asm.obj (.text:TaskSupport_swap)
                  0000a45167c0    000000c0                                              : DebugP_freertos.obj (.text:_DebugP_logZone)
                  0000a4516880    000000c0     rts7524_le.lib : autoinit.c.obj (.text:__TI_auto_init_nobinit_nopinit:__TI_auto_init_nobinit_nopinit)
                  0000a4516940    000000c0                    : _ltoa.c.obj (.text:__TI_ltoa)
                  0000a4516a00    000000c0                    : fixdli.c.obj (.text:__c7xabi_fixdli)
                  0000a4516ac0    000000c0                    : fltlid.c.obj (.text:__c7xabi_fltlid)
                  0000a4516b80    000000c0                    : fltuld.c.obj (.text:__c7xabi_fltuld)
                  0000a4516c40    000000c0                    : snprintf.c.obj (.text:_outs)
                  0000a4516d00    000000c0                    : s_frexp.c.obj (.text:frexp)
                  0000a4516dc0    000000c0                    : memcpy.c.obj (.text:memcpy)
                  0000a4516e80    000000c0     freertos.j722s.c75x.ti-c7000.release.lib : Exception.obj (.text:printTwoVectors)
                  0000a4516f40    000000c0                                              : tasks.obj (.text:prvCheckTasksWaitingTermination)
                  0000a4517000    000000c0                                              : tasks.obj (.text:prvDeleteTCB)
                  0000a45170c0    000000c0                                              : tasks.obj (.text:prvInitialiseTaskLists)
                  0000a4517180    000000c0                                              : timers.obj (.text:prvInsertTimerInActiveList)
                  0000a4517240    000000c0     rts7524_le.lib : snprintf.c.obj (.text:snprintf)
                  0000a4517300    000000c0                    : strncpy.c.obj (.text:strncpy)
                  0000a45173c0    000000c0     freertos.j722s.c75x.ti-c7000.release.lib : list.obj (.text:vListInsert)
                  0000a4517480    000000c0                                              : port.obj (.text:vPortYield)
                  0000a4517540    000000c0                                              : queue.obj (.text:vQueueDelete)
                  0000a4517600    000000c0                                              : queue.obj (.text:vQueueWaitForMessageRestricted)
                  0000a45176c0    000000c0                                              : tasks.obj (.text:vTaskDelay)
                  0000a4517780    000000c0                                              : tasks.obj (.text:vTaskPlaceOnEventList)
                  0000a4517840    000000c0                                              : tasks.obj (.text:vTaskPlaceOnEventListRestricted)
                  0000a4517900    000000c0                                              : queue.obj (.text:xQueueGiveMutexRecursive)
                  0000a45179c0    00000080                                              : csl_clec.obj (.text:CSL_clecClearEvent)
                  0000a4517a40    00000080     drivers.j722s.c75ss1-0.ti-c7000.release.lib : sciclient.obj (.text:CSL_secProxyGetMaxMsgSize)
                  0000a4517ac0    00000080     freertos.j722s.c75x.ti-c7000.release.lib : CacheP_c75.obj (.text:CacheP_disable)
                  0000a4517b40    00000080                                              : CacheP_c75.obj (.text:CacheP_enable)
                  0000a4517bc0    00000080                                              : CacheP_c75.obj (.text:CacheP_enableWB)
                  0000a4517c40    00000080                                              : CacheP_c75.obj (.text:CacheP_inv)
                  0000a4517cc0    00000080                                              : CacheP_c75.obj (.text:CacheP_wbInv)
                  0000a4517d40    00000080                                              : ClockP_freertos.obj (.text:ClockP_usleep)
                  0000a4517dc0    00000080                                              : DebugP_shmLogWriter.obj (.text:DebugP_shmLogWriterInit)
                  0000a4517e40    00000080     ti_dpl_config.obj (.text:Dpl_init)
                  0000a4517ec0    00000080     freertos.j722s.c75x.ti-c7000.release.lib : Exception.obj (.text:Exception_Module_startup)
                  0000a4517f40    00000080                                              : HwiP_freertos_c7x.obj (.text:HwiP_disable)
                  0000a4517fc0    00000080                                              : HwiP_freertos_c7x.obj (.text:HwiP_disableInt)
                  0000a4518040    00000080                                              : HwiP_freertos_c7x.obj (.text:HwiP_restore)
                  0000a45180c0    00000080                                              : HwiP_c75.obj (.text:Hwi_construct)
                  0000a4518140    00000080                                              : HwiP_c75.obj (.text:Hwi_disableIER)
                  0000a45181c0    00000080                                              : HwiP_freertos_c7x.obj (.text:Hwi_dispatchC)
                  0000a4518240    00000080                                              : HwiP_c75.obj (.text:Hwi_enableIER)
                  0000a45182c0    00000080                                              : HwiP_c75.obj (.text:Hwi_eventMap)
                  0000a4518340    00000080                                              : HwiP_c75.obj (.text:Hwi_postInit)
                  0000a45183c0    00000080                                              : HwiP_c75.obj (.text:Hwi_secureStart)
                  0000a4518440    00000080                                              : Hwi_switch_asm.obj (.text:Hwi_switchAndDispatch)
                  0000a45184c0    00000080                                              : Hwi_asm.obj (.text:Hwi_switchToNS)
                  0000a4518540    00000080     drivers.j722s.c75ss1-0.ti-c7000.release.lib : ipc_notify_v0.obj (.text:IpcNotify_getReadMailbox)
                  0000a45185c0    00000080                                                 : ipc_notify_v0.obj (.text:IpcNotify_getWriteMailbox)
                  0000a4518640    00000080                                                 : ipc_notify_v0.obj (.text:IpcNotify_unregisterClient)
                  0000a45186c0    00000080     freertos.j722s.c75x.ti-c7000.release.lib : MmuP_c75.obj (.text:MmuP_addTableEntry)
                  0000a4518740    00000080                                              : MmuP_c75.obj (.text:MmuP_disable)
                  0000a45187c0    00000080                                              : MmuP_c75.obj (.text:MmuP_enable)
                  0000a4518840    00000080     drivers.j722s.c75ss1-0.ti-c7000.release.lib : ipc_rpmsg.obj (.text:RPMessage_controlEndPtHandler)
                  0000a45188c0    00000080                                                 : ipc_rpmsg.obj (.text:RPMessage_controlEndPtInit)
                  0000a4518940    00000080                                                 : ipc_rpmsg.obj (.text:RPMessage_freeEndPtMsg)
                  0000a45189c0    00000080                                                 : ipc_rpmsg.obj (.text:RPMessage_putEndPtMsg)
                  0000a4518a40    00000080                                                 : ipc_rpmsg.obj (.text:RPMessage_queueGet)
                  0000a4518ac0    00000080                                                 : ipc_rpmsg_vring.obj (.text:RPMessage_vringGetSize)
                  0000a4518b40    00000080                                                 : sciclient.obj (.text:Sciclient_secProxyReadThread32)
                  0000a4518bc0    00000080                                                 : sciclient.obj (.text:Sciclient_secProxyWaitThread)
                  0000a4518c40    00000080     freertos.j722s.c75x.ti-c7000.release.lib : TaskP_freertos.obj (.text:TaskP_addToRegistry)
                  0000a4518cc0    00000080                                              : DebugP_log.obj (.text:_DebugP_assertNoLog)
                  0000a4518d40    00000080     rts7524_le.lib : args_main.c.obj (.text:_args_main)
                  0000a4518dc0    00000080     freertos.j722s.c75x.ti-c7000.release.lib : printf.obj (.text:_atoi)
                  0000a4518e40    00000080                                              : printf.obj (.text:_strnlen_s)
                  0000a4518ec0    00000080     rts7524_le.lib : memset.c.obj (.text:memset)
                  0000a4518f40    00000080     freertos.j722s.c75x.ti-c7000.release.lib : queue.obj (.text:prvCopyDataFromQueue)
                  0000a4518fc0    00000080                                              : queue.obj (.text:prvInitialiseMutex)
                  0000a4519040    00000080                                              : queue.obj (.text:prvInitialiseNewQueue)
                  0000a45190c0    00000080                                              : queue.obj (.text:prvIsQueueEmpty)
                  0000a4519140    00000080                                              : queue.obj (.text:prvIsQueueFull)
                  0000a45191c0    00000080                                              : timers.obj (.text:prvSampleTimeNow)
                  0000a4519240    00000080                                              : tasks.obj (.text:prvTaskCheckFreeStackSpace)
                  0000a45192c0    00000080                                              : port.obj (.text:prvTaskExitError)
                  0000a4519340    00000080                                              : port.obj (.text:pxPortInitialiseStack)
                  0000a45193c0    00000080                                              : printf.obj (.text:snprintf_)
                  0000a4519440    00000080     rts7524_le.lib : strlen.c.obj (.text:strlen)
                  0000a45194c0    00000080     freertos.j722s.c75x.ti-c7000.release.lib : TaskP_freertos.obj (.text:vApplicationLoadHook)
                  0000a4519540    00000080                                              : port.obj (.text:vApplicationStackOverflowHook)
                  0000a45195c0    00000080                                              : port.obj (.text:vPortAssertIfInISR)
                  0000a4519640    00000080                                              : port.obj (.text:vPortYieldAsyncFromISR)
                  0000a45196c0    00000080                                              : tasks.obj (.text:vTaskEnterCritical)
                  0000a4519740    00000080                                              : tasks.obj (.text:vTaskExitCritical)
                  0000a45197c0    00000080                                              : printf.obj (.text:vprintf_)
                  0000a4519840    00000080     rts7524_le.lib : wcslen.c.obj (.text:wcslen)
                  0000a45198c0    00000080     freertos.j722s.c75x.ti-c7000.release.lib : queue.obj (.text:xQueueCreateMutexStatic)
                  0000a4519940    00000080                                              : tasks.obj (.text:xTaskGetIdleTaskHandle)
                  0000a45199c0    00000040     ti_board_open_close.obj (.text:Board_driversClose)
                  0000a4519a00    00000040     ti_board_open_close.obj (.text:Board_driversOpen)
                  0000a4519a40    00000040     ti_board_config.obj (.text:Board_init)
                  0000a4519a80    00000040     drivers.j722s.c75ss1-0.ti-c7000.release.lib : sciclient.obj (.text:CSL_REG32_FEXT_RAW)
                  0000a4519ac0    00000040     freertos.j722s.c75x.ti-c7000.release.lib : csl_clec.obj (.text:CSL_REG32_FINS_RAW)
                  0000a4519b00    00000040     drivers.j722s.c75ss1-0.ti-c7000.release.lib : sciclient.obj (.text:CSL_REG32_RD_RAW)
                  0000a4519b40    00000040     freertos.j722s.c75x.ti-c7000.release.lib : csl_clec.obj (.text:CSL_REG32_RD_RAW)
                  0000a4519b80    00000040     drivers.j722s.c75ss1-0.ti-c7000.release.lib : pinmux.obj (.text:CSL_REG32_WR_RAW)
                  0000a4519bc0    00000040                                                 : sciclient.obj (.text:CSL_REG32_WR_RAW)
                  0000a4519c00    00000040                                                 : soc.obj (.text:CSL_REG32_WR_RAW)
                  0000a4519c40    00000040     freertos.j722s.c75x.ti-c7000.release.lib : csl_clec.obj (.text:CSL_REG32_WR_RAW)
                  0000a4519c80    00000040                                              : csl_clec.obj (.text:CSL_REG64_FEXT_RAW)
                  0000a4519cc0    00000040                                              : csl_clec.obj (.text:CSL_REG64_RD_RAW)
                  0000a4519d00    00000040                                              : csl_clec.obj (.text:CSL_clecGetC7xClusterId)
                  0000a4519d40    00000040     drivers.j722s.c75ss1-0.ti-c7000.release.lib : csl_sec_proxy.obj (.text:CSL_secProxyGetDataAddr)
                  0000a4519d80    00000040     freertos.j722s.c75x.ti-c7000.release.lib : CacheP_c75.obj (.text:CacheP_Module_startup)
                  0000a4519dc0    00000040                                              : CacheP_c75_asm.obj (.text:CacheP_getL1DCFG)
                  0000a4519e00    00000040                                              : CacheP_c75_asm.obj (.text:CacheP_setL1DCFG)
                  0000a4519e40    00000040                                              : CacheP_c75.obj (.text:CacheP_wait)
                  0000a4519e80    00000040                                              : ClockP_freertos.obj (.text:ClockP_getTicks)
                  0000a4519ec0    00000040                                              : ClockP_freertos_c75.obj (.text:ClockP_getTimerCount)
                  0000a4519f00    00000040                                              : ClockP_freertos.obj (.text:ClockP_sleepTicks)
                  0000a4519f40    00000040                                              : ClockP_freertos.obj (.text:ClockP_ticksToUsec)
                  0000a4519f80    00000040                                              : ClockP_freertos_c75.obj (.text:ClockP_timerClearOverflowInt)
                  0000a4519fc0    00000040                                              : ClockP_freertos.obj (.text:ClockP_timerTickIsr)
                  0000a451a000    00000040                                              : ClockP_freertos.obj (.text:ClockP_usecToTicks)
                  0000a451a040    00000040                                              : DebugP_memTraceLogWriter.obj (.text:DebugP_memLogWriterInit)
                  0000a451a080    00000040     ti_drivers_open_close.obj (.text:Drivers_close)
                  0000a451a0c0    00000040     ti_drivers_open_close.obj (.text:Drivers_open)
                  0000a451a100    00000040     freertos.j722s.c75x.ti-c7000.release.lib : c7x_module_config.obj (.text:ExceptionHook)
                  0000a451a140    00000040                                              : c7x_module_config.obj (.text:ExceptionInternalHook)
                  0000a451a180    00000040                                              : HwiP_freertos_c7x.obj (.text:HwiP_Params_init)
                  0000a451a1c0    00000040                                              : HwiP_c75.obj (.text:HwiP_enable)
                  0000a451a200    00000040                                              : HwiP_freertos_c7x.obj (.text:HwiP_enableInt)
                  0000a451a240    00000040                                              : HwiP_c75.obj (.text:HwiP_inISR)
                  0000a451a280    00000040                                              : HwiP_c75.obj (.text:HwiP_init)
                  0000a451a2c0    00000040                                              : HwiP_c75.obj (.text:Hwi_Params__init__S)
                  0000a451a300    00000040                                              : HwiP_c75.obj (.text:Hwi_Params_init)
                  0000a451a340    00000040                                              : Hwi_asm.obj (.text:Hwi_disable)
                  0000a451a380    00000040                                              : Hwi_asm.obj (.text:Hwi_enable)
                  0000a451a3c0    00000040                                              : Hwi_asm.obj (.text:Hwi_getCXM)
                  0000a451a400    00000040                                              : HwiP_c75.obj (.text:Hwi_getEventId)
                  0000a451a440    00000040                                              : HwiP_c75.obj (.text:Hwi_getIsrStackAddress)
                  0000a451a480    00000040                                              : Startup.obj (.text:Hwi_initStackMin)
                  0000a451a4c0    00000040                                              : Hwi_asm.obj (.text:Hwi_restore)
                  0000a451a500    00000040                                              : Hwi_asm.obj (.text:Hwi_setCOP)
                  0000a451a540    00000040                                              : HwiP_c75.obj (.text:Hwi_switchFromBootStack)
                  0000a451a580    00000040                                              : IntrinsicsSupport.obj (.text:IntrinsicsSupport_maxbit)
                  0000a451a5c0    00000040                                              : IntrinsicsSupport.obj (.text:IntrinsicsSupport_mfence)
                  0000a451a600    00000040     drivers.j722s.c75ss1-0.ti-c7000.release.lib : ipc_notify_v0.obj (.text:IpcNotify_Params_init)
                  0000a451a640    00000040     ti_drivers_config.obj (.text:IpcNotify_getConfig)
                  0000a451a680    00000040     drivers.j722s.c75ss1-0.ti-c7000.release.lib : ipc_notify_v0.obj (.text:IpcNotify_getSelfCoreId)
                  0000a451a6c0    00000040                                                 : ipc_notify_v0.obj (.text:IpcNotify_isCoreEnabled)
                  0000a451a700    00000040                                                 : ipc_notify_v0.obj (.text:IpcNotify_mailboxClearInt)
                  0000a451a740    00000040                                                 : ipc_notify_v0.obj (.text:IpcNotify_mailboxEnableInt)
                  0000a451a780    00000040                                                 : ipc_notify_v0.obj (.text:IpcNotify_mailboxGetNumMsg)
                  0000a451a7c0    00000040                                                 : ipc_notify_v0.obj (.text:IpcNotify_mailboxIsFull)
                  0000a451a800    00000040                                                 : ipc_notify_v0.obj (.text:IpcNotify_mailboxRead)
                  0000a451a840    00000040                                                 : ipc_notify_v0.obj (.text:IpcNotify_mailboxWrite)
                  0000a451a880    00000040                                                 : ipc_notify_v0.obj (.text:IpcNotify_makeMsg)
                  0000a451a8c0    00000040                                                 : ipc_notify_v0.obj (.text:IpcNotify_sendSync)
                  0000a451a900    00000040                                                 : ipc_notify_v0.obj (.text:IpcNotify_syncCallback)
                  0000a451a940    00000040     freertos.j722s.c75x.ti-c7000.release.lib : MmuP_c75.obj (.text:MmuP_disableI)
                  0000a451a980    00000040                                              : MmuP_c75.obj (.text:MmuP_enableI)
                  0000a451a9c0    00000040                                              : MmuP_c75.obj (.text:MmuP_enableI_secure)
                  0000a451aa00    00000040                                              : MmuP_c75.obj (.text:MmuP_freeTable)
                  0000a451aa40    00000040                                              : Mmu_asm.obj (.text:MmuP_isEnabled)
                  0000a451aa80    00000040                                              : Mmu_asm.obj (.text:MmuP_setMAIRAsm)
                  0000a451aac0    00000040                                              : Mmu_asm.obj (.text:MmuP_setTCR)
                  0000a451ab00    00000040                                              : Mmu_asm.obj (.text:MmuP_tlbInvAll)
                  0000a451ab40    00000040                                              : Mmu_asm.obj (.text:Mmu_init)
                  0000a451ab80    00000040     ti_pinmux_config.obj (.text:Pinmux_init)
                  0000a451abc0    00000040     ti_power_clock_config.obj (.text:PowerClock_init)
                  0000a451ac00    00000040     drivers.j722s.c75ss1-0.ti-c7000.release.lib : ipc_rpmsg.obj (.text:RPMessage_CreateParams_init)
                  0000a451ac40    00000040                                                 : ipc_rpmsg_vring.obj (.text:RPMessage_align)
                  0000a451ac80    00000040                                                 : ipc_rpmsg.obj (.text:RPMessage_getLocalEndPt)
                  0000a451acc0    00000040                                                 : ipc_rpmsg.obj (.text:RPMessage_isLinuxCore)
                  0000a451ad00    00000040                                                 : ipc_rpmsg.obj (.text:RPMessage_queuePut)
                  0000a451ad40    00000040                                                 : ipc_rpmsg.obj (.text:RPMessage_queueReset)
                  0000a451ad80    00000040                                                 : ipc_rpmsg.obj (.text:RPMessage_unblock)
                  0000a451adc0    00000040                                                 : ipc_rpmsg_vring.obj (.text:RPMessage_vringGetRxBufAddr)
                  0000a451ae00    00000040                                                 : ipc_rpmsg_vring.obj (.text:RPMessage_vringGetTxBufAddr)
                  0000a451ae40    00000040                                                 : ipc_rpmsg_vring.obj (.text:RPMessage_vringGetTxBufLen)
                  0000a451ae80    00000040                                                 : soc.obj (.text:SOC_getCoreName)
                  0000a451aec0    00000040                                                 : sciclient.obj (.text:Sciclient_secProxyReadThreadCount)
                  0000a451af00    00000040                                                 : sciclient.obj (.text:Sciclient_secProxyThreadStatusReg)
                  0000a451af40    00000040                                                 : sciclient.obj (.text:Sciclient_secProxyVerifyThread)
                  0000a451af80    00000040     freertos.j722s.c75x.ti-c7000.release.lib : SemaphoreP_freertos.obj (.text:SemaphoreP_destruct)
                  0000a451afc0    00000040                                              : TaskP_freertos.obj (.text:TaskP_Params_init)
                  0000a451b000    00000040                                              : TaskP_freertos.obj (.text:TaskP_calcCounterDiff)
                  0000a451b040    00000040                                              : TaskSupport.obj (.text:TaskSupport_getStackAlignment)
                  0000a451b080    00000040                                              : TaskSupport_asm.obj (.text:TaskSupport_glue)
                  0000a451b0c0    00000040                                              : TaskSupport_asm.obj (.text:TaskSupport_glueUnpriv)
                  0000a451b100    00000040                                              : port.obj (.text:Task_enter)
                  0000a451b140    00000040                                              : TimerP.obj (.text:TimerP_Params_init)
                  0000a451b180    00000040                                              : TimerP.obj (.text:TimerP_clearOverflowInt)
                  0000a451b1c0    00000040                                              : TimerP.obj (.text:TimerP_getCount)
                  0000a451b200    00000040                                              : TimerP.obj (.text:TimerP_getReloadCount)
                  0000a451b240    00000040                                              : TimerP.obj (.text:TimerP_start)
                  0000a451b280    00000040                                              : TimerP.obj (.text:TimerP_stop)
                  0000a451b2c0    00000040     drivers.j722s.c75ss1-0.ti-c7000.release.lib : utils.obj (.text:Utils_dataAndInstructionBarrier)
                  0000a451b300    00000040     rts7524_le.lib : fixdlli.c.obj (.text:__c7xabi_fixdlli)
                  0000a451b340    00000040                    : fixdull.c.obj (.text:__c7xabi_fixdull)
                  0000a451b380    00000040                    : fltllid.c.obj (.text:__c7xabi_fltllid)
                  0000a451b3c0    00000040                    : fltulld.c.obj (.text:__c7xabi_fltulld)
                  0000a451b400    00000040                    : imath64.c.obj (.text:__c7xabi_remull)
                  0000a451b440    00000040                    : boot.c.obj (.text:_c_int00)
                  0000a451b480    00000040     freertos.j722s.c75x.ti-c7000.release.lib : printf.obj (.text:_is_digit)
                  0000a451b4c0    00000040                                              : printf.obj (.text:_out_buffer)
                  0000a451b500    00000040                                              : printf.obj (.text:_out_char)
                  0000a451b540    00000040                                              : printf.obj (.text:_out_null)
                  0000a451b580    00000040     rts7524_le.lib : snprintf.c.obj (.text:_outc)
                  0000a451b5c0    00000040     freertos.j722s.c75x.ti-c7000.release.lib : boot_c75.obj (.text:_system_post_cinit)
                  0000a451b600    00000040                                              : boot_c75.obj (.text:_system_pre_init)
                  0000a451b640    00000040     rts7524_le.lib : exit.c.obj (.text:abort)
                  0000a451b680    00000040     freertos.j722s.c75x.ti-c7000.release.lib : Startup.obj (.text:c7x_startup_init)
                  0000a451b6c0    00000040     rts7524_le.lib : s_copysign.c.obj (.text:copysign)
                  0000a451b700    00000040                    : exit.c.obj (.text:exit)
                  0000a451b740    00000040     main.obj (.text:freertos_main)
                  0000a451b780    00000040     rts7524_le.lib : memccpy.c.obj (.text:memccpy)
                  0000a451b7c0    00000040     freertos.j722s.c75x.ti-c7000.release.lib : queue.obj (.text:prvGetDisinheritPriorityAfterTimeout)
                  0000a451b800    00000040                                              : timers.obj (.text:prvGetNextExpireTime)
                  0000a451b840    00000040                                              : tasks.obj (.text:prvIdleTask)
                  0000a451b880    00000040                                              : tasks.obj (.text:prvResetNextTaskUnblockTime)
                  0000a451b8c0    00000040                                              : timers.obj (.text:prvTimerTask)
                  0000a451b900    00000040     ti_dpl_config.obj (.text:putchar_)
                  0000a451b940    00000040     freertos.j722s.c75x.ti-c7000.release.lib : tasks.obj (.text:pvTaskIncrementMutexHeldCount)
                  0000a451b980    00000040                                              : port.obj (.text:ti_sysbios_knl_Task_Func)
                  0000a451b9c0    00000040                                              : port.obj (.text:uiPortGetRunTimeCounterValue)
                  0000a451ba00    00000040                                              : list.obj (.text:uxListRemove)
                  0000a451ba40    00000040                                              : port.obj (.text:vApplicationGetIdleTaskMemory)
                  0000a451ba80    00000040                                              : port.obj (.text:vApplicationGetTimerTaskMemory)
                  0000a451bac0    00000040                                              : port.obj (.text:vApplicationIdleHook)
                  0000a451bb00    00000040                                              : list.obj (.text:vListInitialise)
                  0000a451bb40    00000040                                              : list.obj (.text:vListInitialiseItem)
                  0000a451bb80    00000040                                              : list.obj (.text:vListInsertEnd)
                  0000a451bbc0    00000040                                              : port.obj (.text:vPortConfigTimerForRunTimeStats)
                  0000a451bc00    00000040                                              : port.obj (.text:vPortRestoreTaskContext)
                  0000a451bc40    00000040                                              : port.obj (.text:vPortTimerTickHandler)
                  0000a451bc80    00000040                                              : port.obj (.text:vPortValidateInterruptPriority)
                  0000a451bcc0    00000040                                              : port.obj (.text:vPortYeildFromISR)
                  0000a451bd00    00000040                                              : queue.obj (.text:vQueueAddToRegistry)
                  0000a451bd40    00000040                                              : queue.obj (.text:vQueueUnregisterQueue)
                  0000a451bd80    00000040                                              : tasks.obj (.text:vTaskInternalSetTimeOutState)
                  0000a451bdc0    00000040                                              : tasks.obj (.text:vTaskMissedYield)
                  0000a451be00    00000040                                              : tasks.obj (.text:vTaskSuspendAll)
                  0000a451be40    00000040                                              : port.obj (.text:xPortInIsrContext)
                  0000a451be80    00000040                                              : port.obj (.text:xPortStartScheduler)
                  0000a451bec0    00000040                                              : tasks.obj (.text:xTaskGetCurrentTaskHandle)
                  0000a451bf00    00000040                                              : tasks.obj (.text:xTaskGetSchedulerState)
                  0000a451bf40    00000040                                              : tasks.obj (.text:xTaskGetTickCount)

.text:_c_int00_secure 
*          0    0000a4600000    00000040     
                  0000a4600000    00000040     freertos.j722s.c75x.ti-c7000.release.lib : boot_c75.obj (.text:_c_int00_secure:_c_int00_secure)

.cinit     0    0000a4411000    00000000     UNINITIALIZED

.init_array 
*          0    0000a4411000    00000000     UNINITIALIZED

.stack     0    0000a44c0000    00020000     UNINITIALIZED
                  0000a44c0000    00000010     rts7524_le.lib : boot.c.obj (.stack)
                  0000a44c0010    0001fff0     --HOLE--

.args      0    0000a44f6878    00001000     
                  0000a44f6878    00001000     --HOLE-- [fill = 0]

.const     0    0000a44f2008    00003045     
                  0000a44f2008    00000b8c     freertos.j722s.c75x.ti-c7000.release.lib : Exception.obj (.const:.string)
                  0000a44f2b94    000005e4                                              : queue.obj (.const:.string)
                  0000a44f3178    000005cc                                              : tasks.obj (.const:.string)
                  0000a44f3744    000002e8     drivers.j722s.c75ss1-0.ti-c7000.release.lib : ipc_rpmsg.obj (.const:.string)
                  0000a44f3a2c    000002cc     task_main.obj (.const:.string)
                  0000a44f3cf8    00000198     freertos.j722s.c75x.ti-c7000.release.lib : timers.obj (.const:.string)
                  0000a44f3e90    00000168                                              : heap_4.obj (.const:.string)
                  0000a44f3ff8    00000158                                              : TaskP_freertos.obj (.const:.string)
                  0000a44f4150    0000014c     drivers.j722s.c75ss1-0.ti-c7000.release.lib : ipc_notify_v0.obj (.const:.string)
                  0000a44f429c    00000118                                                 : sciclient_fmwSecureProxyMap.obj (.const:gSciclientMap)
                  0000a44f43b4    0000010c     freertos.j722s.c75x.ti-c7000.release.lib : TimerP.obj (.const:.string)
                  0000a44f44c0    00000101     rts7524_le.lib : ctype.c.obj (.const:.string:_ctypes_)
                  0000a44f45c1    00000001     freertos.j722s.c75x.ti-c7000.release.lib : c7x_module_config.obj (.const:Exception_enablePrint)
                  0000a44f45c2    00000001                                              : c7x_module_config.obj (.const:Exception_useInternalBuffer)
                  0000a44f45c3    00000001                                              : HwiP_c75.obj (.const:Hwi_bootToNonSecure)
                  0000a44f45c4    00000100                                              : ClockP_freertos_c75.obj (.const:.string)
                  0000a44f46c4    00000094                                              : TaskSupport.obj (.const:.string)
                  0000a44f4758    00000094                                              : port.obj (.const:.string)
                  0000a44f47ec    00000088                                              : SemaphoreP_freertos.obj (.const:.string)
                  0000a44f4874    00000074     drivers.j722s.c75ss1-0.ti-c7000.release.lib : soc.obj (.const:.string)
                  0000a44f48e8    00000054     main.obj (.const:.string)
                  0000a44f493c    00000004     freertos.j722s.c75x.ti-c7000.release.lib : c7x_module_config.obj (.const:Hwi_DEFAULT_INT_PRIORITY)
                  0000a44f4940    00000050                                              : printf.obj (.const:pow10$1)
                  0000a44f4990    00000040                                              : HwiP_c75.obj (.const:.string)
                  0000a44f49d0    0000003c     drivers.j722s.c75ss1-0.ti-c7000.release.lib : ipc_rpmsg_vring.obj (.const:.string)
                  0000a44f4a0c    00000038     ti_drivers_config.obj (.const:.string)
                  0000a44f4a44    00000030     freertos.j722s.c75x.ti-c7000.release.lib : DebugP_log.obj (.const:.string)
                  0000a44f4a74    00000004                                              : TaskSupport.obj (.const:OS_mpeEnabled)
                  0000a44f4a78    00000028                                              : HwiP_c75.obj (.const:Hwi_Object__PARAMS__C)
                  0000a44f4aa0    00000024                                              : tasks.obj (.const:.string:$P$T32$33)
                  0000a44f4ac4    00000024     rts7524_le.lib : _printfi.c.obj (.const:.string)
                  0000a44f4ae8    00000020     freertos.j722s.c75x.ti-c7000.release.lib : tasks.obj (.const:.string:$P$T24$25)
                  0000a44f4b08    0000001e                                              : port.obj (.const:.string:$P$T7$8)
                  0000a44f4b26    00000002     --HOLE-- [fill = 0]
                  0000a44f4b28    0000001c     task_main.obj (.const:.string:$P$T8$9)
                  0000a44f4b44    0000001c     freertos.j722s.c75x.ti-c7000.release.lib : DebugP_memTraceLogWriter.obj (.const:.string)
                  0000a44f4b60    0000001c                                              : DebugP_shmLogWriter.obj (.const:.string)
                  0000a44f4b7c    0000001b                                              : timers.obj (.const:.string:$P$T17$19)
                  0000a44f4b97    00000001     --HOLE-- [fill = 0]
                  0000a44f4b98    0000001b                                              : SemaphoreP_freertos.obj (.const:.string:$P$T6$7)
                  0000a44f4bb3    00000001     --HOLE-- [fill = 0]
                  0000a44f4bb4    0000001b                                              : TaskSupport.obj (.const:.string:$P$T6$7)
                  0000a44f4bcf    00000001     --HOLE-- [fill = 0]
                  0000a44f4bd0    0000001a                                              : queue.obj (.const:.string:$P$T7$8)
                  0000a44f4bea    00000002     --HOLE-- [fill = 0]
                  0000a44f4bec    0000001a                                              : SemaphoreP_freertos.obj (.const:.string:$P$T8$9)
                  0000a44f4c06    00000002     --HOLE-- [fill = 0]
                  0000a44f4c08    00000019                                              : queue.obj (.const:.string:$P$T10$11)
                  0000a44f4c21    00000003     --HOLE-- [fill = 0]
                  0000a44f4c24    00000019                                              : queue.obj (.const:.string:$P$T14$15)
                  0000a44f4c3d    00000003     --HOLE-- [fill = 0]
                  0000a44f4c40    00000019                                              : tasks.obj (.const:.string:$P$T25$26)
                  0000a44f4c59    00000003     --HOLE-- [fill = 0]
                  0000a44f4c5c    00000019                                              : queue.obj (.const:.string:$P$T9$10)
                  0000a44f4c75    00000003     --HOLE-- [fill = 0]
                  0000a44f4c78    00000018                                              : tasks.obj (.const:.string:$P$T31$32)
                  0000a44f4c90    00000018     task_main.obj (.const:.string:$P$T7$8)
                  0000a44f4ca8    00000018     freertos.j722s.c75x.ti-c7000.release.lib : MmuP_c75.obj (.const:Mmu_configInfo)
                  0000a44f4cc0    00000017                                              : timers.obj (.const:.string:$P$T16$17)
                  0000a44f4cd7    00000001     --HOLE-- [fill = 0]
                  0000a44f4cd8    00000017                                              : tasks.obj (.const:.string:$P$T18$19)
                  0000a44f4cef    00000001     --HOLE-- [fill = 0]
                  0000a44f4cf0    00000016                                              : tasks.obj (.const:.string:$P$T22$23)
                  0000a44f4d06    00000002     --HOLE-- [fill = 0]
                  0000a44f4d08    00000016                                              : timers.obj (.const:.string:$P$T6$7)
                  0000a44f4d1e    00000002     --HOLE-- [fill = 0]
                  0000a44f4d20    00000015     drivers.j722s.c75ss1-0.ti-c7000.release.lib : ipc_rpmsg_vring.obj (.const:.string:$P$T0$1)
                  0000a44f4d35    00000003     --HOLE-- [fill = 0]
                  0000a44f4d38    00000015     freertos.j722s.c75x.ti-c7000.release.lib : queue.obj (.const:.string:$P$T19$20)
                  0000a44f4d4d    00000003     --HOLE-- [fill = 0]
                  0000a44f4d50    00000015                                              : tasks.obj (.const:.string:$P$T28$29)
                  0000a44f4d65    00000003     --HOLE-- [fill = 0]
                  0000a44f4d68    00000015                                              : tasks.obj (.const:.string:$P$T7$8)
                  0000a44f4d7d    00000003     --HOLE-- [fill = 0]
                  0000a44f4d80    00000015                                              : timers.obj (.const:.string:$P$T9$10)
                  0000a44f4d95    00000003     --HOLE-- [fill = 0]
                  0000a44f4d98    00000014                                              : tasks.obj (.const:.string:$P$T15$16)
                  0000a44f4dac    00000014                                              : queue.obj (.const:.string:$P$T17$18)
                  0000a44f4dc0    00000014                                              : timers.obj (.const:.string:$P$T18$20)
                  0000a44f4dd4    00000014     drivers.j722s.c75ss1-0.ti-c7000.release.lib : ipc_rpmsg.obj (.const:.string:$P$T2$3)
                  0000a44f4de8    00000014     task_main.obj (.const:.string:$P$T9$10)
                  0000a44f4dfc    00000014     freertos.j722s.c75x.ti-c7000.release.lib : printf.obj (.const:.string)
                  0000a44f4e10    00000013                                              : tasks.obj (.const:.string:$P$T20$21)
                  0000a44f4e23    00000001     --HOLE-- [fill = 0]
                  0000a44f4e24    00000013                                              : tasks.obj (.const:.string:$P$T21$22)
                  0000a44f4e37    00000001     --HOLE-- [fill = 0]
                  0000a44f4e38    00000013                                              : queue.obj (.const:.string:$P$T6$7)
                  0000a44f4e4b    00000001     --HOLE-- [fill = 0]
                  0000a44f4e4c    00000013     task_main.obj (.const:.string:$P$T6$7)
                  0000a44f4e5f    00000001     --HOLE-- [fill = 0]
                  0000a44f4e60    00000013     freertos.j722s.c75x.ti-c7000.release.lib : port.obj (.const:.string:$P$T8$13)
                  0000a44f4e73    00000012     drivers.j722s.c75ss1-0.ti-c7000.release.lib : sciclient_pm.obj (.const:$P$T0$1)
                  0000a44f4e85    00000003     --HOLE-- [fill = 0]
                  0000a44f4e88    00000012                                                 : ipc_notify_v0.obj (.const:.string:$P$T0$1)
                  0000a44f4e9a    00000002     --HOLE-- [fill = 0]
                  0000a44f4e9c    00000012     freertos.j722s.c75x.ti-c7000.release.lib : queue.obj (.const:.string:$P$T13$14)
                  0000a44f4eae    00000002     --HOLE-- [fill = 0]
                  0000a44f4eb0    00000012                                              : queue.obj (.const:.string:$P$T15$16)
                  0000a44f4ec2    00000002     --HOLE-- [fill = 0]
                  0000a44f4ec4    00000012                                              : tasks.obj (.const:.string:$P$T6$7)
                  0000a44f4ed6    00000011     drivers.j722s.c75ss1-0.ti-c7000.release.lib : sciclient_pm.obj (.const:$P$T3$4)
                  0000a44f4ee7    00000001     --HOLE-- [fill = 0]
                  0000a44f4ee8    00000011     freertos.j722s.c75x.ti-c7000.release.lib : port.obj (.const:.string:$P$T6$7)
                  0000a44f4ef9    00000010     drivers.j722s.c75ss1-0.ti-c7000.release.lib : sciclient_pm.obj (.const:$P$T5$6)
                  0000a44f4f09    00000003     --HOLE-- [fill = 0]
                  0000a44f4f0c    00000010     freertos.j722s.c75x.ti-c7000.release.lib : HwiP_c75.obj (.const:.string:$P$T6$7)
                  0000a44f4f1c    00000010                                              : TaskP_freertos.obj (.const:.string:$P$T6$7)
                  0000a44f4f2c    0000000f     drivers.j722s.c75ss1-0.ti-c7000.release.lib : ipc_rpmsg.obj (.const:.string:$P$T0$1)
                  0000a44f4f3b    00000001     --HOLE-- [fill = 0]
                  0000a44f4f3c    0000000f                                                 : ipc_notify_v0.obj (.const:.string:$P$T1$2)
                  0000a44f4f4b    00000001     --HOLE-- [fill = 0]
                  0000a44f4f4c    0000000f                                                 : ipc_rpmsg.obj (.const:.string:$P$T1$2)
                  0000a44f4f5b    00000001     --HOLE-- [fill = 0]
                  0000a44f4f5c    0000000f     freertos.j722s.c75x.ti-c7000.release.lib : tasks.obj (.const:.string:$P$T16$17)
                  0000a44f4f6b    00000001     --HOLE-- [fill = 0]
                  0000a44f4f6c    0000000e                                              : tasks.obj (.const:.string:$P$T10$11)
                  0000a44f4f7a    00000002     --HOLE-- [fill = 0]
                  0000a44f4f7c    0000000e                                              : queue.obj (.const:.string:$P$T16$17)
                  0000a44f4f8a    0000000d     drivers.j722s.c75ss1-0.ti-c7000.release.lib : sciclient_pm.obj (.const:$P$T2$3)
                  0000a44f4f97    0000000d                                                 : sciclient_pm.obj (.const:$P$T4$5)
                  0000a44f4fa4    0000000d     freertos.j722s.c75x.ti-c7000.release.lib : TimerP.obj (.const:.string:$P$T0$1)
                  0000a44f4fb1    00000003     --HOLE-- [fill = 0]
                  0000a44f4fb4    0000000d                                              : queue.obj (.const:.string:$P$T24$25)
                  0000a44f4fc1    00000003     --HOLE-- [fill = 0]
                  0000a44f4fc4    0000000d                                              : tasks.obj (.const:.string:$P$T30$31)
                  0000a44f4fd1    00000003     --HOLE-- [fill = 0]
                  0000a44f4fd4    0000000c     ti_drivers_config.obj (.const:.string:$P$T0$1)
                  0000a44f4fe0    0000000c     freertos.j722s.c75x.ti-c7000.release.lib : ClockP_freertos_c75.obj (.const:.string:$P$T6$7)
                  0000a44f4fec    0000000c                                              : tasks.obj (.const:.string:$P$T8$9)
                  0000a44f4ff8    0000000b                                              : tasks.obj (.const:.string:$P$T9$10)
                  0000a44f5003    0000000a     drivers.j722s.c75ss1-0.ti-c7000.release.lib : sciclient_pm.obj (.const:$P$T1$2)
                  0000a44f500d    00000003     --HOLE-- [fill = 0]
                  0000a44f5010    0000000a     freertos.j722s.c75x.ti-c7000.release.lib : heap_4.obj (.const:.string:$P$T7$8)
                  0000a44f501a    00000006     --HOLE-- [fill = 0]
                  0000a44f5020    00000008                                              : c7x_module_config.obj (.const:Exception_exceptionHook)
                  0000a44f5028    00000008                                              : c7x_module_config.obj (.const:Exception_internalHook)
                  0000a44f5030    00000008                                              : HwiP_freertos_c7x.obj (.const:Hwi_vectorTableBase)
                  0000a44f5038    00000008                                              : c7x_module_config.obj (.const:Mmu_initFunc)
                  0000a44f5040    00000008                                              : tasks.obj (.const)
                  0000a44f5048    00000005     main.obj (.const:.string:$P$T6$7)

.data.Mmu_tableArray 
*          0    0000a44e0000    00000000     UNINITIALIZED

.data.Mmu_tableArraySlot 
*          0    0000a44e0000    00000000     UNINITIALIZED

.data.Mmu_level1Table 
*          0    0000a44e0000    00000008     UNINITIALIZED
                  0000a44e0000    00000008     freertos.j722s.c75x.ti-c7000.release.lib : MmuP_c75.obj (.data.Mmu_level1Table)

.data.gMmu_tableArray_NS 
*          0    0000a44e1000    00010000     UNINITIALIZED
                  0000a44e1000    00010000     freertos.j722s.c75x.ti-c7000.release.lib : MmuP_c75.obj (.data.gMmu_tableArray_NS)

.data.Mmu_tableArraySlot_NS 
*          0    0000a44f1000    00000008     UNINITIALIZED
                  0000a44f1000    00000008     freertos.j722s.c75x.ti-c7000.release.lib : MmuP_c75.obj (.data.Mmu_tableArraySlot_NS)

.data.Mmu_level1Table_NS 
*          0    0000a44f2000    00000008     UNINITIALIZED
                  0000a44f2000    00000008     freertos.j722s.c75x.ti-c7000.release.lib : MmuP_c75.obj (.data.Mmu_level1Table_NS)

.resource_table 
*          0    0000a4100000    0000008c     
                  0000a4100000    0000008c     ti_drivers_config.obj (.resource_table)

.bss.debug_mem_trace_buf 
*          0    0000a4100400    00001000     UNINITIALIZED
                  0000a4100400    00001000     ti_dpl_config.obj (.bss.debug_mem_trace_buf)

.bss.log_shared_mem 
*          0    0000a7000000    00005000     NOLOAD SECTION
                  0000a7000000    00005000     ti_dpl_config.obj (.bss.log_shared_mem)

MODULE SUMMARY

       Module                            code     ro data   rw data
       ------                            ----     -------   -------
    obj/release/
[...]
0000a44f6730  ulCriticalNesting                         
0000a44f6734  ulPortTaskHasFPUContext                   
0000a44f6738  ulPortYieldRequired                       
0000a44f673c  ulPortInterruptNesting                    
0000a44f6740  ulPortSchedularRunning                    
0000a44f6744  uxPortIncorrectYieldCount                 
0000a44f6748  gTscISRLogIdx                             
0000a44f6750  gIpcNotifyInterruptConfigNum_mcu_r5fss0_0 
0000a44f6754  gIpcNotifyInterruptConfigNum_wkup_r5fss0_0
0000a44f6758  gIpcNotifyInterruptConfigNum_main_r5fss0_0
0000a44f675c  gIpcNotifyInterruptConfigNum_c75ss0_0     
0000a44f6760  gIpcNotifyInterruptConfigNum_c75ss1_0     
0000a44f6764  gIpcNotifyInterruptConfigNum_a53ss0_0     
0000a44f6768  gClockConfig                              
0000a44f6780  gRemoteCoreId                             
0000a44f67c4  gDebugMemLogSize                          
0000a44f67f8  gAddrTranslateConfig                      
0000a44f6808  __TI_cleanup_ptr                          
0000a44f6810  __TI_dtors_ptr                            
0000a44f6818  gMsgEchoCount                             
0000a44f681c  gMcuCoreID                                
0000a44f681d  gbShutdown                                
0000a44f681e  gbShutdownRemotecoreID                    
0000a44f681f  gIpcAckReplyMsgObjectPending              
0000a44f6820  gbSuspended                               
0000a44f6824  gNumBytesRead                             
0000a44f6828  gSocModulesClockFrequency                 
0000a44f6838  CacheP_Module_state                       
0000a44f6840  gTscDeltaCalib                            
0000a44f6848  gOsalHwiAllocCnt                          
0000a44f684c  gOsalHwiPeak                              
0000a44f6858  gMmuConfig                                
0000a44f6870  gSocModules                               
0000a44f6878  __c_args__                                
0000a4500000  __TI_printfi                              
0000a4502300  CycleCounterP_Module_startup              
0000a4504100  Exception_handler                         
0000a4504bc0  Hwi_dispatchAlways                        
0000a4505ec0  Exception_internalHandler                 
0000a4507c80  IpcNotify_init                            
0000a4508180  Exception_dispatch                        
0000a4509440  Sciclient_service                         
0000a4509840  ipc_rpmsg_send_messages                   
0000a450a300  TimerP_setup                              
0000a450a600  __TI_frcdivd                              
0000a450af00  xQueueSemaphoreTake                       
0000a450b200  SOC_moduleSetClockFrequency               
0000a450b4c0  xQueueGenericSend                         
0000a450b780  ClockP_init                               
0000a450ba00  RPMessage_recv                            
0000a450bc80  __c7xabi_divd                             
0000a450bf00  ipc_rpmsg_create_recv_tasks               
0000a450c180  xQueueReceive                             
0000a450c400  MmuP_init                                 
0000a450c640  RPMessage_send                            
0000a450c880  RPMessage_vringResetInternal              
0000a450cac0  TaskP_construct                           
0000a450cf40  xQueueGenericSendFromISR                  
0000a450d180  xTaskIncrementTick                        
0000a450d3c0  HwiP_construct                            
0000a450d5c0  RPMessage_init                            
0000a450d7c0  atoi                                      
0000a450d9c0  ipc_recv_task_main                        
0000a450dbc0  xQueueGiveFromISR                         
0000a450ddc0  xQueueReceiveFromISR                      
0000a450dfc0  xTaskResumeAll                            
0000a450e1c0  DebugP_memLogWriterPutChar                
0000a450e380  DebugP_shmLogWriterPutChar                
0000a450e540  Hwi_reconfig                              
0000a450e700  RPMessage_vringReset                      
0000a450e8c0  Sciclient_pmQueryModuleClkFreq            
0000a450ee00  TaskSupport_setupTaskStack                
0000a450f340  eTaskGetState                             
0000a450f500  vTaskPriorityDisinheritAfterTimeout       
0000a450f6c0  vTaskSwitchContext                        
0000a450f880  xQueueGenericCreateStatic                 
0000a450fa40  xTaskCreateStatic                         
0000a450fc00  xTaskPriorityDisinherit                   
0000a450fdc0  xTaskPriorityInherit                      
0000a450ff80  CSL_clecConfigEvent                       
0000a4510100  IpcNotify_isr                             
0000a4510280  IpcNotify_sendMsg                         
0000a4510400  MmuP_map                                  
0000a4510580  RPMessage_Params_init                     
0000a4510700  RPMessage_recvHandler                     
0000a4510880  RPMessage_vringGetEmptyTxBuf              
0000a4510a00  Sciclient_pmGetModuleClkNumParent         
0000a4510b80  Sciclient_pmGetModuleClkParent            
0000a4510d00  Sciclient_pmGetModuleState                
0000a4510e80  Sciclient_pmModuleGetClkStatus            
0000a4511480  ldexp                                     
0000a4511480  ldexpl                                    
0000a4511480  scalbn                                    
0000a4511480  scalbnl                                   
0000a4511600  vPortFree                                 
0000a4511780  vTaskDelete                               
0000a4511900  xTaskCheckForTimeOut                      
0000a4511a80  xTaskRemoveFromEventList                  
0000a4511c00  DebugP_memTraceLogWriterPutLine           
0000a4511d40  DebugP_shmLogWriterPutLine                
0000a4511e80  Hwi_Module_startup                        
0000a4511fc0  RPMessage_coreInit                        
0000a4512100  RPMessage_vringGetFullRxBuf               
0000a4512240  RPMessage_vringPutEmptyRxBuf              
0000a4512380  RPMessage_vringPutFullTxBuf               
0000a45124c0  RPMessage_vringResetLinux                 
0000a4512600  SOC_controlModuleLockMMR                  
0000a4512740  SOC_controlModuleUnlockMMR                
0000a4512880  Sciclient_pmSetModuleClkFreq              
0000a45129c0  System_init                               
0000a4512b00  TaskP_loadUpdateAll                       
0000a4512c40  __c7xabi_divull                           
0000a4512d80  ipc_rp_mbox_callback                      
0000a4513280  vTaskStartScheduler                       
0000a45133c0  xQueueGenericReset                        
0000a4513500  xTimerGenericCommand                      
0000a4513640  AddrTranslateP_getLocalAddr               
0000a4513740  HwiP_configClec                           
0000a4513840  Hwi_getStackInfo                          
0000a4513940  IpcNotify_syncAll                         
0000a4513a40  IpcNotify_waitSync                        
0000a4513c40  Pinmux_unlockMMR                          
0000a4513d40  RPMessage_construct                       
0000a4513e40  RPMessage_getEndPtMsg                     
0000a4513f40  RPMessage_waitForLinuxReady               
0000a4514040  SOC_moduleClockEnable                     
0000a4514140  Sciclient_getContext                      
0000a4514240  Sciclient_init                            
0000a4514340  Sciclient_pmModuleClkRequest              
0000a4514440  Sciclient_pmSetModuleClkParent            
0000a4514540  Sciclient_pmSetModuleState                
0000a4514640  SemaphoreP_constructBinary                
0000a4514740  SemaphoreP_pend                           
0000a4514840  _DebugP_assert                            
0000a4514940  __c7xabi_fixdul                           
0000a4514a40  ipc_rpmsg_echo_main                       
0000a4514b40  main                                      
0000a4515140  vTaskGetInfo                              
0000a4515240  xQueueTakeMutexRecursive                  
0000a4515340  xTimerCreateTimerTask                     
0000a4515440  CSL_clecConfigEventLevel                  
0000a4515500  ClockP_getTimeUsec                        
0000a45155c0  Hwi_Instance_init                         
0000a4515680  Hwi_dispatchCore                          
0000a4515740  Hwi_setPriority                           
0000a4515800  IpcNotify_registerClient                  
0000a4515980  MmuP_setConfig                            
0000a4515a40  Module_clockEnable                        
0000a4515b00  Module_clockSetFrequency                  
0000a4515bc0  OsalCfgClecAccessCtrl                     
0000a4515c80  Pinmux_config                             
0000a4515d40  RPMessage_allocEndPtMsg                   
0000a4515e00  RPMessage_announce                        
0000a4515ec0  RPMessage_destruct                        
0000a4515f80  RPMessage_notifyCallback                  
0000a4516040  RPMessage_vringCheckEmptyTxBuf            
0000a4516100  RPMessage_vringIsFullRxBuf                
0000a45161c0  Sciclient_getCurrentContext               
0000a4516280  Sciclient_getDevId                        
0000a4516340  Sciclient_pmSetModuleRst                  
0000a45164c0  SemaphoreP_constructMutex                 
0000a4516580  SemaphoreP_post                           
0000a4516640  TaskSupport_buildTaskStack                
0000a4516700  TaskSupport_swap                          
0000a45167c0  _DebugP_logZone                           
0000a4516880  __TI_auto_init_nobinit_nopinit            
0000a4516940  __TI_ltoa                                 
0000a4516a00  __c7xabi_fixdli                           
0000a4516ac0  __c7xabi_fltlid                           
0000a4516b80  __c7xabi_fltuld                           
0000a4516d00  frexp                                     
0000a4516d00  frexpl                                    
0000a4516dc0  memcpy                                    
0000a4517240  snprintf                                  
0000a4517300  strncpy                                   
0000a45173c0  vListInsert                               
0000a4517480  vPortYield                                
0000a4517540  vQueueDelete                              
0000a4517600  vQueueWaitForMessageRestricted            
0000a45176c0  vTaskDelay                                
0000a4517780  vTaskPlaceOnEventList                     
0000a4517840  vTaskPlaceOnEventListRestricted           
0000a4517900  xQueueGiveMutexRecursive                  
0000a45179c0  CSL_clecClearEvent                        
0000a4517ac0  CacheP_disable                            
0000a4517b40  CacheP_enable                             
0000a4517bc0  CacheP_enableWB                           
0000a4517c40  CacheP_inv                                
0000a4517cc0  CacheP_wbInv                              
0000a4517d40  ClockP_usleep                             
0000a4517dc0  DebugP_shmLogWriterInit                   
0000a4517e40  Dpl_init                                  
0000a4517ec0  Exception_Module_startup                  
0000a4517f40  HwiP_disable                              
0000a4517fc0  HwiP_disableInt                           
0000a4518040  HwiP_restore                              
0000a45180c0  Hwi_construct                             
0000a4518140  Hwi_disableIER                            
0000a45181c0  Hwi_dispatchC                             
0000a4518240  Hwi_enableIER                             
0000a45182c0  Hwi_eventMap                              
0000a4518340  Hwi_postInit                              
0000a45183c0  Hwi_secureStart                           
0000a4518440  Hwi_switchAndDispatch                     
0000a45184c0  Hwi_switchToNS                            
0000a4518640  IpcNotify_unregisterClient                
0000a4518740  MmuP_disable                              
0000a45187c0  MmuP_enable                               
0000a4518840  RPMessage_controlEndPtHandler             
0000a45188c0  RPMessage_controlEndPtInit                
0000a4518940  RPMessage_freeEndPtMsg                    
0000a45189c0  RPMessage_putEndPtMsg                     
0000a4518ac0  RPMessage_vringGetSize                    
0000a4518cc0  _DebugP_assertNoLog                       
0000a4518d40  _args_main                                
0000a4518ec0  memset                                    
0000a45192c0  Task_exit                                 
0000a4519340  pxPortInitialiseStack                     
0000a45193c0  snprintf_                                 
0000a4519440  strlen                                    
0000a45194c0  vApplicationLoadHook                      
0000a4519540  vApplicationStackOverflowHook             
0000a45195c0  vPortAssertIfInISR                        
0000a4519640  vPortYieldAsyncFromISR                    
0000a45196c0  vTaskEnterCritical                        
0000a4519740  vTaskExitCritical                         
0000a45197c0  vprintf_                                  
0000a4519840  wcslen                                    
0000a45198c0  xQueueCreateMutexStatic                   
0000a4519940  xTaskGetIdleTaskHandle                    
0000a45199c0  Board_driversClose                        
0000a4519a00  Board_driversOpen                         
0000a4519a40  Board_init                                
0000a4519d00  CSL_clecGetC7xClusterId                   
0000a4519d40  CSL_secProxyGetDataAddr                   
0000a4519d80  CacheP_Module_startup                     
0000a4519dc0  CacheP_getL1DCFG                          
0000a4519e00  CacheP_setL1DCFG                          
0000a4519e40  CacheP_wait                               
0000a4519e80  ClockP_getTicks                           
0000a4519ec0  ClockP_getTimerCount                      
0000a4519f40  ClockP_ticksToUsec                        
0000a4519f80  ClockP_timerClearOverflowInt              
0000a4519fc0  ClockP_timerTickIsr                       
0000a451a000  ClockP_usecToTicks                        
0000a451a040  DebugP_memLogWriterInit                   
0000a451a080  Drivers_close                             
0000a451a0c0  Drivers_open                              
0000a451a180  HwiP_Params_init                          
0000a451a1c0  HwiP_enable                               
0000a451a200  HwiP_enableInt                            
0000a451a240  HwiP_inISR                                
0000a451a280  HwiP_init                                 
0000a451a2c0  Hwi_Params__init__S                       
0000a451a300  Hwi_Params_init                           
0000a451a340  Hwi_disable                               
0000a451a380  Hwi_enable                                
0000a451a3c0  Hwi_getCXM                                
0000a451a400  Hwi_getEventId                            
0000a451a440  Hwi_getIsrStackAddress                    
0000a451a4c0  Hwi_restore                               
0000a451a500  Hwi_setCOP                                
0000a451a540  Hwi_switchFromBootStack                   
0000a451a580  IntrinsicsSupport_maxbit                  
0000a451a5c0  IntrinsicsSupport_mfence                  
0000a451a600  IpcNotify_Params_init                     
0000a451a640  IpcNotify_getConfig                       
0000a451a680  IpcNotify_getSelfCoreId                   
0000a451a6c0  IpcNotify_isCoreEnabled                   
0000a451a8c0  IpcNotify_sendSync                        
0000a451a900  IpcNotify_syncCallback                    
0000a451a940  MmuP_disableI                             
0000a451a980  MmuP_enableI                              
0000a451a9c0  MmuP_enableI_secure                       
0000a451aa40  MmuP_isEnabled                            
0000a451aa80  MmuP_setMAIRAsm                           
0000a451aac0  MmuP_setTCR                               
0000a451ab00  MmuP_tlbInvAll                            
0000a451ab40  Mmu_init                                  
0000a451ab80  Pinmux_init                               
0000a451abc0  PowerClock_init                           
0000a451ac00  RPMessage_CreateParams_init               
0000a451ac80  RPMessage_getLocalEndPt                   
0000a451acc0  RPMessage_isLinuxCore                     
0000a451ad80  RPMessage_unblock                         
0000a451adc0  RPMessage_vringGetRxBufAddr               
0000a451ae00  RPMessage_vringGetTxBufAddr               
0000a451ae40  RPMessage_vringGetTxBufLen                
0000a451ae80  SOC_getCoreName                           
0000a451af80  SemaphoreP_destruct                       
0000a451afc0  TaskP_Params_init                         
0000a451b040  TaskSupport_getStackAlignment             
0000a451b080  TaskSupport_glue                          
0000a451b0c0  TaskSupport_glueUnpriv                    
0000a451b100  Task_enter                                
0000a451b140  TimerP_Params_init                        
0000a451b180  TimerP_clearOverflowInt                   
0000a451b1c0  TimerP_getCount                           
0000a451b200  TimerP_getReloadCount                     
0000a451b240  TimerP_start                              
0000a451b280  TimerP_stop                               
0000a451b2c0  Utils_dataAndInstructionBarrier           
0000a451b300  __c7xabi_fixdlli                          
0000a451b340  __c7xabi_fixdull                          
0000a451b380  __c7xabi_fltllid                          
0000a451b3c0  __c7xabi_fltulld                          
0000a451b400  __c7xabi_remull                           
0000a451b440  _c_int00                                  
0000a451b5c0  _system_post_cinit                        
0000a451b600  _system_pre_init                          
0000a451b640  C$$EXIT                                   
0000a451b640  abort                                     
0000a451b680  c7x_startup_init                          
0000a451b6c0  copysign                                  
0000a451b6c0  copysignl                                 
0000a451b700  exit                                      
0000a451b740  freertos_main                             
0000a451b780  memccpy                                   
0000a451b900  putchar_                                  
0000a451b940  pvTaskIncrementMutexHeldCount             
0000a451b980  ti_sysbios_knl_Task_Func                  
0000a451b9c0  uiPortGetRunTimeCounterValue              
0000a451ba00  uxListRemove                              
0000a451ba40  vApplicationGetIdleTaskMemory             
0000a451ba80  vApplicationGetTimerTaskMemory            
0000a451bac0  vApplicationIdleHook                      
0000a451bb00  vListInitialise                           
0000a451bb40  vListInitialiseItem                       
0000a451bb80  vListInsertEnd                            
0000a451bbc0  vPortConfigTimerForRunTimeStats           
0000a451bc00  vPortRestoreTaskContext                   
0000a451bc40  vPortTimerTickHandler                     
0000a451bc80  vPortValidateInterruptPriority            
0000a451bcc0  vPortYeildFromISR                         
0000a451bd00  vQueueAddToRegistry                       
0000a451bd40  vQueueUnregisterQueue                     
0000a451bd80  vTaskInternalSetTimeOutState              
0000a451bdc0  vTaskMissedYield                          
0000a451be00  vTaskSuspendAll                           
0000a451be40  xPortInIsrContext                         
0000a451be80  xPortStartScheduler                       
0000a451bec0  xTaskGetCurrentTaskHandle                 
0000a451bf00  xTaskGetSchedulerState                    
0000a451bf40  xTaskGetTickCount                         
0000a4600000  _c_int00_secure                           
0000a7000000  gDebugShmLog                              
UNDEFED       __TI_CINIT_Base                           
UNDEFED       __TI_CINIT_Limit                          
UNDEFED       __TI_Handler_Table_Base                   
UNDEFED       __TI_Handler_Table_Limit                  

[402 symbols]
